******************************************************************************
                  TI ARM Linker PC v15.12.1                    
******************************************************************************
>> Linked Wed Apr 05 21:43:43 2017

OUTPUT FILE NAME:   <SE - teste UART.out>
ENTRY POINT SYMBOL: "_c_int00"  address: 00000875


MEMORY CONFIGURATION

         name            origin    length      used     unused   attr    fill
----------------------  --------  ---------  --------  --------  ----  --------
  FLASH                 00000000   00040000  000009e0  0003f620  R  X
  SRAM                  20000000   00008000  00000218  00007de8  RW X


SEGMENT ALLOCATION MAP

run origin  load origin   length   init length attrs members
----------  ----------- ---------- ----------- ----- -------
00000000    00000000    000009e0   000009e0    r-x
  00000000    00000000    0000026c   0000026c    r-- .intvecs
  0000026c    0000026c    0000074c   0000074c    r-x .text
  000009b8    000009b8    00000028   00000028    r-- .cinit
20000000    20000000    00000218   00000000    rw-
  20000000    20000000    00000200   00000000    rw- .stack
  20000200    20000200    00000018   00000000    rw- .data


SECTION ALLOCATION MAP

 output                                  attributes/
section   page    origin      length       input sections
--------  ----  ----------  ----------   ----------------
.intvecs   0    00000000    0000026c     
                  00000000    0000026c     tm4c123gh6pm_startup_ccs.obj (.intvecs)

.text      0    0000026c    0000074c     
                  0000026c    000002a8     UART.obj (.text)
                  00000514    0000016c     main.obj (.text)
                  00000680    0000009c     rtsv7M4_T_le_v4SPD16_eabi.lib : memcpy_t2.obj (.text)
                  0000071c    0000007a                                   : memset_t2.obj (.text)
                  00000796    00000002                                   : mpu_init.obj (.text)
                  00000798    00000070                                   : autoinit.obj (.text)
                  00000808    0000006a                                   : copy_decompress_rle.obj (.text)
                  00000872    00000002                                   : startup.obj (.text)
                  00000874    00000054                                   : boot.obj (.text)
                  000008c8    00000054                                   : exit.obj (.text)
                  0000091c    0000004c                                   : cpy_tbl.obj (.text)
                  00000968    00000018                                   : args_main.obj (.text)
                  00000980    00000014                                   : _lock.obj (.text)
                  00000994    0000000e                                   : copy_decompress_none.obj (.text:decompress:none)
                  000009a2    0000000c     tm4c123gh6pm_startup_ccs.obj (.text)
                  000009ae    00000006     rtsv7M4_T_le_v4SPD16_eabi.lib : copy_decompress_rle.obj (.text:decompress:rle24)
                  000009b4    00000004                                   : pre_init.obj (.text)

.cinit     0    000009b8    00000028     
                  000009b8    00000016     (.cinit..data.load) [load image, compression = rle]
                  000009ce    00000002     --HOLE-- [fill = 0]
                  000009d0    00000008     (__TI_handler_table)
                  000009d8    00000008     (__TI_cinit_table)

.init_array 
*          0    00000000    00000000     UNINITIALIZED

.stack     0    20000000    00000200     UNINITIALIZED
                  20000000    00000200     --HOLE--

.data      0    20000200    00000018     UNINITIALIZED
                  20000200    0000000c     rtsv7M4_T_le_v4SPD16_eabi.lib : exit.obj (.data:$O1$$)
                  2000020c    00000008                                   : _lock.obj (.data:$O1$$)
                  20000214    00000004                                   : stkdepth_vars.obj (.data)

MODULE SUMMARY

       Module                         code   ro data   rw data
       ------                         ----   -------   -------
    .\
       UART.obj                       680    0         0      
       tm4c123gh6pm_startup_ccs.obj   12     620       0      
       main.obj                       364    0         0      
    +--+------------------------------+------+---------+---------+
       Total:                         1056   620       0      
                                                              
    C:\ti\ccsv6\tools\compiler\ti-cgt-arm_15.12.1.LTS\lib\rtsv7M4_T_le_v4SPD16_eabi.lib
       memcpy_t2.obj                  156    0         0      
       memset_t2.obj                  122    0         0      
       autoinit.obj                   112    0         0      
       copy_decompress_rle.obj        112    0         0      
       exit.obj                       84     0         12     
       boot.obj                       84     0         0      
       cpy_tbl.obj                    76     0         0      
       _lock.obj                      20     0         8      
       args_main.obj                  24     0         0      
       copy_decompress_none.obj       14     0         0      
       pre_init.obj                   4      0         0      
       stkdepth_vars.obj              0      0         4      
       mpu_init.obj                   2      0         0      
       startup.obj                    2      0         0      
    +--+------------------------------+------+---------+---------+
       Total:                         812    0         24     
                                                              
       Stack:                         0      0         512    
       Linker Generated:              0      38        0      
    +--+------------------------------+------+---------+---------+
       Grand Total:                   1868   658       536    


LINKER GENERATED COPY TABLES

__TI_cinit_table @ 000009d8 records: 1, size/record: 8, table size: 8
	.data: load addr=000009b8, load size=00000016 bytes, run addr=20000200, run size=00000018 bytes, compression=rle


LINKER GENERATED HANDLER TABLE

__TI_handler_table @ 000009d0 records: 2, size/record: 4, table size: 8
	index: 0, handler: __TI_decompress_rle24
	index: 1, handler: __TI_decompress_none


GLOBAL SYMBOLS: SORTED ALPHABETICALLY BY Name 

address   name                           
-------   ----                           
000008c9  C$$EXIT                        
000009a3  ResetISR                       
UNDEFED   SHT$$INIT_ARRAY$$Base          
UNDEFED   SHT$$INIT_ARRAY$$Limit         
20000200  __STACK_END                    
00000200  __STACK_SIZE                   
20000200  __STACK_TOP                    
000009d8  __TI_CINIT_Base                
000009e0  __TI_CINIT_Limit               
000009d0  __TI_Handler_Table_Base        
000009d8  __TI_Handler_Table_Limit       
00000799  __TI_auto_init                 
20000200  __TI_cleanup_ptr               
00000995  __TI_decompress_none           
000009af  __TI_decompress_rle24          
20000204  __TI_dtors_ptr                 
20000208  __TI_enable_exit_profile_output
ffffffff  __TI_pprof_out_hndl            
ffffffff  __TI_prof_data_size            
ffffffff  __TI_prof_data_start           
00000000  __TI_static_base__             
0000071d  __aeabi_memclr                 
0000071d  __aeabi_memclr4                
0000071d  __aeabi_memclr8                
00000681  __aeabi_memcpy                 
00000681  __aeabi_memcpy4                
00000681  __aeabi_memcpy8                
0000071f  __aeabi_memset                 
0000071f  __aeabi_memset4                
0000071f  __aeabi_memset8                
ffffffff  __binit__                      
ffffffff  __c_args__                     
00000797  __mpu_init                     
20000000  __stack                        
00000969  _args_main                     
00000875  _c_int00                       
2000020c  _lock                          
0000098f  _nop                           
00000987  _register_lock                 
00000981  _register_unlock               
00000873  _system_post_cinit             
000009b5  _system_pre_init               
20000210  _unlock                        
000008cd  abort                          
ffffffff  binit                          
0000091d  copy_in                        
00000449  escrever                       
000008d5  exit                           
00000000  g_pfnVectors                   
0000026d  inicializarPLL                 
000002dd  inicializarUART                
00000473  ler                            
00000569  main                           
20000214  main_func_sp                   
00000681  memcpy                         
00000725  memset                         
00000515  piscarLED                      


GLOBAL SYMBOLS: SORTED BY Symbol Address 

address   name                           
-------   ----                           
00000000  __TI_static_base__             
00000000  g_pfnVectors                   
00000200  __STACK_SIZE                   
0000026d  inicializarPLL                 
000002dd  inicializarUART                
00000449  escrever                       
00000473  ler                            
00000515  piscarLED                      
00000569  main                           
00000681  __aeabi_memcpy                 
00000681  __aeabi_memcpy4                
00000681  __aeabi_memcpy8                
00000681  memcpy                         
0000071d  __aeabi_memclr                 
0000071d  __aeabi_memclr4                
0000071d  __aeabi_memclr8                
0000071f  __aeabi_memset                 
0000071f  __aeabi_memset4                
0000071f  __aeabi_memset8                
00000725  memset                         
00000797  __mpu_init                     
00000799  __TI_auto_init                 
00000873  _system_post_cinit             
00000875  _c_int00                       
000008c9  C$$EXIT                        
000008cd  abort                          
000008d5  exit                           
0000091d  copy_in                        
00000969  _args_main                     
00000981  _register_unlock               
00000987  _register_lock                 
0000098f  _nop                           
00000995  __TI_decompress_none           
000009a3  ResetISR                       
000009af  __TI_decompress_rle24          
000009b5  _system_pre_init               
000009d0  __TI_Handler_Table_Base        
000009d8  __TI_CINIT_Base                
000009d8  __TI_Handler_Table_Limit       
000009e0  __TI_CINIT_Limit               
20000000  __stack                        
20000200  __STACK_END                    
20000200  __STACK_TOP                    
20000200  __TI_cleanup_ptr               
20000204  __TI_dtors_ptr                 
20000208  __TI_enable_exit_profile_output
2000020c  _lock                          
20000210  _unlock                        
20000214  main_func_sp                   
ffffffff  __TI_pprof_out_hndl            
ffffffff  __TI_prof_data_size            
ffffffff  __TI_prof_data_start           
ffffffff  __binit__                      
ffffffff  __c_args__                     
ffffffff  binit                          
UNDEFED   SHT$$INIT_ARRAY$$Base          
UNDEFED   SHT$$INIT_ARRAY$$Limit         

[57 symbols]
