******************************************************************************
                  TI ARM Linker PC v5.2.4                      
******************************************************************************
>> Linked Wed Oct 07 09:15:16 2015

OUTPUT FILE NAME:   <Trabalho Piano.out>
ENTRY POINT SYMBOL: "_c_int00"  address: 00000ac1


MEMORY CONFIGURATION

         name            origin    length      used     unused   attr    fill
----------------------  --------  ---------  --------  --------  ----  --------
  FLASH                 00000000   00040000  00000fbc  0003f044  R  X
  SRAM                  20000000   00008000  00000214  00007dec  RW X


SEGMENT ALLOCATION MAP

run origin  load origin   length   init length attrs members
----------  ----------- ---------- ----------- ----- -------
00000000    00000000    00000fc0   00000fc0    r-x
  00000000    00000000    0000026c   0000026c    r-- .intvecs
  0000026c    0000026c    00000bc4   00000bc4    r-x .text
  00000e30    00000e30    0000016c   0000016c    r-- .const
  00000fa0    00000fa0    00000020   00000020    r-- .cinit
20000000    20000000    00000214   00000000    rw-
  20000000    20000000    00000200   00000000    rw- .stack
  20000200    20000200    00000014   00000000    rw- .data


SECTION ALLOCATION MAP

 output                                  attributes/
section   page    origin      length       input sections
--------  ----  ----------  ----------   ----------------
.intvecs   0    00000000    0000026c     
                  00000000    0000026c     tm4c123gh6pm_startup_ccs.obj (.intvecs)

.text      0    0000026c    00000bc4     
                  0000026c    000002cc     main.obj (.text)
                  00000538    00000130     driverlib.lib : gpio.obj (.text:GPIOPadConfigSet)
                  00000668    00000118                   : sysctl.obj (.text:SysCtlClockGet)
                  00000780    000000f0                   : sysctl.obj (.text:SysCtlClockSet)
                  00000870    0000009c     rtsv7M4_T_le_v4SPD16_eabi.lib : memcpy_t2.obj (.text)
                  0000090c    0000007a                                   : memset_t2.obj (.text)
                  00000986    00000002     --HOLE-- [fill = 0]
                  00000988    0000006c                                   : autoinit.obj (.text)
                  000009f4    0000006a                                   : copy_decompress_rle.obj (.text)
                  00000a5e    00000002     --HOLE-- [fill = 0]
                  00000a60    00000060     driverlib.lib : interrupt.obj (.text:IntEnable)
                  00000ac0    00000050     rtsv7M4_T_le_v4SPD16_eabi.lib : boot.obj (.text)
                  00000b10    0000004c                                   : cpy_tbl.obj (.text)
                  00000b5c    00000048     driverlib.lib : gpio.obj (.text:GPIOPinConfigure)
                  00000ba4    00000044     rtsv7M4_T_le_v4SPD16_eabi.lib : exit.obj (.text)
                  00000be8    00000040     driverlib.lib : uart.obj (.text:UARTConfigSetExpClk)
                  00000c28    00000034                   : sysctl.obj (.text:SysCtlPeripheralEnable)
                  00000c5c    0000002a                   : gpio.obj (.text:GPIODirModeSet)
                  00000c86    00000022                   : pwm.obj (.text:PWMGenConfigure)
                  00000ca8    0000001e                   : pwm.obj (.text:PWMPulseWidthSet)
                  00000cc6    00000002     --HOLE-- [fill = 0]
                  00000cc8    0000001c                   : uart.obj (.text:UARTDisable)
                  00000ce4    00000018                   : gpio.obj (.text:GPIOPinTypeGPIOOutput)
                  00000cfc    00000018     rtsv7M4_T_le_v4SPD16_eabi.lib : args_main.obj (.text)
                  00000d14    00000014     driverlib.lib : sysctl.obj (.text:SysCtlPWMClockSet)
                  00000d28    00000014                   : uart.obj (.text:UARTEnable)
                  00000d3c    00000014     rtsv7M4_T_le_v4SPD16_eabi.lib : _lock.obj (.text)
                  00000d50    00000012     driverlib.lib : gpio.obj (.text:GPIOPinTypePWM)
                  00000d62    00000012                   : gpio.obj (.text:GPIOPinTypeUART)
                  00000d74    00000012                   : pwm.obj (.text:PWMOutputState)
                  00000d86    00000010                   : pwm.obj (.text:PWMGenPeriodSet)
                  00000d96    0000000e                   : uart.obj (.text:UARTCharGetNonBlocking)
                  00000da4    0000000e                   : uart.obj (.text:UARTCharPutNonBlocking)
                  00000db2    0000000e     rtsv7M4_T_le_v4SPD16_eabi.lib : copy_decompress_none.obj (.text:decompress:none)
                  00000dc0    0000000c     driverlib.lib : cpu.obj (.text:CPUcpsie)
                  00000dcc    0000000c                   : pwm.obj (.text:PWMGenEnable)
                  00000dd8    0000000c                   : uart.obj (.text:UARTCharsAvail)
                  00000de4    0000000c     tm4c123gh6pm_startup_ccs.obj (.text)
                  00000df0    0000000a     driverlib.lib : interrupt.obj (.text:IntMasterEnable)
                  00000dfa    0000000a                   : uart.obj (.text:UARTCharGet)
                  00000e04    0000000a                   : uart.obj (.text:UARTIntStatus)
                  00000e0e    00000008                   : uart.obj (.text:UARTIntEnable)
                  00000e16    00000006                   : gpio.obj (.text:GPIOPinWrite)
                  00000e1c    00000006                   : sysctl.obj (.text:SysCtlDelay)
                  00000e22    00000006     rtsv7M4_T_le_v4SPD16_eabi.lib : copy_decompress_rle.obj (.text:decompress:rle24)
                  00000e28    00000004     driverlib.lib : uart.obj (.text:UARTIntClear)
                  00000e2c    00000004     rtsv7M4_T_le_v4SPD16_eabi.lib : pre_init.obj (.text)

.const     0    00000e30    0000016c     
                  00000e30    00000090     driverlib.lib : gpio.obj (.const:g_pui32GPIOBaseAddrs)
                  00000ec0    00000070                   : interrupt.obj (.const)
                  00000f30    0000006c                   : sysctl.obj (.const:g_pui32Xtals)

.cinit     0    00000fa0    00000020     
                  00000fa0    0000000f     (.cinit..data.load) [load image, compression = rle]
                  00000faf    00000001     --HOLE-- [fill = 0]
                  00000fb0    00000008     (__TI_handler_table)
                  00000fb8    00000008     (__TI_cinit_table)

.init_array 
*          0    00000000    00000000     UNINITIALIZED

.stack     0    20000000    00000200     UNINITIALIZED
                  20000000    00000200     --HOLE--

.data      0    20000200    00000014     UNINITIALIZED
                  20000200    00000008     rtsv7M4_T_le_v4SPD16_eabi.lib : _lock.obj (.data)
                  20000208    00000008                                   : exit.obj (.data)
                  20000210    00000004                                   : stkdepth_vars.obj (.data)

.TI.persistent 
*          0    20000200    00000000     UNINITIALIZED


LINKER GENERATED COPY TABLES

__TI_cinit_table @ 00000fb8 records: 1, size/record: 8, table size: 8
	.data: load addr=00000fa0, load size=0000000f bytes, run addr=20000200, run size=00000014 bytes, compression=rle


LINKER GENERATED HANDLER TABLE

__TI_handler_table @ 00000fb0 records: 2, size/record: 4, table size: 8
	index: 0, handler: __TI_decompress_rle24
	index: 1, handler: __TI_decompress_none


GLOBAL SYMBOLS: SORTED ALPHABETICALLY BY Name 

address   name                    
-------   ----                    
00000ba5  C$$EXIT                 
00000dc1  CPUcpsie                
00000c5d  GPIODirModeSet          
00000539  GPIOPadConfigSet        
00000b5d  GPIOPinConfigure        
00000ce5  GPIOPinTypeGPIOOutput   
00000d51  GPIOPinTypePWM          
00000d63  GPIOPinTypeUART         
00000e17  GPIOPinWrite            
00000a61  IntEnable               
00000df1  IntMasterEnable         
00000c87  PWMGenConfigure         
00000dcd  PWMGenEnable            
00000d87  PWMGenPeriodSet         
00000d75  PWMOutputState          
00000ca9  PWMPulseWidthSet        
00000de5  ResetISR                
UNDEFED   SHT$$INIT_ARRAY$$Base   
UNDEFED   SHT$$INIT_ARRAY$$Limit  
00000669  SysCtlClockGet          
00000781  SysCtlClockSet          
00000e1d  SysCtlDelay             
00000d15  SysCtlPWMClockSet       
00000c29  SysCtlPeripheralEnable  
00000dfb  UARTCharGet             
00000d97  UARTCharGetNonBlocking  
00000da5  UARTCharPutNonBlocking  
00000dd9  UARTCharsAvail          
00000be9  UARTConfigSetExpClk     
00000cc9  UARTDisable             
00000d29  UARTEnable              
00000e29  UARTIntClear            
00000e0f  UARTIntEnable           
0000028d  UARTIntHandler          
00000e05  UARTIntStatus           
20000200  __STACK_END             
00000200  __STACK_SIZE            
20000200  __STACK_TOP             
00000fb8  __TI_CINIT_Base         
00000fc0  __TI_CINIT_Limit        
00000fb0  __TI_Handler_Table_Base 
00000fb8  __TI_Handler_Table_Limit
00000989  __TI_auto_init          
20000208  __TI_cleanup_ptr        
00000db3  __TI_decompress_none    
00000e23  __TI_decompress_rle24   
2000020c  __TI_dtors_ptr          
00000000  __TI_static_base__      
0000090d  __aeabi_memclr          
0000090d  __aeabi_memclr4         
0000090d  __aeabi_memclr8         
00000871  __aeabi_memcpy          
00000871  __aeabi_memcpy4         
00000871  __aeabi_memcpy8         
0000090f  __aeabi_memset          
0000090f  __aeabi_memset4         
0000090f  __aeabi_memset8         
ffffffff  __binit__               
ffffffff  __c_args__              
20000000  __stack                 
00000cfd  _args_main              
00000ac1  _c_int00                
20000200  _lock                   
00000d4b  _nop                    
00000d43  _register_lock          
00000d3d  _register_unlock        
00000e2d  _system_pre_init        
20000204  _unlock                 
00000ba9  abort                   
ffffffff  binit                   
00000493  configuraPWM            
00000441  configuraUART           
00000b11  copy_in                 
00000bb1  exit                    
00000000  g_pfnVectors            
000004eb  main                    
20000210  main_func_sp            
00000871  memcpy                  
00000915  memset                  
0000026d  setFrequencia           


GLOBAL SYMBOLS: SORTED BY Symbol Address 

address   name                    
-------   ----                    
00000000  __TI_static_base__      
00000000  g_pfnVectors            
00000200  __STACK_SIZE            
0000026d  setFrequencia           
0000028d  UARTIntHandler          
00000441  configuraUART           
00000493  configuraPWM            
000004eb  main                    
00000539  GPIOPadConfigSet        
00000669  SysCtlClockGet          
00000781  SysCtlClockSet          
00000871  __aeabi_memcpy          
00000871  __aeabi_memcpy4         
00000871  __aeabi_memcpy8         
00000871  memcpy                  
0000090d  __aeabi_memclr          
0000090d  __aeabi_memclr4         
0000090d  __aeabi_memclr8         
0000090f  __aeabi_memset          
0000090f  __aeabi_memset4         
0000090f  __aeabi_memset8         
00000915  memset                  
00000989  __TI_auto_init          
00000a61  IntEnable               
00000ac1  _c_int00                
00000b11  copy_in                 
00000b5d  GPIOPinConfigure        
00000ba5  C$$EXIT                 
00000ba9  abort                   
00000bb1  exit                    
00000be9  UARTConfigSetExpClk     
00000c29  SysCtlPeripheralEnable  
00000c5d  GPIODirModeSet          
00000c87  PWMGenConfigure         
00000ca9  PWMPulseWidthSet        
00000cc9  UARTDisable             
00000ce5  GPIOPinTypeGPIOOutput   
00000cfd  _args_main              
00000d15  SysCtlPWMClockSet       
00000d29  UARTEnable              
00000d3d  _register_unlock        
00000d43  _register_lock          
00000d4b  _nop                    
00000d51  GPIOPinTypePWM          
00000d63  GPIOPinTypeUART         
00000d75  PWMOutputState          
00000d87  PWMGenPeriodSet         
00000d97  UARTCharGetNonBlocking  
00000da5  UARTCharPutNonBlocking  
00000db3  __TI_decompress_none    
00000dc1  CPUcpsie                
00000dcd  PWMGenEnable            
00000dd9  UARTCharsAvail          
00000de5  ResetISR                
00000df1  IntMasterEnable         
00000dfb  UARTCharGet             
00000e05  UARTIntStatus           
00000e0f  UARTIntEnable           
00000e17  GPIOPinWrite            
00000e1d  SysCtlDelay             
00000e23  __TI_decompress_rle24   
00000e29  UARTIntClear            
00000e2d  _system_pre_init        
00000fb0  __TI_Handler_Table_Base 
00000fb8  __TI_CINIT_Base         
00000fb8  __TI_Handler_Table_Limit
00000fc0  __TI_CINIT_Limit        
20000000  __stack                 
20000200  __STACK_END             
20000200  __STACK_TOP             
20000200  _lock                   
20000204  _unlock                 
20000208  __TI_cleanup_ptr        
2000020c  __TI_dtors_ptr          
20000210  main_func_sp            
ffffffff  __binit__               
ffffffff  __c_args__              
ffffffff  binit                   
UNDEFED   SHT$$INIT_ARRAY$$Base   
UNDEFED   SHT$$INIT_ARRAY$$Limit  

[80 symbols]
