******************************************************************************
                  TI ARM Linker PC v15.12.1                    
******************************************************************************
>> Linked Sat Apr 08 17:47:59 2017

OUTPUT FILE NAME:   <SE - Trabalho Sala.out>
ENTRY POINT SYMBOL: "_c_int00"  address: 00000d4d


MEMORY CONFIGURATION

         name            origin    length      used     unused   attr    fill
----------------------  --------  ---------  --------  --------  ----  --------
  FLASH                 00000000   00040000  00000ed4  0003f12c  R  X
  SRAM                  20000000   00008000  0000023c  00007dc4  RW X


SEGMENT ALLOCATION MAP

run origin  load origin   length   init length attrs members
----------  ----------- ---------- ----------- ----- -------
00000000    00000000    00000ed4   00000ed4    r-x
  00000000    00000000    0000026c   0000026c    r-- .intvecs
  0000026c    0000026c    00000c24   00000c24    r-x .text
  00000e90    00000e90    00000044   00000044    r-- .cinit
20000000    20000000    0000023c   00000000    rw-
  20000000    20000000    00000200   00000000    rw- .stack
  20000200    20000200    00000030   00000000    rw- .data
  20000230    20000230    0000000c   00000000    rw- .bss


SECTION ALLOCATION MAP

 output                                  attributes/
section   page    origin      length       input sections
--------  ----  ----------  ----------   ----------------
.intvecs   0    00000000    0000026c     
                  00000000    0000026c     tm4c123gh6pm_startup_ccs.obj (.intvecs)

.text      0    0000026c    00000c24     
                  0000026c    000005e4     Main.obj (.text)
                  00000850    000001ec     LCD.obj (.text)
                  00000a3c    0000011c     UART.obj (.text)
                  00000b58    0000009c     rtsv7M4_T_le_v4SPD16_eabi.lib : memcpy_t2.obj (.text)
                  00000bf4    0000007a                                   : memset_t2.obj (.text)
                  00000c6e    00000002                                   : mpu_init.obj (.text)
                  00000c70    00000070                                   : autoinit.obj (.text)
                  00000ce0    0000006a                                   : copy_decompress_rle.obj (.text)
                  00000d4a    00000002                                   : startup.obj (.text)
                  00000d4c    00000054                                   : boot.obj (.text)
                  00000da0    00000054                                   : exit.obj (.text)
                  00000df4    0000004c                                   : cpy_tbl.obj (.text)
                  00000e40    00000018                                   : args_main.obj (.text)
                  00000e58    00000014                                   : _lock.obj (.text)
                  00000e6c    0000000e                                   : copy_decompress_none.obj (.text:decompress:none)
                  00000e7a    0000000c     tm4c123gh6pm_startup_ccs.obj (.text)
                  00000e86    00000006     rtsv7M4_T_le_v4SPD16_eabi.lib : copy_decompress_rle.obj (.text:decompress:rle24)
                  00000e8c    00000004                                   : pre_init.obj (.text)

.cinit     0    00000e90    00000044     
                  00000e90    0000001a     (.cinit..data.load) [load image, compression = rle]
                  00000eaa    00000006     --HOLE-- [fill = 0]
                  00000eb0    00000009     (.cinit..bss.load) [load image, compression = rle]
                  00000eb9    00000003     --HOLE-- [fill = 0]
                  00000ebc    00000008     (__TI_handler_table)
                  00000ec4    00000010     (__TI_cinit_table)

.init_array 
*          0    00000000    00000000     UNINITIALIZED

.stack     0    20000000    00000200     UNINITIALIZED
                  20000000    00000200     --HOLE--

.data      0    20000200    00000030     UNINITIALIZED
                  20000200    00000018     Main.obj (.data)
                  20000218    0000000c     rtsv7M4_T_le_v4SPD16_eabi.lib : exit.obj (.data:$O1$$)
                  20000224    00000008                                   : _lock.obj (.data:$O1$$)
                  2000022c    00000004                                   : stkdepth_vars.obj (.data)

.bss       0    20000230    0000000c     UNINITIALIZED
                  20000230    00000008     (.common:login)
                  20000238    00000004     (.common:senha)

MODULE SUMMARY

       Module                         code   ro data   rw data
       ------                         ----   -------   -------
    .\
       Main.obj                       1508   0         36     
       tm4c123gh6pm_startup_ccs.obj   12     620       0      
       LCD.obj                        492    0         0      
       UART.obj                       284    0         0      
    +--+------------------------------+------+---------+---------+
       Total:                         2296   620       36     
                                                              
    C:\ti\ccsv6\tools\compiler\ti-cgt-arm_15.12.1.LTS\lib\rtsv7M4_T_le_v4SPD16_eabi.lib
       memcpy_t2.obj                  156    0         0      
       memset_t2.obj                  122    0         0      
       autoinit.obj                   112    0         0      
       copy_decompress_rle.obj        112    0         0      
       exit.obj                       84     0         12     
       boot.obj                       84     0         0      
       cpy_tbl.obj                    76     0         0      
       _lock.obj                      20     0         8      
       args_main.obj                  24     0         0      
       copy_decompress_none.obj       14     0         0      
       pre_init.obj                   4      0         0      
       stkdepth_vars.obj              0      0         4      
       mpu_init.obj                   2      0         0      
       startup.obj                    2      0         0      
    +--+------------------------------+------+---------+---------+
       Total:                         812    0         24     
                                                              
       Stack:                         0      0         512    
       Linker Generated:              0      59        0      
    +--+------------------------------+------+---------+---------+
       Grand Total:                   3108   679       572    


LINKER GENERATED COPY TABLES

__TI_cinit_table @ 00000ec4 records: 2, size/record: 8, table size: 16
	.data: load addr=00000e90, load size=0000001a bytes, run addr=20000200, run size=00000030 bytes, compression=rle
	.bss: load addr=00000eb0, load size=00000009 bytes, run addr=20000230, run size=0000000c bytes, compression=rle


LINKER GENERATED HANDLER TABLE

__TI_handler_table @ 00000ebc records: 2, size/record: 4, table size: 8
	index: 0, handler: __TI_decompress_rle24
	index: 1, handler: __TI_decompress_none


GLOBAL SYMBOLS: SORTED ALPHABETICALLY BY Name 

address   name                           
-------   ----                           
00000da1  C$$EXIT                        
000005ab  PORTF_INT                      
00000e7b  ResetISR                       
UNDEFED   SHT$$INIT_ARRAY$$Base          
UNDEFED   SHT$$INIT_ARRAY$$Limit         
00000367  UART_INT                       
20000200  __STACK_END                    
00000200  __STACK_SIZE                   
20000200  __STACK_TOP                    
00000ec4  __TI_CINIT_Base                
00000ed4  __TI_CINIT_Limit               
00000ebc  __TI_Handler_Table_Base        
00000ec4  __TI_Handler_Table_Limit       
00000c71  __TI_auto_init                 
20000218  __TI_cleanup_ptr               
00000e6d  __TI_decompress_none           
00000e87  __TI_decompress_rle24          
2000021c  __TI_dtors_ptr                 
20000220  __TI_enable_exit_profile_output
ffffffff  __TI_pprof_out_hndl            
ffffffff  __TI_prof_data_size            
ffffffff  __TI_prof_data_start           
00000000  __TI_static_base__             
00000bf5  __aeabi_memclr                 
00000bf5  __aeabi_memclr4                
00000bf5  __aeabi_memclr8                
00000b59  __aeabi_memcpy                 
00000b59  __aeabi_memcpy4                
00000b59  __aeabi_memcpy8                
00000bf7  __aeabi_memset                 
00000bf7  __aeabi_memset4                
00000bf7  __aeabi_memset8                
ffffffff  __binit__                      
ffffffff  __c_args__                     
00000c6f  __mpu_init                     
20000000  __stack                        
00000e41  _args_main                     
00000d4d  _c_int00                       
20000224  _lock                          
00000e67  _nop                           
00000e5f  _register_lock                 
00000e59  _register_unlock               
00000d4b  _system_post_cinit             
00000e8d  _system_pre_init               
20000228  _unlock                        
00000da5  abort                          
ffffffff  binit                          
0000095f  clear                          
000002e5  comparar                       
20000200  contadorCol                    
20000204  contadorLin                    
00000df5  copy_in                        
00000851  delay                          
20000214  entrada                        
00000ad3  escrever                       
00000dad  exit                           
00000000  g_pfnVectors                   
0000029b  imprimeMenu                    
0000026d  imprimePessoas                 
00000511  inicializarADC                 
000008ad  inicializarLCD                 
000005f5  inicializarLed                 
00000571  inicializarSwitch              
00000a3d  inicializarUART                
20000230  login                          
00000649  main                           
2000022c  main_func_sp                   
00000b59  memcpy                         
00000bfd  memset                         
00000879  outCmd                         
2000020c  pessoas1                       
20000210  pessoas2                       
00000347  piscarLed                      
0000092b  printChar                      
0000098f  printInt                       
00000971  printString                    
20000208  sala                           
20000238  senha                          
000009bf  setCursor                      
00000aef  uartEscrever                   
00000b0d  uartLer                        
0000031b  validarEntrada                 


GLOBAL SYMBOLS: SORTED BY Symbol Address 

address   name                           
-------   ----                           
00000000  __TI_static_base__             
00000000  g_pfnVectors                   
00000200  __STACK_SIZE                   
0000026d  imprimePessoas                 
0000029b  imprimeMenu                    
000002e5  comparar                       
0000031b  validarEntrada                 
00000347  piscarLed                      
00000367  UART_INT                       
00000511  inicializarADC                 
00000571  inicializarSwitch              
000005ab  PORTF_INT                      
000005f5  inicializarLed                 
00000649  main                           
00000851  delay                          
00000879  outCmd                         
000008ad  inicializarLCD                 
0000092b  printChar                      
0000095f  clear                          
00000971  printString                    
0000098f  printInt                       
000009bf  setCursor                      
00000a3d  inicializarUART                
00000ad3  escrever                       
00000aef  uartEscrever                   
00000b0d  uartLer                        
00000b59  __aeabi_memcpy                 
00000b59  __aeabi_memcpy4                
00000b59  __aeabi_memcpy8                
00000b59  memcpy                         
00000bf5  __aeabi_memclr                 
00000bf5  __aeabi_memclr4                
00000bf5  __aeabi_memclr8                
00000bf7  __aeabi_memset                 
00000bf7  __aeabi_memset4                
00000bf7  __aeabi_memset8                
00000bfd  memset                         
00000c6f  __mpu_init                     
00000c71  __TI_auto_init                 
00000d4b  _system_post_cinit             
00000d4d  _c_int00                       
00000da1  C$$EXIT                        
00000da5  abort                          
00000dad  exit                           
00000df5  copy_in                        
00000e41  _args_main                     
00000e59  _register_unlock               
00000e5f  _register_lock                 
00000e67  _nop                           
00000e6d  __TI_decompress_none           
00000e7b  ResetISR                       
00000e87  __TI_decompress_rle24          
00000e8d  _system_pre_init               
00000ebc  __TI_Handler_Table_Base        
00000ec4  __TI_CINIT_Base                
00000ec4  __TI_Handler_Table_Limit       
00000ed4  __TI_CINIT_Limit               
20000000  __stack                        
20000200  __STACK_END                    
20000200  __STACK_TOP                    
20000200  contadorCol                    
20000204  contadorLin                    
20000208  sala                           
2000020c  pessoas1                       
20000210  pessoas2                       
20000214  entrada                        
20000218  __TI_cleanup_ptr               
2000021c  __TI_dtors_ptr                 
20000220  __TI_enable_exit_profile_output
20000224  _lock                          
20000228  _unlock                        
2000022c  main_func_sp                   
20000230  login                          
20000238  senha                          
ffffffff  __TI_pprof_out_hndl            
ffffffff  __TI_prof_data_size            
ffffffff  __TI_prof_data_start           
ffffffff  __binit__                      
ffffffff  __c_args__                     
ffffffff  binit                          
UNDEFED   SHT$$INIT_ARRAY$$Base          
UNDEFED   SHT$$INIT_ARRAY$$Limit         

[82 symbols]
