******************************************************************************
                  TI ARM Linker PC v5.2.4                      
******************************************************************************
>> Linked Mon Aug 17 19:25:05 2015

OUTPUT FILE NAME:   <TrabSemanal03.out>
ENTRY POINT SYMBOL: "_c_int00"  address: 00000b69


MEMORY CONFIGURATION

         name            origin    length      used     unused   attr    fill
----------------------  --------  ---------  --------  --------  ----  --------
  FLASH                 00000000   00040000  00001064  0003ef9c  R  X
  SRAM                  20000000   00008000  00000214  00007dec  RW X


SEGMENT ALLOCATION MAP

run origin  load origin   length   init length attrs members
----------  ----------- ---------- ----------- ----- -------
00000000    00000000    00001068   00001068    r-x
  00000000    00000000    0000026c   0000026c    r-- .intvecs
  0000026c    0000026c    00000c6c   00000c6c    r-x .text
  00000ed8    00000ed8    0000016c   0000016c    r-- .const
  00001048    00001048    00000020   00000020    r-- .cinit
20000000    20000000    00000214   00000000    rw-
  20000000    20000000    00000200   00000000    rw- .stack
  20000200    20000200    00000014   00000000    rw- .data


SECTION ALLOCATION MAP

 output                                  attributes/
section   page    origin      length       input sections
--------  ----  ----------  ----------   ----------------
.intvecs   0    00000000    0000026c     
                  00000000    0000026c     tm4c123gh6pm_startup_ccs.obj (.intvecs)

.text      0    0000026c    00000c6c     
                  0000026c    00000374     main.obj (.text)
                  000005e0    00000130     driverlib.lib : gpio.obj (.text:GPIOPadConfigSet)
                  00000710    00000118                   : sysctl.obj (.text:SysCtlClockGet)
                  00000828    000000f0                   : sysctl.obj (.text:SysCtlClockSet)
                  00000918    0000009c     rtsv7M4_T_le_v4SPD16_eabi.lib : memcpy_t2.obj (.text)
                  000009b4    0000007a                                   : memset_t2.obj (.text)
                  00000a2e    00000002     --HOLE-- [fill = 0]
                  00000a30    0000006c                                   : autoinit.obj (.text)
                  00000a9c    0000006a                                   : copy_decompress_rle.obj (.text)
                  00000b06    00000002     --HOLE-- [fill = 0]
                  00000b08    00000060     driverlib.lib : interrupt.obj (.text:IntEnable)
                  00000b68    00000050     rtsv7M4_T_le_v4SPD16_eabi.lib : boot.obj (.text)
                  00000bb8    0000004c                                   : cpy_tbl.obj (.text)
                  00000c04    00000048     driverlib.lib : gpio.obj (.text:GPIOPinConfigure)
                  00000c4c    00000044     rtsv7M4_T_le_v4SPD16_eabi.lib : exit.obj (.text)
                  00000c90    00000040     driverlib.lib : uart.obj (.text:UARTConfigSetExpClk)
                  00000cd0    00000034                   : sysctl.obj (.text:SysCtlPeripheralEnable)
                  00000d04    0000002a                   : gpio.obj (.text:GPIODirModeSet)
                  00000d2e    00000022                   : pwm.obj (.text:PWMGenConfigure)
                  00000d50    0000001e                   : pwm.obj (.text:PWMPulseWidthSet)
                  00000d6e    00000002     --HOLE-- [fill = 0]
                  00000d70    0000001c                   : uart.obj (.text:UARTDisable)
                  00000d8c    00000018                   : gpio.obj (.text:GPIOPinTypeGPIOOutput)
                  00000da4    00000018     rtsv7M4_T_le_v4SPD16_eabi.lib : args_main.obj (.text)
                  00000dbc    00000014     driverlib.lib : sysctl.obj (.text:SysCtlPWMClockSet)
                  00000dd0    00000014                   : uart.obj (.text:UARTEnable)
                  00000de4    00000014     rtsv7M4_T_le_v4SPD16_eabi.lib : _lock.obj (.text)
                  00000df8    00000012     driverlib.lib : gpio.obj (.text:GPIOPinTypePWM)
                  00000e0a    00000012                   : gpio.obj (.text:GPIOPinTypeUART)
                  00000e1c    00000012                   : pwm.obj (.text:PWMOutputState)
                  00000e2e    00000010                   : pwm.obj (.text:PWMGenPeriodSet)
                  00000e3e    0000000e                   : uart.obj (.text:UARTCharGetNonBlocking)
                  00000e4c    0000000e                   : uart.obj (.text:UARTCharPutNonBlocking)
                  00000e5a    0000000e     rtsv7M4_T_le_v4SPD16_eabi.lib : copy_decompress_none.obj (.text:decompress:none)
                  00000e68    0000000c     driverlib.lib : cpu.obj (.text:CPUcpsie)
                  00000e74    0000000c                   : pwm.obj (.text:PWMGenEnable)
                  00000e80    0000000c                   : uart.obj (.text:UARTCharsAvail)
                  00000e8c    0000000c     tm4c123gh6pm_startup_ccs.obj (.text)
                  00000e98    0000000a     driverlib.lib : interrupt.obj (.text:IntMasterEnable)
                  00000ea2    0000000a                   : uart.obj (.text:UARTCharGet)
                  00000eac    0000000a                   : uart.obj (.text:UARTIntStatus)
                  00000eb6    00000008                   : uart.obj (.text:UARTIntEnable)
                  00000ebe    00000006                   : gpio.obj (.text:GPIOPinWrite)
                  00000ec4    00000006                   : sysctl.obj (.text:SysCtlDelay)
                  00000eca    00000006     rtsv7M4_T_le_v4SPD16_eabi.lib : copy_decompress_rle.obj (.text:decompress:rle24)
                  00000ed0    00000004     driverlib.lib : uart.obj (.text:UARTIntClear)
                  00000ed4    00000004     rtsv7M4_T_le_v4SPD16_eabi.lib : pre_init.obj (.text)

.const     0    00000ed8    0000016c     
                  00000ed8    00000090     driverlib.lib : gpio.obj (.const:g_pui32GPIOBaseAddrs)
                  00000f68    00000070                   : interrupt.obj (.const)
                  00000fd8    0000006c                   : sysctl.obj (.const:g_pui32Xtals)

.cinit     0    00001048    00000020     
                  00001048    0000000f     (.cinit..data.load) [load image, compression = rle]
                  00001057    00000001     --HOLE-- [fill = 0]
                  00001058    00000008     (__TI_handler_table)
                  00001060    00000008     (__TI_cinit_table)

.init_array 
*          0    00000000    00000000     UNINITIALIZED

.stack     0    20000000    00000200     UNINITIALIZED
                  20000000    00000200     --HOLE--

.data      0    20000200    00000014     UNINITIALIZED
                  20000200    00000008     rtsv7M4_T_le_v4SPD16_eabi.lib : _lock.obj (.data)
                  20000208    00000008                                   : exit.obj (.data)
                  20000210    00000004                                   : stkdepth_vars.obj (.data)

.TI.persistent 
*          0    20000200    00000000     UNINITIALIZED


LINKER GENERATED COPY TABLES

__TI_cinit_table @ 00001060 records: 1, size/record: 8, table size: 8
	.data: load addr=00001048, load size=0000000f bytes, run addr=20000200, run size=00000014 bytes, compression=rle


LINKER GENERATED HANDLER TABLE

__TI_handler_table @ 00001058 records: 2, size/record: 4, table size: 8
	index: 0, handler: __TI_decompress_rle24
	index: 1, handler: __TI_decompress_none


GLOBAL SYMBOLS: SORTED ALPHABETICALLY BY Name 

address   name                    
-------   ----                    
00000c4d  C$$EXIT                 
00000e69  CPUcpsie                
00000d05  GPIODirModeSet          
000005e1  GPIOPadConfigSet        
00000c05  GPIOPinConfigure        
00000d8d  GPIOPinTypeGPIOOutput   
00000df9  GPIOPinTypePWM          
00000e0b  GPIOPinTypeUART         
00000ebf  GPIOPinWrite            
00000b09  IntEnable               
00000e99  IntMasterEnable         
00000d2f  PWMGenConfigure         
00000e75  PWMGenEnable            
00000e2f  PWMGenPeriodSet         
00000e1d  PWMOutputState          
00000d51  PWMPulseWidthSet        
00000e8d  ResetISR                
UNDEFED   SHT$$INIT_ARRAY$$Base   
UNDEFED   SHT$$INIT_ARRAY$$Limit  
00000711  SysCtlClockGet          
00000829  SysCtlClockSet          
00000ec5  SysCtlDelay             
00000dbd  SysCtlPWMClockSet       
00000cd1  SysCtlPeripheralEnable  
00000ea3  UARTCharGet             
00000e3f  UARTCharGetNonBlocking  
00000e4d  UARTCharPutNonBlocking  
00000e81  UARTCharsAvail          
00000c91  UARTConfigSetExpClk     
00000d71  UARTDisable             
00000dd1  UARTEnable              
00000ed1  UARTIntClear            
00000eb7  UARTIntEnable           
0000026d  UARTIntHandler          
00000ead  UARTIntStatus           
20000200  __STACK_END             
00000200  __STACK_SIZE            
20000200  __STACK_TOP             
00001060  __TI_CINIT_Base         
00001068  __TI_CINIT_Limit        
00001058  __TI_Handler_Table_Base 
00001060  __TI_Handler_Table_Limit
00000a31  __TI_auto_init          
20000208  __TI_cleanup_ptr        
00000e5b  __TI_decompress_none    
00000ecb  __TI_decompress_rle24   
2000020c  __TI_dtors_ptr          
00000000  __TI_static_base__      
000009b5  __aeabi_memclr          
000009b5  __aeabi_memclr4         
000009b5  __aeabi_memclr8         
00000919  __aeabi_memcpy          
00000919  __aeabi_memcpy4         
00000919  __aeabi_memcpy8         
000009b7  __aeabi_memset          
000009b7  __aeabi_memset4         
000009b7  __aeabi_memset8         
ffffffff  __binit__               
ffffffff  __c_args__              
20000000  __stack                 
00000da5  _args_main              
00000b69  _c_int00                
20000200  _lock                   
00000df3  _nop                    
00000deb  _register_lock          
00000de5  _register_unlock        
00000ed5  _system_pre_init        
20000204  _unlock                 
00000c51  abort                   
ffffffff  binit                   
000003f5  configuraPWM            
00000bb9  copy_in                 
000004e3  direita                 
000004b7  esquerda                
00000c59  exit                    
0000045f  frente                  
00000000  g_pfnVectors            
00000529  main                    
20000210  main_func_sp            
00000919  memcpy                  
000009bd  memset                  
0000050f  setVelocidade           
0000048b  tras                    


GLOBAL SYMBOLS: SORTED BY Symbol Address 

address   name                    
-------   ----                    
00000000  __TI_static_base__      
00000000  g_pfnVectors            
00000200  __STACK_SIZE            
0000026d  UARTIntHandler          
000003f5  configuraPWM            
0000045f  frente                  
0000048b  tras                    
000004b7  esquerda                
000004e3  direita                 
0000050f  setVelocidade           
00000529  main                    
000005e1  GPIOPadConfigSet        
00000711  SysCtlClockGet          
00000829  SysCtlClockSet          
00000919  __aeabi_memcpy          
00000919  __aeabi_memcpy4         
00000919  __aeabi_memcpy8         
00000919  memcpy                  
000009b5  __aeabi_memclr          
000009b5  __aeabi_memclr4         
000009b5  __aeabi_memclr8         
000009b7  __aeabi_memset          
000009b7  __aeabi_memset4         
000009b7  __aeabi_memset8         
000009bd  memset                  
00000a31  __TI_auto_init          
00000b09  IntEnable               
00000b69  _c_int00                
00000bb9  copy_in                 
00000c05  GPIOPinConfigure        
00000c4d  C$$EXIT                 
00000c51  abort                   
00000c59  exit                    
00000c91  UARTConfigSetExpClk     
00000cd1  SysCtlPeripheralEnable  
00000d05  GPIODirModeSet          
00000d2f  PWMGenConfigure         
00000d51  PWMPulseWidthSet        
00000d71  UARTDisable             
00000d8d  GPIOPinTypeGPIOOutput   
00000da5  _args_main              
00000dbd  SysCtlPWMClockSet       
00000dd1  UARTEnable              
00000de5  _register_unlock        
00000deb  _register_lock          
00000df3  _nop                    
00000df9  GPIOPinTypePWM          
00000e0b  GPIOPinTypeUART         
00000e1d  PWMOutputState          
00000e2f  PWMGenPeriodSet         
00000e3f  UARTCharGetNonBlocking  
00000e4d  UARTCharPutNonBlocking  
00000e5b  __TI_decompress_none    
00000e69  CPUcpsie                
00000e75  PWMGenEnable            
00000e81  UARTCharsAvail          
00000e8d  ResetISR                
00000e99  IntMasterEnable         
00000ea3  UARTCharGet             
00000ead  UARTIntStatus           
00000eb7  UARTIntEnable           
00000ebf  GPIOPinWrite            
00000ec5  SysCtlDelay             
00000ecb  __TI_decompress_rle24   
00000ed1  UARTIntClear            
00000ed5  _system_pre_init        
00001058  __TI_Handler_Table_Base 
00001060  __TI_CINIT_Base         
00001060  __TI_Handler_Table_Limit
00001068  __TI_CINIT_Limit        
20000000  __stack                 
20000200  __STACK_END             
20000200  __STACK_TOP             
20000200  _lock                   
20000204  _unlock                 
20000208  __TI_cleanup_ptr        
2000020c  __TI_dtors_ptr          
20000210  main_func_sp            
ffffffff  __binit__               
ffffffff  __c_args__              
ffffffff  binit                   
UNDEFED   SHT$$INIT_ARRAY$$Base   
UNDEFED   SHT$$INIT_ARRAY$$Limit  

[83 symbols]
