******************************************************************************
                  TI ARM Linker PC v5.2.5                      
******************************************************************************
>> Linked Thu May 26 16:25:19 2016

OUTPUT FILE NAME:   <SE - Bluetooth.out>
ENTRY POINT SYMBOL: "_c_int00"  address: 000009cd


MEMORY CONFIGURATION

         name            origin    length      used     unused   attr    fill
----------------------  --------  ---------  --------  --------  ----  --------
  FLASH                 00000000   00040000  00000b1c  0003f4e4  R  X
  SRAM                  20000000   00008000  00000214  00007dec  RW X


SEGMENT ALLOCATION MAP

run origin  load origin   length   init length attrs members
----------  ----------- ---------- ----------- ----- -------
00000000    00000000    00000b20   00000b20    r-x
  00000000    00000000    0000026c   0000026c    r-- .intvecs
  0000026c    0000026c    00000890   00000890    r-x .text
  00000b00    00000b00    00000020   00000020    r-- .cinit
20000000    20000000    00000214   00000000    rw-
  20000000    20000000    00000200   00000000    rw- .stack
  20000200    20000200    00000014   00000000    rw- .data


SECTION ALLOCATION MAP

 output                                  attributes/
section   page    origin      length       input sections
--------  ----  ----------  ----------   ----------------
.intvecs   0    00000000    0000026c     
                  00000000    0000026c     tm4c123gh6pm_startup_ccs.obj (.intvecs)

.text      0    0000026c    00000890     
                  0000026c    000002d0     main.obj (.text)
                  0000053c    000002a0     UART.obj (.text)
                  000007dc    0000009c     rtsv7M4_T_le_v4SPD16_eabi.lib : memcpy_t2.obj (.text)
                  00000878    0000007a                                   : memset_t2.obj (.text)
                  000008f2    00000002     --HOLE-- [fill = 0]
                  000008f4    0000006c                                   : autoinit.obj (.text)
                  00000960    0000006a                                   : copy_decompress_rle.obj (.text)
                  000009ca    00000002     --HOLE-- [fill = 0]
                  000009cc    00000050                                   : boot.obj (.text)
                  00000a1c    0000004c                                   : cpy_tbl.obj (.text)
                  00000a68    00000044                                   : exit.obj (.text)
                  00000aac    00000018                                   : args_main.obj (.text)
                  00000ac4    00000014                                   : _lock.obj (.text)
                  00000ad8    0000000e                                   : copy_decompress_none.obj (.text:decompress:none)
                  00000ae6    0000000c     tm4c123gh6pm_startup_ccs.obj (.text)
                  00000af2    00000006     rtsv7M4_T_le_v4SPD16_eabi.lib : copy_decompress_rle.obj (.text:decompress:rle24)
                  00000af8    00000004                                   : pre_init.obj (.text)

.cinit     0    00000b00    00000020     
                  00000b00    0000000f     (.cinit..data.load) [load image, compression = rle]
                  00000b0f    00000001     --HOLE-- [fill = 0]
                  00000b10    00000008     (__TI_handler_table)
                  00000b18    00000008     (__TI_cinit_table)

.init_array 
*          0    00000000    00000000     UNINITIALIZED

.stack     0    20000000    00000200     UNINITIALIZED
                  20000000    00000200     --HOLE--

.data      0    20000200    00000014     UNINITIALIZED
                  20000200    00000008     rtsv7M4_T_le_v4SPD16_eabi.lib : _lock.obj (.data)
                  20000208    00000008                                   : exit.obj (.data)
                  20000210    00000004                                   : stkdepth_vars.obj (.data)

.TI.persistent 
*          0    20000200    00000000     UNINITIALIZED


LINKER GENERATED COPY TABLES

__TI_cinit_table @ 00000b18 records: 1, size/record: 8, table size: 8
	.data: load addr=00000b00, load size=0000000f bytes, run addr=20000200, run size=00000014 bytes, compression=rle


LINKER GENERATED HANDLER TABLE

__TI_handler_table @ 00000b10 records: 2, size/record: 4, table size: 8
	index: 0, handler: __TI_decompress_rle24
	index: 1, handler: __TI_decompress_none


GLOBAL SYMBOLS: SORTED ALPHABETICALLY BY Name 

address   name                    
-------   ----                    
00000a69  C$$EXIT                 
000002c1  INIUART                 
00000ae7  ResetISR                
UNDEFED   SHT$$INIT_ARRAY$$Base   
UNDEFED   SHT$$INIT_ARRAY$$Limit  
20000200  __STACK_END             
00000200  __STACK_SIZE            
20000200  __STACK_TOP             
00000b18  __TI_CINIT_Base         
00000b20  __TI_CINIT_Limit        
00000b10  __TI_Handler_Table_Base 
00000b18  __TI_Handler_Table_Limit
000008f5  __TI_auto_init          
20000208  __TI_cleanup_ptr        
00000ad9  __TI_decompress_none    
00000af3  __TI_decompress_rle24   
2000020c  __TI_dtors_ptr          
00000000  __TI_static_base__      
00000879  __aeabi_memclr          
00000879  __aeabi_memclr4         
00000879  __aeabi_memclr8         
000007dd  __aeabi_memcpy          
000007dd  __aeabi_memcpy4         
000007dd  __aeabi_memcpy8         
0000087b  __aeabi_memset          
0000087b  __aeabi_memset4         
0000087b  __aeabi_memset8         
ffffffff  __binit__               
ffffffff  __c_args__              
20000000  __stack                 
00000aad  _args_main              
000009cd  _c_int00                
20000200  _lock                   
00000ad3  _nop                    
00000acb  _register_lock          
00000ac5  _register_unlock        
00000af9  _system_pre_init        
20000204  _unlock                 
00000a6d  abort                   
ffffffff  binit                   
00000a1d  copy_in                 
00000721  escrever                
00000a75  exit                    
00000000  g_pfnVectors            
0000053d  inicializarPLL          
000005ad  inicializarUART         
0000073d  ler                     
0000032b  main                    
20000210  main_func_sp            
000007dd  memcpy                  
00000881  memset                  
0000026d  piscarLED               


GLOBAL SYMBOLS: SORTED BY Symbol Address 

address   name                    
-------   ----                    
00000000  __TI_static_base__      
00000000  g_pfnVectors            
00000200  __STACK_SIZE            
0000026d  piscarLED               
000002c1  INIUART                 
0000032b  main                    
0000053d  inicializarPLL          
000005ad  inicializarUART         
00000721  escrever                
0000073d  ler                     
000007dd  __aeabi_memcpy          
000007dd  __aeabi_memcpy4         
000007dd  __aeabi_memcpy8         
000007dd  memcpy                  
00000879  __aeabi_memclr          
00000879  __aeabi_memclr4         
00000879  __aeabi_memclr8         
0000087b  __aeabi_memset          
0000087b  __aeabi_memset4         
0000087b  __aeabi_memset8         
00000881  memset                  
000008f5  __TI_auto_init          
000009cd  _c_int00                
00000a1d  copy_in                 
00000a69  C$$EXIT                 
00000a6d  abort                   
00000a75  exit                    
00000aad  _args_main              
00000ac5  _register_unlock        
00000acb  _register_lock          
00000ad3  _nop                    
00000ad9  __TI_decompress_none    
00000ae7  ResetISR                
00000af3  __TI_decompress_rle24   
00000af9  _system_pre_init        
00000b10  __TI_Handler_Table_Base 
00000b18  __TI_CINIT_Base         
00000b18  __TI_Handler_Table_Limit
00000b20  __TI_CINIT_Limit        
20000000  __stack                 
20000200  __STACK_END             
20000200  __STACK_TOP             
20000200  _lock                   
20000204  _unlock                 
20000208  __TI_cleanup_ptr        
2000020c  __TI_dtors_ptr          
20000210  main_func_sp            
ffffffff  __binit__               
ffffffff  __c_args__              
ffffffff  binit                   
UNDEFED   SHT$$INIT_ARRAY$$Base   
UNDEFED   SHT$$INIT_ARRAY$$Limit  

[52 symbols]
