******************************************************************************
                  TI ARM Linker PC v5.2.5                      
******************************************************************************
>> Linked Sat Apr 09 10:40:54 2016

OUTPUT FILE NAME:   <Genius.out>
ENTRY POINT SYMBOL: "_c_int00"  address: 0000092d


MEMORY CONFIGURATION

         name            origin    length      used     unused   attr    fill
----------------------  --------  ---------  --------  --------  ----  --------
  FLASH                 00000000   00040000  00000b12  0003f4ee  R  X
  SRAM                  20000000   00008000  00000214  00007dec  RW X


SEGMENT ALLOCATION MAP

run origin  load origin   length   init length attrs members
----------  ----------- ---------- ----------- ----- -------
00000000    00000000    00000b18   00000b18    r-x
  00000000    00000000    0000026c   0000026c    r-- .intvecs
  0000026c    0000026c    00000886   00000886    r-x .text
  00000af8    00000af8    00000020   00000020    r-- .cinit
20000000    20000000    00000214   00000000    rw-
  20000000    20000000    00000200   00000000    rw- .stack
  20000200    20000200    00000014   00000000    rw- .data


SECTION ALLOCATION MAP

 output                                  attributes/
section   page    origin      length       input sections
--------  ----  ----------  ----------   ----------------
.intvecs   0    00000000    0000026c     
                  00000000    0000026c     tm4c123gh6pm_startup_ccs.obj (.intvecs)

.text      0    0000026c    00000886     
                  0000026c    000003a0     main.obj (.text)
                  0000060c    00000130     driverlib.lib : gpio.obj (.text:GPIOPadConfigSet)
                  0000073c    0000009c     rtsv7M4_T_le_v4SPD16_eabi.lib : memcpy_t2.obj (.text)
                  000007d8    0000007a                                   : memset_t2.obj (.text)
                  00000852    00000002     --HOLE-- [fill = 0]
                  00000854    0000006c                                   : autoinit.obj (.text)
                  000008c0    0000006a                                   : copy_decompress_rle.obj (.text)
                  0000092a    00000002     --HOLE-- [fill = 0]
                  0000092c    00000050                                   : boot.obj (.text)
                  0000097c    0000004c                                   : cpy_tbl.obj (.text)
                  000009c8    00000044                                   : exit.obj (.text)
                  00000a0c    00000034     driverlib.lib : sysctl.obj (.text:SysCtlPeripheralEnable)
                  00000a40    0000002a                   : gpio.obj (.text:GPIODirModeSet)
                  00000a6a    00000018                   : gpio.obj (.text:GPIOPinTypeGPIOOutput)
                  00000a82    00000002     --HOLE-- [fill = 0]
                  00000a84    00000018     rtsv7M4_T_le_v4SPD16_eabi.lib : args_main.obj (.text)
                  00000a9c    00000014                                   : _lock.obj (.text)
                  00000ab0    00000012     driverlib.lib : gpio.obj (.text:GPIOPinTypeGPIOInput)
                  00000ac2    0000000e     rtsv7M4_T_le_v4SPD16_eabi.lib : copy_decompress_none.obj (.text:decompress:none)
                  00000ad0    0000000c     tm4c123gh6pm_startup_ccs.obj (.text)
                  00000adc    00000006     driverlib.lib : gpio.obj (.text:GPIOPinRead)
                  00000ae2    00000006                   : gpio.obj (.text:GPIOPinWrite)
                  00000ae8    00000006     rtsv7M4_T_le_v4SPD16_eabi.lib : copy_decompress_rle.obj (.text:decompress:rle24)
                  00000aee    00000004                                   : pre_init.obj (.text)

.cinit     0    00000af8    00000020     
                  00000af8    0000000f     (.cinit..data.load) [load image, compression = rle]
                  00000b07    00000001     --HOLE-- [fill = 0]
                  00000b08    00000008     (__TI_handler_table)
                  00000b10    00000008     (__TI_cinit_table)

.init_array 
*          0    00000000    00000000     UNINITIALIZED

.stack     0    20000000    00000200     UNINITIALIZED
                  20000000    00000200     --HOLE--

.data      0    20000200    00000014     UNINITIALIZED
                  20000200    00000008     rtsv7M4_T_le_v4SPD16_eabi.lib : _lock.obj (.data)
                  20000208    00000008                                   : exit.obj (.data)
                  20000210    00000004                                   : stkdepth_vars.obj (.data)

.TI.persistent 
*          0    20000200    00000000     UNINITIALIZED


LINKER GENERATED COPY TABLES

__TI_cinit_table @ 00000b10 records: 1, size/record: 8, table size: 8
	.data: load addr=00000af8, load size=0000000f bytes, run addr=20000200, run size=00000014 bytes, compression=rle


LINKER GENERATED HANDLER TABLE

__TI_handler_table @ 00000b08 records: 2, size/record: 4, table size: 8
	index: 0, handler: __TI_decompress_rle24
	index: 1, handler: __TI_decompress_none


GLOBAL SYMBOLS: SORTED ALPHABETICALLY BY Name 

address   name                    
-------   ----                    
000009c9  C$$EXIT                 
00000a41  GPIODirModeSet          
0000060d  GPIOPadConfigSet        
00000add  GPIOPinRead             
00000ab1  GPIOPinTypeGPIOInput    
00000a6b  GPIOPinTypeGPIOOutput   
00000ae3  GPIOPinWrite            
00000ad1  ResetISR                
UNDEFED   SHT$$INIT_ARRAY$$Base   
UNDEFED   SHT$$INIT_ARRAY$$Limit  
00000a0d  SysCtlPeripheralEnable  
20000200  __STACK_END             
00000200  __STACK_SIZE            
20000200  __STACK_TOP             
00000b10  __TI_CINIT_Base         
00000b18  __TI_CINIT_Limit        
00000b08  __TI_Handler_Table_Base 
00000b10  __TI_Handler_Table_Limit
00000855  __TI_auto_init          
20000208  __TI_cleanup_ptr        
00000ac3  __TI_decompress_none    
00000ae9  __TI_decompress_rle24   
2000020c  __TI_dtors_ptr          
00000000  __TI_static_base__      
000007d9  __aeabi_memclr          
000007d9  __aeabi_memclr4         
000007d9  __aeabi_memclr8         
0000073d  __aeabi_memcpy          
0000073d  __aeabi_memcpy4         
0000073d  __aeabi_memcpy8         
000007db  __aeabi_memset          
000007db  __aeabi_memset4         
000007db  __aeabi_memset8         
ffffffff  __binit__               
ffffffff  __c_args__              
20000000  __stack                 
00000a85  _args_main              
0000092d  _c_int00                
20000200  _lock                   
00000aab  _nop                    
00000aa3  _register_lock          
00000a9d  _register_unlock        
00000aef  _system_pre_init        
20000204  _unlock                 
000009cd  abort                   
ffffffff  binit                   
0000097d  copy_in                 
00000415  esperaBotao             
000009d5  exit                    
00000000  g_pfnVectors            
000003c9  ligaAmarelo             
00000331  ligaAzul                
0000037d  ligaVermelho            
000004c1  main                    
20000210  main_func_sp            
0000073d  memcpy                  
000007e1  memset                  
000002cf  perdeu                  
0000026d  venceu                  


GLOBAL SYMBOLS: SORTED BY Symbol Address 

address   name                    
-------   ----                    
00000000  __TI_static_base__      
00000000  g_pfnVectors            
00000200  __STACK_SIZE            
0000026d  venceu                  
000002cf  perdeu                  
00000331  ligaAzul                
0000037d  ligaVermelho            
000003c9  ligaAmarelo             
00000415  esperaBotao             
000004c1  main                    
0000060d  GPIOPadConfigSet        
0000073d  __aeabi_memcpy          
0000073d  __aeabi_memcpy4         
0000073d  __aeabi_memcpy8         
0000073d  memcpy                  
000007d9  __aeabi_memclr          
000007d9  __aeabi_memclr4         
000007d9  __aeabi_memclr8         
000007db  __aeabi_memset          
000007db  __aeabi_memset4         
000007db  __aeabi_memset8         
000007e1  memset                  
00000855  __TI_auto_init          
0000092d  _c_int00                
0000097d  copy_in                 
000009c9  C$$EXIT                 
000009cd  abort                   
000009d5  exit                    
00000a0d  SysCtlPeripheralEnable  
00000a41  GPIODirModeSet          
00000a6b  GPIOPinTypeGPIOOutput   
00000a85  _args_main              
00000a9d  _register_unlock        
00000aa3  _register_lock          
00000aab  _nop                    
00000ab1  GPIOPinTypeGPIOInput    
00000ac3  __TI_decompress_none    
00000ad1  ResetISR                
00000add  GPIOPinRead             
00000ae3  GPIOPinWrite            
00000ae9  __TI_decompress_rle24   
00000aef  _system_pre_init        
00000b08  __TI_Handler_Table_Base 
00000b10  __TI_CINIT_Base         
00000b10  __TI_Handler_Table_Limit
00000b18  __TI_CINIT_Limit        
20000000  __stack                 
20000200  __STACK_END             
20000200  __STACK_TOP             
20000200  _lock                   
20000204  _unlock                 
20000208  __TI_cleanup_ptr        
2000020c  __TI_dtors_ptr          
20000210  main_func_sp            
ffffffff  __binit__               
ffffffff  __c_args__              
ffffffff  binit                   
UNDEFED   SHT$$INIT_ARRAY$$Base   
UNDEFED   SHT$$INIT_ARRAY$$Limit  

[59 symbols]
