******************************************************************************
                  TI ARM Linker PC v5.2.4                      
******************************************************************************
>> Linked Mon Aug 17 19:21:10 2015

OUTPUT FILE NAME:   <TrabSemanal1_02.out>
ENTRY POINT SYMBOL: "_c_int00"  address: 00000b41


MEMORY CONFIGURATION

         name            origin    length      used     unused   attr    fill
----------------------  --------  ---------  --------  --------  ----  --------
  FLASH                 00000000   00040000  0000103c  0003efc4  R  X
  SRAM                  20000000   00008000  00000214  00007dec  RW X


SEGMENT ALLOCATION MAP

run origin  load origin   length   init length attrs members
----------  ----------- ---------- ----------- ----- -------
00000000    00000000    00001040   00001040    r-x
  00000000    00000000    0000026c   0000026c    r-- .intvecs
  0000026c    0000026c    00000c44   00000c44    r-x .text
  00000eb0    00000eb0    0000016c   0000016c    r-- .const
  00001020    00001020    00000020   00000020    r-- .cinit
20000000    20000000    00000214   00000000    rw-
  20000000    20000000    00000200   00000000    rw- .stack
  20000200    20000200    00000014   00000000    rw- .data


SECTION ALLOCATION MAP

 output                                  attributes/
section   page    origin      length       input sections
--------  ----  ----------  ----------   ----------------
.intvecs   0    00000000    0000026c     
                  00000000    0000026c     tm4c123gh6pm_startup_ccs.obj (.intvecs)

.text      0    0000026c    00000c44     
                  0000026c    0000034c     main.obj (.text)
                  000005b8    00000130     driverlib.lib : gpio.obj (.text:GPIOPadConfigSet)
                  000006e8    00000118                   : sysctl.obj (.text:SysCtlClockGet)
                  00000800    000000f0                   : sysctl.obj (.text:SysCtlClockSet)
                  000008f0    0000009c     rtsv7M4_T_le_v4SPD16_eabi.lib : memcpy_t2.obj (.text)
                  0000098c    0000007a                                   : memset_t2.obj (.text)
                  00000a06    00000002     --HOLE-- [fill = 0]
                  00000a08    0000006c                                   : autoinit.obj (.text)
                  00000a74    0000006a                                   : copy_decompress_rle.obj (.text)
                  00000ade    00000002     --HOLE-- [fill = 0]
                  00000ae0    00000060     driverlib.lib : interrupt.obj (.text:IntEnable)
                  00000b40    00000050     rtsv7M4_T_le_v4SPD16_eabi.lib : boot.obj (.text)
                  00000b90    0000004c                                   : cpy_tbl.obj (.text)
                  00000bdc    00000048     driverlib.lib : gpio.obj (.text:GPIOPinConfigure)
                  00000c24    00000044     rtsv7M4_T_le_v4SPD16_eabi.lib : exit.obj (.text)
                  00000c68    00000040     driverlib.lib : uart.obj (.text:UARTConfigSetExpClk)
                  00000ca8    00000034                   : sysctl.obj (.text:SysCtlPeripheralEnable)
                  00000cdc    0000002a                   : gpio.obj (.text:GPIODirModeSet)
                  00000d06    00000022                   : pwm.obj (.text:PWMGenConfigure)
                  00000d28    0000001e                   : pwm.obj (.text:PWMPulseWidthSet)
                  00000d46    00000002     --HOLE-- [fill = 0]
                  00000d48    0000001c                   : uart.obj (.text:UARTDisable)
                  00000d64    00000018                   : gpio.obj (.text:GPIOPinTypeGPIOOutput)
                  00000d7c    00000018     rtsv7M4_T_le_v4SPD16_eabi.lib : args_main.obj (.text)
                  00000d94    00000014     driverlib.lib : sysctl.obj (.text:SysCtlPWMClockSet)
                  00000da8    00000014                   : uart.obj (.text:UARTEnable)
                  00000dbc    00000014     rtsv7M4_T_le_v4SPD16_eabi.lib : _lock.obj (.text)
                  00000dd0    00000012     driverlib.lib : gpio.obj (.text:GPIOPinTypePWM)
                  00000de2    00000012                   : gpio.obj (.text:GPIOPinTypeUART)
                  00000df4    00000012                   : pwm.obj (.text:PWMOutputState)
                  00000e06    00000010                   : pwm.obj (.text:PWMGenPeriodSet)
                  00000e16    0000000e                   : uart.obj (.text:UARTCharGetNonBlocking)
                  00000e24    0000000e                   : uart.obj (.text:UARTCharPutNonBlocking)
                  00000e32    0000000e     rtsv7M4_T_le_v4SPD16_eabi.lib : copy_decompress_none.obj (.text:decompress:none)
                  00000e40    0000000c     driverlib.lib : cpu.obj (.text:CPUcpsie)
                  00000e4c    0000000c                   : pwm.obj (.text:PWMGenEnable)
                  00000e58    0000000c                   : uart.obj (.text:UARTCharsAvail)
                  00000e64    0000000c     tm4c123gh6pm_startup_ccs.obj (.text)
                  00000e70    0000000a     driverlib.lib : interrupt.obj (.text:IntMasterEnable)
                  00000e7a    0000000a                   : uart.obj (.text:UARTCharGet)
                  00000e84    0000000a                   : uart.obj (.text:UARTIntStatus)
                  00000e8e    00000008                   : uart.obj (.text:UARTIntEnable)
                  00000e96    00000006                   : gpio.obj (.text:GPIOPinWrite)
                  00000e9c    00000006                   : sysctl.obj (.text:SysCtlDelay)
                  00000ea2    00000006     rtsv7M4_T_le_v4SPD16_eabi.lib : copy_decompress_rle.obj (.text:decompress:rle24)
                  00000ea8    00000004     driverlib.lib : uart.obj (.text:UARTIntClear)
                  00000eac    00000004     rtsv7M4_T_le_v4SPD16_eabi.lib : pre_init.obj (.text)

.const     0    00000eb0    0000016c     
                  00000eb0    00000090     driverlib.lib : gpio.obj (.const:g_pui32GPIOBaseAddrs)
                  00000f40    00000070                   : interrupt.obj (.const)
                  00000fb0    0000006c                   : sysctl.obj (.const:g_pui32Xtals)

.cinit     0    00001020    00000020     
                  00001020    0000000f     (.cinit..data.load) [load image, compression = rle]
                  0000102f    00000001     --HOLE-- [fill = 0]
                  00001030    00000008     (__TI_handler_table)
                  00001038    00000008     (__TI_cinit_table)

.init_array 
*          0    00000000    00000000     UNINITIALIZED

.stack     0    20000000    00000200     UNINITIALIZED
                  20000000    00000200     --HOLE--

.data      0    20000200    00000014     UNINITIALIZED
                  20000200    00000008     rtsv7M4_T_le_v4SPD16_eabi.lib : _lock.obj (.data)
                  20000208    00000008                                   : exit.obj (.data)
                  20000210    00000004                                   : stkdepth_vars.obj (.data)

.TI.persistent 
*          0    20000200    00000000     UNINITIALIZED


LINKER GENERATED COPY TABLES

__TI_cinit_table @ 00001038 records: 1, size/record: 8, table size: 8
	.data: load addr=00001020, load size=0000000f bytes, run addr=20000200, run size=00000014 bytes, compression=rle


LINKER GENERATED HANDLER TABLE

__TI_handler_table @ 00001030 records: 2, size/record: 4, table size: 8
	index: 0, handler: __TI_decompress_rle24
	index: 1, handler: __TI_decompress_none


GLOBAL SYMBOLS: SORTED ALPHABETICALLY BY Name 

address   name                    
-------   ----                    
00000c25  C$$EXIT                 
00000e41  CPUcpsie                
00000cdd  GPIODirModeSet          
000005b9  GPIOPadConfigSet        
00000bdd  GPIOPinConfigure        
00000d65  GPIOPinTypeGPIOOutput   
00000dd1  GPIOPinTypePWM          
00000de3  GPIOPinTypeUART         
00000e97  GPIOPinWrite            
00000ae1  IntEnable               
00000e71  IntMasterEnable         
00000d07  PWMGenConfigure         
00000e4d  PWMGenEnable            
00000e07  PWMGenPeriodSet         
00000df5  PWMOutputState          
00000d29  PWMPulseWidthSet        
00000e65  ResetISR                
UNDEFED   SHT$$INIT_ARRAY$$Base   
UNDEFED   SHT$$INIT_ARRAY$$Limit  
000006e9  SysCtlClockGet          
00000801  SysCtlClockSet          
00000e9d  SysCtlDelay             
00000d95  SysCtlPWMClockSet       
00000ca9  SysCtlPeripheralEnable  
00000e7b  UARTCharGet             
00000e17  UARTCharGetNonBlocking  
00000e25  UARTCharPutNonBlocking  
00000e59  UARTCharsAvail          
00000c69  UARTConfigSetExpClk     
00000d49  UARTDisable             
00000da9  UARTEnable              
00000ea9  UARTIntClear            
00000e8f  UARTIntEnable           
0000026d  UARTIntHandler          
00000e85  UARTIntStatus           
20000200  __STACK_END             
00000200  __STACK_SIZE            
20000200  __STACK_TOP             
00001038  __TI_CINIT_Base         
00001040  __TI_CINIT_Limit        
00001030  __TI_Handler_Table_Base 
00001038  __TI_Handler_Table_Limit
00000a09  __TI_auto_init          
20000208  __TI_cleanup_ptr        
00000e33  __TI_decompress_none    
00000ea3  __TI_decompress_rle24   
2000020c  __TI_dtors_ptr          
00000000  __TI_static_base__      
0000098d  __aeabi_memclr          
0000098d  __aeabi_memclr4         
0000098d  __aeabi_memclr8         
000008f1  __aeabi_memcpy          
000008f1  __aeabi_memcpy4         
000008f1  __aeabi_memcpy8         
0000098f  __aeabi_memset          
0000098f  __aeabi_memset4         
0000098f  __aeabi_memset8         
ffffffff  __binit__               
ffffffff  __c_args__              
20000000  __stack                 
00000d7d  _args_main              
00000b41  _c_int00                
20000200  _lock                   
00000dcb  _nop                    
00000dc3  _register_lock          
00000dbd  _register_unlock        
00000ead  _system_pre_init        
20000204  _unlock                 
00000c29  abort                   
ffffffff  binit                   
000003cd  configuraPWM            
00000b91  copy_in                 
000004bb  direita                 
0000048f  esquerda                
00000c31  exit                    
00000437  frente                  
00000000  g_pfnVectors            
00000501  main                    
20000210  main_func_sp            
000008f1  memcpy                  
00000995  memset                  
000004e7  setVelocidade           
00000463  tras                    


GLOBAL SYMBOLS: SORTED BY Symbol Address 

address   name                    
-------   ----                    
00000000  __TI_static_base__      
00000000  g_pfnVectors            
00000200  __STACK_SIZE            
0000026d  UARTIntHandler          
000003cd  configuraPWM            
00000437  frente                  
00000463  tras                    
0000048f  esquerda                
000004bb  direita                 
000004e7  setVelocidade           
00000501  main                    
000005b9  GPIOPadConfigSet        
000006e9  SysCtlClockGet          
00000801  SysCtlClockSet          
000008f1  __aeabi_memcpy          
000008f1  __aeabi_memcpy4         
000008f1  __aeabi_memcpy8         
000008f1  memcpy                  
0000098d  __aeabi_memclr          
0000098d  __aeabi_memclr4         
0000098d  __aeabi_memclr8         
0000098f  __aeabi_memset          
0000098f  __aeabi_memset4         
0000098f  __aeabi_memset8         
00000995  memset                  
00000a09  __TI_auto_init          
00000ae1  IntEnable               
00000b41  _c_int00                
00000b91  copy_in                 
00000bdd  GPIOPinConfigure        
00000c25  C$$EXIT                 
00000c29  abort                   
00000c31  exit                    
00000c69  UARTConfigSetExpClk     
00000ca9  SysCtlPeripheralEnable  
00000cdd  GPIODirModeSet          
00000d07  PWMGenConfigure         
00000d29  PWMPulseWidthSet        
00000d49  UARTDisable             
00000d65  GPIOPinTypeGPIOOutput   
00000d7d  _args_main              
00000d95  SysCtlPWMClockSet       
00000da9  UARTEnable              
00000dbd  _register_unlock        
00000dc3  _register_lock          
00000dcb  _nop                    
00000dd1  GPIOPinTypePWM          
00000de3  GPIOPinTypeUART         
00000df5  PWMOutputState          
00000e07  PWMGenPeriodSet         
00000e17  UARTCharGetNonBlocking  
00000e25  UARTCharPutNonBlocking  
00000e33  __TI_decompress_none    
00000e41  CPUcpsie                
00000e4d  PWMGenEnable            
00000e59  UARTCharsAvail          
00000e65  ResetISR                
00000e71  IntMasterEnable         
00000e7b  UARTCharGet             
00000e85  UARTIntStatus           
00000e8f  UARTIntEnable           
00000e97  GPIOPinWrite            
00000e9d  SysCtlDelay             
00000ea3  __TI_decompress_rle24   
00000ea9  UARTIntClear            
00000ead  _system_pre_init        
00001030  __TI_Handler_Table_Base 
00001038  __TI_CINIT_Base         
00001038  __TI_Handler_Table_Limit
00001040  __TI_CINIT_Limit        
20000000  __stack                 
20000200  __STACK_END             
20000200  __STACK_TOP             
20000200  _lock                   
20000204  _unlock                 
20000208  __TI_cleanup_ptr        
2000020c  __TI_dtors_ptr          
20000210  main_func_sp            
ffffffff  __binit__               
ffffffff  __c_args__              
ffffffff  binit                   
UNDEFED   SHT$$INIT_ARRAY$$Base   
UNDEFED   SHT$$INIT_ARRAY$$Limit  

[83 symbols]
