******************************************************************************
                  TI ARM Linker PC v5.2.5                      
******************************************************************************
>> Linked Wed May 25 10:24:32 2016

OUTPUT FILE NAME:   <botao.out>
ENTRY POINT SYMBOL: "_c_int00"  address: 00001531


MEMORY CONFIGURATION

         name            origin    length      used     unused   attr    fill
----------------------  --------  ---------  --------  --------  ----  --------
  FLASH                 00000000   00040000  00001b42  0003e4be  R  X
  SRAM                  20000000   00008000  00000480  00007b80  RW X


SEGMENT ALLOCATION MAP

run origin  load origin   length   init length attrs members
----------  ----------- ---------- ----------- ----- -------
00000000    00000000    00001b48   00001b48    r-x
  00000000    00000000    0000026c   0000026c    r-- .intvecs
  0000026c    0000026c    00001452   00001452    r-x .text
  000016c0    000016c0    0000044c   0000044c    r-- .const
  00001b10    00001b10    00000038   00000038    r-- .cinit
20000000    20000000    00000480   00000000    rw-
  20000000    20000000    0000026c   00000000    rw- .vtable
  2000026c    2000026c    00000200   00000000    rw- .stack
  2000046c    2000046c    00000014   00000000    rw- .data


SECTION ALLOCATION MAP

 output                                  attributes/
section   page    origin      length       input sections
--------  ----  ----------  ----------   ----------------
.intvecs   0    00000000    0000026c     
                  00000000    0000026c     tm4c123gh6pm_startup_ccs.obj (.intvecs)

.text      0    0000026c    00001452     
                  0000026c    00001014     main.obj (.text)
                  00001280    0000009c     rtsv7M4_T_le_v4SPD16_eabi.lib : memcpy_t2.obj (.text)
                  0000131c    0000007a                                   : memset_t2.obj (.text)
                  00001396    00000002     driverlib.lib : interrupt.obj (.text:_IntDefaultHandler)
                  00001398    0000006c     rtsv7M4_T_le_v4SPD16_eabi.lib : autoinit.obj (.text)
                  00001404    0000006a                                   : copy_decompress_rle.obj (.text)
                  0000146e    00000002     --HOLE-- [fill = 0]
                  00001470    00000060     driverlib.lib : interrupt.obj (.text:IntDisable)
                  000014d0    00000060                   : interrupt.obj (.text:IntEnable)
                  00001530    00000050     rtsv7M4_T_le_v4SPD16_eabi.lib : boot.obj (.text)
                  00001580    0000004c                                   : cpy_tbl.obj (.text)
                  000015cc    00000044                                   : exit.obj (.text)
                  00001610    00000034     driverlib.lib : interrupt.obj (.text:IntRegister)
                  00001644    00000018     rtsv7M4_T_le_v4SPD16_eabi.lib : args_main.obj (.text)
                  0000165c    00000014     driverlib.lib : interrupt.obj (.text:IntUnregister)
                  00001670    00000014     rtsv7M4_T_le_v4SPD16_eabi.lib : _lock.obj (.text)
                  00001684    0000000e                                   : copy_decompress_none.obj (.text:decompress:none)
                  00001692    0000000c                                   : copy_zero_init.obj (.text:decompress:ZI)
                  0000169e    0000000c     tm4c123gh6pm_startup_ccs.obj (.text)
                  000016aa    00000006     main.obj (.text:SysCtlDelay)
                  000016b0    00000006     rtsv7M4_T_le_v4SPD16_eabi.lib : copy_decompress_rle.obj (.text:decompress:rle24)
                  000016b6    00000004     driverlib.lib : cpu.obj (.text:CPUwfi)
                  000016ba    00000004     rtsv7M4_T_le_v4SPD16_eabi.lib : pre_init.obj (.text)

.const     0    000016c0    0000044c     
                  000016c0    00000120     main.obj (.const:g_pppui32XTALtoVCO)
                  000017e0    000000c0     main.obj (.const:g_ppui32GPIOIntMapBlizzard)
                  000018a0    000000c0     main.obj (.const:g_ppui32GPIOIntMapSnowflake)
                  00001960    00000090     main.obj (.const:g_pui32GPIOBaseAddrs)
                  000019f0    00000070     driverlib.lib : interrupt.obj (.const)
                  00001a60    0000006c     main.obj (.const:g_pui32Xtals)
                  00001acc    00000030     main.obj (.const:g_sXTALtoMEMTIM)
                  00001afc    00000010     main.obj (.const)

.cinit     0    00001b10    00000038     
                  00001b10    0000000f     (.cinit..data.load) [load image, compression = rle]
                  00001b1f    00000001     --HOLE-- [fill = 0]
                  00001b20    0000000c     (__TI_handler_table)
                  00001b2c    00000004     --HOLE-- [fill = 0]
                  00001b30    00000008     (.cinit..vtable.load) [load image, compression = zero_init]
                  00001b38    00000010     (__TI_cinit_table)

.init_array 
*          0    00000000    00000000     UNINITIALIZED

.vtable    0    20000000    0000026c     UNINITIALIZED
                  20000000    0000026c     driverlib.lib : interrupt.obj (.vtable)

.stack     0    2000026c    00000200     UNINITIALIZED
                  2000026c    00000200     --HOLE--

.data      0    2000046c    00000014     UNINITIALIZED
                  2000046c    00000008     rtsv7M4_T_le_v4SPD16_eabi.lib : _lock.obj (.data)
                  20000474    00000008                                   : exit.obj (.data)
                  2000047c    00000004                                   : stkdepth_vars.obj (.data)

.TI.persistent 
*          0    2000046c    00000000     UNINITIALIZED


LINKER GENERATED COPY TABLES

__TI_cinit_table @ 00001b38 records: 2, size/record: 8, table size: 16
	.data: load addr=00001b10, load size=0000000f bytes, run addr=2000046c, run size=00000014 bytes, compression=rle
	.vtable: load addr=00001b30, load size=00000008 bytes, run addr=20000000, run size=0000026c bytes, compression=zero_init


LINKER GENERATED HANDLER TABLE

__TI_handler_table @ 00001b20 records: 3, size/record: 4, table size: 12
	index: 0, handler: __TI_zero_init
	index: 1, handler: __TI_decompress_rle24
	index: 2, handler: __TI_decompress_none


GLOBAL SYMBOLS: SORTED ALPHABETICALLY BY Name 

address   name                            
-------   ----                            
000015cd  C$$EXIT                         
000016b7  CPUwfi                          
00001255  GPIOADCTriggerDisable           
00001249  GPIOADCTriggerEnable            
0000123b  GPIODMATriggerDisable           
0000122f  GPIODMATriggerEnable            
00001209  GPIODirModeGet                  
00000377  GPIODirModeSet                  
00000dff  GPIOIntClear                    
000011fb  GPIOIntDisable                  
000011ef  GPIOIntEnable                   
000011d7  GPIOIntRegister                 
00000df1  GPIOIntStatus                   
00001195  GPIOIntTypeGet                  
000004e5  GPIOIntTypeSet                  
00001181  GPIOIntUnregister               
000010a9  GPIOPadConfigGet                
000003a1  GPIOPadConfigSet                
00001061  GPIOPinConfigure                
00001055  GPIOPinRead                     
00001043  GPIOPinTypeADC                  
00001031  GPIOPinTypeCAN                  
0000101f  GPIOPinTypeCIR                  
0000100d  GPIOPinTypeComparator           
00000fef  GPIOPinTypeEPI                  
00000fdd  GPIOPinTypeEthernetLED          
00000fcb  GPIOPinTypeEthernetMII          
000004d3  GPIOPinTypeGPIOInput            
0000053b  GPIOPinTypeGPIOOutput           
00000fb3  GPIOPinTypeGPIOOutputOD         
00000fa1  GPIOPinTypeI2C                  
00000f8f  GPIOPinTypeI2CSCL               
00000f7d  GPIOPinTypeKBColumn             
00000f6b  GPIOPinTypeKBRow                
00000f59  GPIOPinTypeLCD                  
00000f3d  GPIOPinTypeLEDSeq               
00000f2b  GPIOPinTypeLPC                  
00000f19  GPIOPinTypePECIRx               
00000f03  GPIOPinTypePECITx               
00000ef1  GPIOPinTypePWM                  
00000ed9  GPIOPinTypeQEI                  
00000ec7  GPIOPinTypeSSI                  
00000eb5  GPIOPinTypeTimer                
00000e9f  GPIOPinTypeUART                 
00000e8d  GPIOPinTypeUSBAnalog            
00000e75  GPIOPinTypeUSBDigital           
00000e5d  GPIOPinTypeWakeHigh             
00000e49  GPIOPinTypeWakeLow              
00000e43  GPIOPinWakeStatus               
00000e05  GPIOPinWrite                    
00001471  IntDisable                      
000014d1  IntEnable                       
00001611  IntRegister                     
0000165d  IntUnregister                   
00000e11  PortFIntHandler                 
0000169f  ResetISR                        
UNDEFED   SHT$$INIT_ARRAY$$Base           
UNDEFED   SHT$$INIT_ARRAY$$Limit          
00000de5  SysCtlAltClkConfig              
00000c09  SysCtlClockFreqSet              
00000a7d  SysCtlClockGet                  
00000a59  SysCtlClockOutConfig            
0000026d  SysCtlClockSet                  
00000a3f  SysCtlDeepSleep                 
000009e5  SysCtlDeepSleepClockConfigSet   
000009d7  SysCtlDeepSleepClockSet         
000009d1  SysCtlDeepSleepPowerSet         
000016ab  SysCtlDelay                     
000009a9  SysCtlFlashSectorSizeGet        
0000097d  SysCtlFlashSizeGet              
00000963  SysCtlGPIOAHBDisable            
0000094d  SysCtlGPIOAHBEnable             
0000093f  SysCtlIntClear                  
00000931  SysCtlIntDisable                
00000925  SysCtlIntEnable                 
0000090d  SysCtlIntRegister               
000008f1  SysCtlIntStatus                 
000008e1  SysCtlIntUnregister             
000008d9  SysCtlLDODeepSleepGet           
000008d1  SysCtlLDODeepSleepSet           
000008c9  SysCtlLDOSleepGet               
000008c1  SysCtlLDOSleepSet               
000008b9  SysCtlMOSCConfigSet             
000008ab  SysCtlNMIClear                  
000008a3  SysCtlNMIStatus                 
0000086b  SysCtlPIOSCCalibrate            
00000859  SysCtlPWMClockGet               
0000084b  SysCtlPWMClockSet               
00000811  SysCtlPeripheralClockGating     
000007e3  SysCtlPeripheralDeepSleepDisable
000007b5  SysCtlPeripheralDeepSleepEnable 
00000787  SysCtlPeripheralDisable         
00000349  SysCtlPeripheralEnable          
00000759  SysCtlPeripheralPowerOff        
0000072b  SysCtlPeripheralPowerOn         
000006f9  SysCtlPeripheralPresent         
000006c1  SysCtlPeripheralReady           
0000066d  SysCtlPeripheralReset           
00000635  SysCtlPeripheralSleepDisable    
00000603  SysCtlPeripheralSleepEnable     
000005fb  SysCtlReset                     
000005f3  SysCtlResetBehaviorGet          
000005eb  SysCtlResetBehaviorSet          
000005dd  SysCtlResetCauseClear           
000005d5  SysCtlResetCauseGet             
000005c7  SysCtlSRAMSizeGet               
000016b7  SysCtlSleep                     
000005c1  SysCtlSleepPowerSet             
000005b3  SysCtlUSBPLLDisable             
000005a5  SysCtlUSBPLLEnable              
0000059b  SysCtlVoltageEventClear         
00000595  SysCtlVoltageEventConfig        
0000058f  SysCtlVoltageEventStatus        
2000046c  __STACK_END                     
00000200  __STACK_SIZE                    
2000046c  __STACK_TOP                     
00001b38  __TI_CINIT_Base                 
00001b48  __TI_CINIT_Limit                
00001b20  __TI_Handler_Table_Base         
00001b2c  __TI_Handler_Table_Limit        
00001399  __TI_auto_init                  
20000474  __TI_cleanup_ptr                
00001685  __TI_decompress_none            
000016b1  __TI_decompress_rle24           
20000478  __TI_dtors_ptr                  
00000000  __TI_static_base__              
00001693  __TI_zero_init                  
0000131d  __aeabi_memclr                  
0000131d  __aeabi_memclr4                 
0000131d  __aeabi_memclr8                 
00001281  __aeabi_memcpy                  
00001281  __aeabi_memcpy4                 
00001281  __aeabi_memcpy8                 
0000131f  __aeabi_memset                  
0000131f  __aeabi_memset4                 
0000131f  __aeabi_memset8                 
ffffffff  __binit__                       
ffffffff  __c_args__                      
2000026c  __stack                         
00001645  _args_main                      
00001531  _c_int00                        
2000046c  _lock                           
0000167f  _nop                            
00001677  _register_lock                  
00001671  _register_unlock                
000016bb  _system_pre_init                
20000470  _unlock                         
000015d1  abort                           
ffffffff  binit                           
00001581  copy_in                         
000015d9  exit                            
20000000  g_pfnRAMVectors                 
00000000  g_pfnVectors                    
00000553  main                            
2000047c  main_func_sp                    
00001281  memcpy                          
00001325  memset                          


GLOBAL SYMBOLS: SORTED BY Symbol Address 

address   name                            
-------   ----                            
00000000  __TI_static_base__              
00000000  g_pfnVectors                    
00000200  __STACK_SIZE                    
0000026d  SysCtlClockSet                  
00000349  SysCtlPeripheralEnable          
00000377  GPIODirModeSet                  
000003a1  GPIOPadConfigSet                
000004d3  GPIOPinTypeGPIOInput            
000004e5  GPIOIntTypeSet                  
0000053b  GPIOPinTypeGPIOOutput           
00000553  main                            
0000058f  SysCtlVoltageEventStatus        
00000595  SysCtlVoltageEventConfig        
0000059b  SysCtlVoltageEventClear         
000005a5  SysCtlUSBPLLEnable              
000005b3  SysCtlUSBPLLDisable             
000005c1  SysCtlSleepPowerSet             
000005c7  SysCtlSRAMSizeGet               
000005d5  SysCtlResetCauseGet             
000005dd  SysCtlResetCauseClear           
000005eb  SysCtlResetBehaviorSet          
000005f3  SysCtlResetBehaviorGet          
000005fb  SysCtlReset                     
00000603  SysCtlPeripheralSleepEnable     
00000635  SysCtlPeripheralSleepDisable    
0000066d  SysCtlPeripheralReset           
000006c1  SysCtlPeripheralReady           
000006f9  SysCtlPeripheralPresent         
0000072b  SysCtlPeripheralPowerOn         
00000759  SysCtlPeripheralPowerOff        
00000787  SysCtlPeripheralDisable         
000007b5  SysCtlPeripheralDeepSleepEnable 
000007e3  SysCtlPeripheralDeepSleepDisable
00000811  SysCtlPeripheralClockGating     
0000084b  SysCtlPWMClockSet               
00000859  SysCtlPWMClockGet               
0000086b  SysCtlPIOSCCalibrate            
000008a3  SysCtlNMIStatus                 
000008ab  SysCtlNMIClear                  
000008b9  SysCtlMOSCConfigSet             
000008c1  SysCtlLDOSleepSet               
000008c9  SysCtlLDOSleepGet               
000008d1  SysCtlLDODeepSleepSet           
000008d9  SysCtlLDODeepSleepGet           
000008e1  SysCtlIntUnregister             
000008f1  SysCtlIntStatus                 
0000090d  SysCtlIntRegister               
00000925  SysCtlIntEnable                 
00000931  SysCtlIntDisable                
0000093f  SysCtlIntClear                  
0000094d  SysCtlGPIOAHBEnable             
00000963  SysCtlGPIOAHBDisable            
0000097d  SysCtlFlashSizeGet              
000009a9  SysCtlFlashSectorSizeGet        
000009d1  SysCtlDeepSleepPowerSet         
000009d7  SysCtlDeepSleepClockSet         
000009e5  SysCtlDeepSleepClockConfigSet   
00000a3f  SysCtlDeepSleep                 
00000a59  SysCtlClockOutConfig            
00000a7d  SysCtlClockGet                  
00000c09  SysCtlClockFreqSet              
00000de5  SysCtlAltClkConfig              
00000df1  GPIOIntStatus                   
00000dff  GPIOIntClear                    
00000e05  GPIOPinWrite                    
00000e11  PortFIntHandler                 
00000e43  GPIOPinWakeStatus               
00000e49  GPIOPinTypeWakeLow              
00000e5d  GPIOPinTypeWakeHigh             
00000e75  GPIOPinTypeUSBDigital           
00000e8d  GPIOPinTypeUSBAnalog            
00000e9f  GPIOPinTypeUART                 
00000eb5  GPIOPinTypeTimer                
00000ec7  GPIOPinTypeSSI                  
00000ed9  GPIOPinTypeQEI                  
00000ef1  GPIOPinTypePWM                  
00000f03  GPIOPinTypePECITx               
00000f19  GPIOPinTypePECIRx               
00000f2b  GPIOPinTypeLPC                  
00000f3d  GPIOPinTypeLEDSeq               
00000f59  GPIOPinTypeLCD                  
00000f6b  GPIOPinTypeKBRow                
00000f7d  GPIOPinTypeKBColumn             
00000f8f  GPIOPinTypeI2CSCL               
00000fa1  GPIOPinTypeI2C                  
00000fb3  GPIOPinTypeGPIOOutputOD         
00000fcb  GPIOPinTypeEthernetMII          
00000fdd  GPIOPinTypeEthernetLED          
00000fef  GPIOPinTypeEPI                  
0000100d  GPIOPinTypeComparator           
0000101f  GPIOPinTypeCIR                  
00001031  GPIOPinTypeCAN                  
00001043  GPIOPinTypeADC                  
00001055  GPIOPinRead                     
00001061  GPIOPinConfigure                
000010a9  GPIOPadConfigGet                
00001181  GPIOIntUnregister               
00001195  GPIOIntTypeGet                  
000011d7  GPIOIntRegister                 
000011ef  GPIOIntEnable                   
000011fb  GPIOIntDisable                  
00001209  GPIODirModeGet                  
0000122f  GPIODMATriggerEnable            
0000123b  GPIODMATriggerDisable           
00001249  GPIOADCTriggerEnable            
00001255  GPIOADCTriggerDisable           
00001281  __aeabi_memcpy                  
00001281  __aeabi_memcpy4                 
00001281  __aeabi_memcpy8                 
00001281  memcpy                          
0000131d  __aeabi_memclr                  
0000131d  __aeabi_memclr4                 
0000131d  __aeabi_memclr8                 
0000131f  __aeabi_memset                  
0000131f  __aeabi_memset4                 
0000131f  __aeabi_memset8                 
00001325  memset                          
00001399  __TI_auto_init                  
00001471  IntDisable                      
000014d1  IntEnable                       
00001531  _c_int00                        
00001581  copy_in                         
000015cd  C$$EXIT                         
000015d1  abort                           
000015d9  exit                            
00001611  IntRegister                     
00001645  _args_main                      
0000165d  IntUnregister                   
00001671  _register_unlock                
00001677  _register_lock                  
0000167f  _nop                            
00001685  __TI_decompress_none            
00001693  __TI_zero_init                  
0000169f  ResetISR                        
000016ab  SysCtlDelay                     
000016b1  __TI_decompress_rle24           
000016b7  CPUwfi                          
000016b7  SysCtlSleep                     
000016bb  _system_pre_init                
00001b20  __TI_Handler_Table_Base         
00001b2c  __TI_Handler_Table_Limit        
00001b38  __TI_CINIT_Base                 
00001b48  __TI_CINIT_Limit                
20000000  g_pfnRAMVectors                 
2000026c  __stack                         
2000046c  __STACK_END                     
2000046c  __STACK_TOP                     
2000046c  _lock                           
20000470  _unlock                         
20000474  __TI_cleanup_ptr                
20000478  __TI_dtors_ptr                  
2000047c  main_func_sp                    
ffffffff  __binit__                       
ffffffff  __c_args__                      
ffffffff  binit                           
UNDEFED   SHT$$INIT_ARRAY$$Base           
UNDEFED   SHT$$INIT_ARRAY$$Limit          

[157 symbols]
