<?xml version="1.0"?>
<link_info>
   <banner>TI ARM Linker PC v5.2.5</banner>
   <copyright>Copyright (c) 1996-2015 Texas Instruments Incorporated</copyright>
   <link_time>0x5745a790</link_time>
   <link_errors>0x0</link_errors>
   <output_file>botao.out</output_file>
   <entry_point>
      <name>_c_int00</name>
      <address>0x1531</address>
   </entry_point>
   <input_file_list>
      <input_file id="fl-2">
         <path>.\</path>
         <kind>object</kind>
         <file>main.obj</file>
         <name>main.obj</name>
      </input_file>
      <input_file id="fl-3">
         <path>.\</path>
         <kind>object</kind>
         <file>tm4c123gh6pm_startup_ccs.obj</file>
         <name>tm4c123gh6pm_startup_ccs.obj</name>
      </input_file>
      <input_file id="fl-12a">
         <path>C:\ti\ccsv6\tools\compiler\ti-cgt-arm_5.2.5\lib\</path>
         <kind>archive</kind>
         <file>rtsv7M4_T_le_v4SPD16_eabi.lib</file>
         <name>boot.obj</name>
      </input_file>
      <input_file id="fl-12b">
         <path>C:\ti\ccsv6\tools\compiler\ti-cgt-arm_5.2.5\lib\</path>
         <kind>archive</kind>
         <file>rtsv7M4_T_le_v4SPD16_eabi.lib</file>
         <name>copy_decompress_none.obj</name>
      </input_file>
      <input_file id="fl-12c">
         <path>C:\ti\ccsv6\tools\compiler\ti-cgt-arm_5.2.5\lib\</path>
         <kind>archive</kind>
         <file>rtsv7M4_T_le_v4SPD16_eabi.lib</file>
         <name>copy_decompress_rle.obj</name>
      </input_file>
      <input_file id="fl-12d">
         <path>C:\ti\ccsv6\tools\compiler\ti-cgt-arm_5.2.5\lib\</path>
         <kind>archive</kind>
         <file>rtsv7M4_T_le_v4SPD16_eabi.lib</file>
         <name>copy_zero_init.obj</name>
      </input_file>
      <input_file id="fl-12e">
         <path>C:\ti\ccsv6\tools\compiler\ti-cgt-arm_5.2.5\lib\</path>
         <kind>archive</kind>
         <file>rtsv7M4_T_le_v4SPD16_eabi.lib</file>
         <name>exit.obj</name>
      </input_file>
      <input_file id="fl-12f">
         <path>C:\ti\ccsv6\tools\compiler\ti-cgt-arm_5.2.5\lib\</path>
         <kind>archive</kind>
         <file>rtsv7M4_T_le_v4SPD16_eabi.lib</file>
         <name>memcpy_t2.obj</name>
      </input_file>
      <input_file id="fl-130">
         <path>C:\ti\ccsv6\tools\compiler\ti-cgt-arm_5.2.5\lib\</path>
         <kind>archive</kind>
         <file>rtsv7M4_T_le_v4SPD16_eabi.lib</file>
         <name>memset_t2.obj</name>
      </input_file>
      <input_file id="fl-131">
         <path>C:\ti\ccsv6\tools\compiler\ti-cgt-arm_5.2.5\lib\</path>
         <kind>archive</kind>
         <file>rtsv7M4_T_le_v4SPD16_eabi.lib</file>
         <name>pre_init.obj</name>
      </input_file>
      <input_file id="fl-132">
         <path>C:\ti\ccsv6\tools\compiler\ti-cgt-arm_5.2.5\lib\</path>
         <kind>archive</kind>
         <file>rtsv7M4_T_le_v4SPD16_eabi.lib</file>
         <name>stkdepth_vars.obj</name>
      </input_file>
      <input_file id="fl-133">
         <path>C:\ti\ccsv6\tools\compiler\ti-cgt-arm_5.2.5\lib\</path>
         <kind>archive</kind>
         <file>rtsv7M4_T_le_v4SPD16_eabi.lib</file>
         <name>_lock.obj</name>
      </input_file>
      <input_file id="fl-134">
         <path>C:\ti\ccsv6\tools\compiler\ti-cgt-arm_5.2.5\lib\</path>
         <kind>archive</kind>
         <file>rtsv7M4_T_le_v4SPD16_eabi.lib</file>
         <name>args_main.obj</name>
      </input_file>
      <input_file id="fl-135">
         <path>C:\ti\ccsv6\tools\compiler\ti-cgt-arm_5.2.5\lib\</path>
         <kind>archive</kind>
         <file>rtsv7M4_T_le_v4SPD16_eabi.lib</file>
         <name>autoinit.obj</name>
      </input_file>
      <input_file id="fl-136">
         <path>C:\ti\ccsv6\tools\compiler\ti-cgt-arm_5.2.5\lib\</path>
         <kind>archive</kind>
         <file>rtsv7M4_T_le_v4SPD16_eabi.lib</file>
         <name>cpy_tbl.obj</name>
      </input_file>
      <input_file id="fl-137">
         <path>C:\ti\TivaWare_C_Series-2.1.0.12573\driverlib\ccs\Debug\</path>
         <kind>archive</kind>
         <file>driverlib.lib</file>
         <name>interrupt.obj</name>
      </input_file>
      <input_file id="fl-138">
         <path>C:\ti\TivaWare_C_Series-2.1.0.12573\driverlib\ccs\Debug\</path>
         <kind>archive</kind>
         <file>driverlib.lib</file>
         <name>cpu.obj</name>
      </input_file>
   </input_file_list>
   <object_component_list>
      <object_component id="oc-f">
         <name>.intvecs</name>
         <load_address>0x0</load_address>
         <run_address>0x0</run_address>
         <size>0x26c</size>
         <input_file_ref idref="fl-3"/>
      </object_component>
      <object_component id="oc-30">
         <name>.text</name>
         <load_address>0x26c</load_address>
         <run_address>0x26c</run_address>
         <size>0x1014</size>
         <input_file_ref idref="fl-2"/>
      </object_component>
      <object_component id="oc-39">
         <name>.text</name>
         <load_address>0x1280</load_address>
         <run_address>0x1280</run_address>
         <size>0x9c</size>
         <input_file_ref idref="fl-12f"/>
      </object_component>
      <object_component id="oc-52">
         <name>.text</name>
         <load_address>0x131c</load_address>
         <run_address>0x131c</run_address>
         <size>0x7a</size>
         <input_file_ref idref="fl-130"/>
      </object_component>
      <object_component id="oc-f8">
         <name>.text:_IntDefaultHandler</name>
         <load_address>0x1396</load_address>
         <run_address>0x1396</run_address>
         <size>0x2</size>
         <input_file_ref idref="fl-137"/>
      </object_component>
      <object_component id="oc-64">
         <name>.text</name>
         <load_address>0x1398</load_address>
         <run_address>0x1398</run_address>
         <size>0x6c</size>
         <input_file_ref idref="fl-135"/>
      </object_component>
      <object_component id="oc-45">
         <name>.text</name>
         <load_address>0x1404</load_address>
         <run_address>0x1404</run_address>
         <size>0x6a</size>
         <input_file_ref idref="fl-12c"/>
      </object_component>
      <object_component id="oc-7c">
         <name>.text:IntDisable</name>
         <load_address>0x1470</load_address>
         <run_address>0x1470</run_address>
         <size>0x60</size>
         <input_file_ref idref="fl-137"/>
      </object_component>
      <object_component id="oc-8e">
         <name>.text:IntEnable</name>
         <load_address>0x14d0</load_address>
         <run_address>0x14d0</run_address>
         <size>0x60</size>
         <input_file_ref idref="fl-137"/>
      </object_component>
      <object_component id="oc-24">
         <name>.text</name>
         <load_address>0x1530</load_address>
         <run_address>0x1530</run_address>
         <size>0x50</size>
         <input_file_ref idref="fl-12a"/>
      </object_component>
      <object_component id="oc-d6">
         <name>.text</name>
         <load_address>0x1580</load_address>
         <run_address>0x1580</run_address>
         <size>0x4c</size>
         <input_file_ref idref="fl-136"/>
      </object_component>
      <object_component id="oc-70">
         <name>.text</name>
         <load_address>0x15cc</load_address>
         <run_address>0x15cc</run_address>
         <size>0x44</size>
         <input_file_ref idref="fl-12e"/>
      </object_component>
      <object_component id="oc-88">
         <name>.text:IntRegister</name>
         <load_address>0x1610</load_address>
         <run_address>0x1610</run_address>
         <size>0x34</size>
         <input_file_ref idref="fl-137"/>
      </object_component>
      <object_component id="oc-6a">
         <name>.text</name>
         <load_address>0x1644</load_address>
         <run_address>0x1644</run_address>
         <size>0x18</size>
         <input_file_ref idref="fl-134"/>
      </object_component>
      <object_component id="oc-82">
         <name>.text:IntUnregister</name>
         <load_address>0x165c</load_address>
         <run_address>0x165c</run_address>
         <size>0x14</size>
         <input_file_ref idref="fl-137"/>
      </object_component>
      <object_component id="oc-12b">
         <name>.text</name>
         <load_address>0x1670</load_address>
         <run_address>0x1670</run_address>
         <size>0x14</size>
         <input_file_ref idref="fl-133"/>
      </object_component>
      <object_component id="oc-12">
         <name>.text:decompress:none</name>
         <load_address>0x1684</load_address>
         <run_address>0x1684</run_address>
         <size>0xe</size>
         <input_file_ref idref="fl-12b"/>
      </object_component>
      <object_component id="oc-1e">
         <name>.text:decompress:ZI</name>
         <load_address>0x1692</load_address>
         <run_address>0x1692</run_address>
         <size>0xc</size>
         <input_file_ref idref="fl-12d"/>
      </object_component>
      <object_component id="oc-2a">
         <name>.text</name>
         <load_address>0x169e</load_address>
         <run_address>0x169e</run_address>
         <size>0xc</size>
         <input_file_ref idref="fl-3"/>
      </object_component>
      <object_component id="oc-7b">
         <name>.text:SysCtlDelay</name>
         <load_address>0x16aa</load_address>
         <run_address>0x16aa</run_address>
         <size>0x6</size>
         <input_file_ref idref="fl-2"/>
      </object_component>
      <object_component id="oc-18">
         <name>.text:decompress:rle24</name>
         <load_address>0x16b0</load_address>
         <run_address>0x16b0</run_address>
         <size>0x6</size>
         <input_file_ref idref="fl-12c"/>
      </object_component>
      <object_component id="oc-94">
         <name>.text:CPUwfi</name>
         <load_address>0x16b6</load_address>
         <run_address>0x16b6</run_address>
         <size>0x4</size>
         <input_file_ref idref="fl-138"/>
      </object_component>
      <object_component id="oc-5e">
         <name>.text</name>
         <load_address>0x16ba</load_address>
         <run_address>0x16ba</run_address>
         <size>0x4</size>
         <input_file_ref idref="fl-131"/>
      </object_component>
      <object_component id="oc-a0">
         <name>.const:g_pppui32XTALtoVCO</name>
         <load_address>0x16c0</load_address>
         <run_address>0x16c0</run_address>
         <size>0x120</size>
         <input_file_ref idref="fl-2"/>
      </object_component>
      <object_component id="oc-a9">
         <name>.const:g_ppui32GPIOIntMapBlizzard</name>
         <load_address>0x17e0</load_address>
         <run_address>0x17e0</run_address>
         <size>0xc0</size>
         <input_file_ref idref="fl-2"/>
      </object_component>
      <object_component id="oc-ac">
         <name>.const:g_ppui32GPIOIntMapSnowflake</name>
         <load_address>0x18a0</load_address>
         <run_address>0x18a0</run_address>
         <size>0xc0</size>
         <input_file_ref idref="fl-2"/>
      </object_component>
      <object_component id="oc-a6">
         <name>.const:g_pui32GPIOBaseAddrs</name>
         <load_address>0x1960</load_address>
         <run_address>0x1960</run_address>
         <size>0x90</size>
         <input_file_ref idref="fl-2"/>
      </object_component>
      <object_component id="oc-eb">
         <name>.const</name>
         <load_address>0x19f0</load_address>
         <run_address>0x19f0</run_address>
         <size>0x70</size>
         <input_file_ref idref="fl-137"/>
      </object_component>
      <object_component id="oc-9a">
         <name>.const:g_pui32Xtals</name>
         <load_address>0x1a60</load_address>
         <run_address>0x1a60</run_address>
         <size>0x6c</size>
         <input_file_ref idref="fl-2"/>
      </object_component>
      <object_component id="oc-9d">
         <name>.const:g_sXTALtoMEMTIM</name>
         <load_address>0x1acc</load_address>
         <run_address>0x1acc</run_address>
         <size>0x30</size>
         <input_file_ref idref="fl-2"/>
      </object_component>
      <object_component id="oc-a3">
         <name>.const</name>
         <load_address>0x1afc</load_address>
         <run_address>0x1afc</run_address>
         <size>0x10</size>
         <input_file_ref idref="fl-2"/>
      </object_component>
      <object_component id="oc-173">
         <name>.cinit..data.load</name>
         <load_address>0x1b10</load_address>
         <run_address>0x1b10</run_address>
         <size>0xf</size>
      </object_component>
      <object_component id="oc-170">
         <name>__TI_handler_table</name>
         <load_address>0x1b20</load_address>
         <run_address>0x1b20</run_address>
         <size>0xc</size>
      </object_component>
      <object_component id="oc-172">
         <name>.cinit..vtable.load</name>
         <load_address>0x1b30</load_address>
         <run_address>0x1b30</run_address>
         <size>0x8</size>
      </object_component>
      <object_component id="oc-171">
         <name>__TI_cinit_table</name>
         <load_address>0x1b38</load_address>
         <run_address>0x1b38</run_address>
         <size>0x10</size>
      </object_component>
      <object_component id="oc-f5">
         <name>.vtable</name>
         <uninitialized>true</uninitialized>
         <run_address>0x20000000</run_address>
         <size>0x26c</size>
         <input_file_ref idref="fl-137"/>
      </object_component>
      <object_component id="oc-29">
         <name>.stack</name>
         <uninitialized>true</uninitialized>
         <run_address>0x2000026c</run_address>
         <size>0x0</size>
         <input_file_ref idref="fl-12a"/>
      </object_component>
      <object_component id="oc-174">
         <name>.stack</name>
         <uninitialized>true</uninitialized>
         <run_address>0x2000026c</run_address>
         <size>0x0</size>
      </object_component>
      <object_component id="oc-e3">
         <name>.data</name>
         <load_address>0x20000474</load_address>
         <run_address>0x20000474</run_address>
         <size>0x8</size>
         <input_file_ref idref="fl-12e"/>
      </object_component>
      <object_component id="oc-76">
         <name>.data</name>
         <load_address>0x2000047c</load_address>
         <run_address>0x2000047c</run_address>
         <size>0x4</size>
         <input_file_ref idref="fl-132"/>
      </object_component>
      <object_component id="oc-e0">
         <name>.data</name>
         <load_address>0x2000046c</load_address>
         <run_address>0x2000046c</run_address>
         <size>0x8</size>
         <input_file_ref idref="fl-133"/>
      </object_component>
      <object_component id="oc-ba">
         <name>.debug_info</name>
         <load_address>0x0</load_address>
         <run_address>0x0</run_address>
         <size>0x23a</size>
         <input_file_ref idref="fl-2"/>
      </object_component>
      <object_component id="oc-9b">
         <name>.debug_info</name>
         <load_address>0x23a</load_address>
         <run_address>0x23a</run_address>
         <size>0xca</size>
         <input_file_ref idref="fl-2"/>
      </object_component>
      <object_component id="oc-a1">
         <name>.debug_info</name>
         <load_address>0x304</load_address>
         <run_address>0x304</run_address>
         <size>0xd6</size>
         <input_file_ref idref="fl-2"/>
      </object_component>
      <object_component id="oc-9e">
         <name>.debug_info</name>
         <load_address>0x3da</load_address>
         <run_address>0x3da</run_address>
         <size>0xd0</size>
         <input_file_ref idref="fl-2"/>
      </object_component>
      <object_component id="oc-a4">
         <name>.debug_info</name>
         <load_address>0x4aa</load_address>
         <run_address>0x4aa</run_address>
         <size>0x16f</size>
         <input_file_ref idref="fl-2"/>
      </object_component>
      <object_component id="oc-aa">
         <name>.debug_info</name>
         <load_address>0x619</load_address>
         <run_address>0x619</run_address>
         <size>0xe6</size>
         <input_file_ref idref="fl-2"/>
      </object_component>
      <object_component id="oc-ad">
         <name>.debug_info</name>
         <load_address>0x6ff</load_address>
         <run_address>0x6ff</run_address>
         <size>0xe8</size>
         <input_file_ref idref="fl-2"/>
      </object_component>
      <object_component id="oc-a7">
         <name>.debug_info</name>
         <load_address>0x7e7</load_address>
         <run_address>0x7e7</run_address>
         <size>0xda</size>
         <input_file_ref idref="fl-2"/>
      </object_component>
      <object_component id="oc-31">
         <name>.debug_info</name>
         <load_address>0x8c1</load_address>
         <run_address>0x8c1</run_address>
         <size>0x6ed5</size>
         <input_file_ref idref="fl-2"/>
      </object_component>
      <object_component id="oc-112">
         <name>.debug_info</name>
         <load_address>0x7796</load_address>
         <run_address>0x7796</run_address>
         <size>0x51</size>
         <input_file_ref idref="fl-2"/>
      </object_component>
      <object_component id="oc-b5">
         <name>.debug_info</name>
         <load_address>0x77e7</load_address>
         <run_address>0x77e7</run_address>
         <size>0x8b</size>
         <input_file_ref idref="fl-2"/>
      </object_component>
      <object_component id="oc-b0">
         <name>.debug_info</name>
         <load_address>0x7872</load_address>
         <run_address>0x7872</run_address>
         <size>0x18b</size>
         <input_file_ref idref="fl-2"/>
      </object_component>
      <object_component id="oc-38">
         <name>.debug_info</name>
         <load_address>0x79fd</load_address>
         <run_address>0x79fd</run_address>
         <size>0x120</size>
         <input_file_ref idref="fl-3"/>
      </object_component>
      <object_component id="oc-10">
         <name>.debug_info</name>
         <load_address>0x7b1d</load_address>
         <run_address>0x7b1d</run_address>
         <size>0xdf</size>
         <input_file_ref idref="fl-3"/>
      </object_component>
      <object_component id="oc-2d">
         <name>.debug_info</name>
         <load_address>0x7bfc</load_address>
         <run_address>0x7bfc</run_address>
         <size>0x25b</size>
         <input_file_ref idref="fl-3"/>
      </object_component>
      <object_component id="oc-bd">
         <name>.debug_info</name>
         <load_address>0x7e57</load_address>
         <run_address>0x7e57</run_address>
         <size>0x84</size>
         <input_file_ref idref="fl-3"/>
      </object_component>
      <object_component id="oc-27">
         <name>.debug_info</name>
         <load_address>0x7edb</load_address>
         <run_address>0x7edb</run_address>
         <size>0x134</size>
         <input_file_ref idref="fl-12a"/>
      </object_component>
      <object_component id="oc-44">
         <name>.debug_info</name>
         <load_address>0x800f</load_address>
         <run_address>0x800f</run_address>
         <size>0x121</size>
         <input_file_ref idref="fl-12b"/>
      </object_component>
      <object_component id="oc-13">
         <name>.debug_info</name>
         <load_address>0x8130</load_address>
         <run_address>0x8130</run_address>
         <size>0x1c0</size>
         <input_file_ref idref="fl-12b"/>
      </object_component>
      <object_component id="oc-3f">
         <name>.debug_info</name>
         <load_address>0x82f0</load_address>
         <run_address>0x82f0</run_address>
         <size>0x46</size>
         <input_file_ref idref="fl-12b"/>
      </object_component>
      <object_component id="oc-c3">
         <name>.debug_info</name>
         <load_address>0x8336</load_address>
         <run_address>0x8336</run_address>
         <size>0x2c</size>
         <input_file_ref idref="fl-12b"/>
      </object_component>
      <object_component id="oc-4c">
         <name>.debug_info</name>
         <load_address>0x8362</load_address>
         <run_address>0x8362</run_address>
         <size>0x115</size>
         <input_file_ref idref="fl-12c"/>
      </object_component>
      <object_component id="oc-48">
         <name>.debug_info</name>
         <load_address>0x8477</load_address>
         <run_address>0x8477</run_address>
         <size>0x228</size>
         <input_file_ref idref="fl-12c"/>
      </object_component>
      <object_component id="oc-1c">
         <name>.debug_info</name>
         <load_address>0x869f</load_address>
         <run_address>0x869f</run_address>
         <size>0x192</size>
         <input_file_ref idref="fl-12c"/>
      </object_component>
      <object_component id="oc-4d">
         <name>.debug_info</name>
         <load_address>0x8831</load_address>
         <run_address>0x8831</run_address>
         <size>0x39</size>
         <input_file_ref idref="fl-12c"/>
      </object_component>
      <object_component id="oc-cd">
         <name>.debug_info</name>
         <load_address>0x886a</load_address>
         <run_address>0x886a</run_address>
         <size>0x2c</size>
         <input_file_ref idref="fl-12c"/>
      </object_component>
      <object_component id="oc-5d">
         <name>.debug_info</name>
         <load_address>0x8896</load_address>
         <run_address>0x8896</run_address>
         <size>0x110</size>
         <input_file_ref idref="fl-12d"/>
      </object_component>
      <object_component id="oc-21">
         <name>.debug_info</name>
         <load_address>0x89a6</load_address>
         <run_address>0x89a6</run_address>
         <size>0x18b</size>
         <input_file_ref idref="fl-12d"/>
      </object_component>
      <object_component id="oc-58">
         <name>.debug_info</name>
         <load_address>0x8b31</load_address>
         <run_address>0x8b31</run_address>
         <size>0x46</size>
         <input_file_ref idref="fl-12d"/>
      </object_component>
      <object_component id="oc-e7">
         <name>.debug_info</name>
         <load_address>0x8b77</load_address>
         <run_address>0x8b77</run_address>
         <size>0x172</size>
         <input_file_ref idref="fl-12e"/>
      </object_component>
      <object_component id="oc-e4">
         <name>.debug_info</name>
         <load_address>0x8ce9</load_address>
         <run_address>0x8ce9</run_address>
         <size>0x117</size>
         <input_file_ref idref="fl-12e"/>
      </object_component>
      <object_component id="oc-73">
         <name>.debug_info</name>
         <load_address>0x8e00</load_address>
         <run_address>0x8e00</run_address>
         <size>0x1ee</size>
         <input_file_ref idref="fl-12e"/>
      </object_component>
      <object_component id="oc-3a">
         <name>.debug_info</name>
         <load_address>0x8fee</load_address>
         <run_address>0x8fee</run_address>
         <size>0xf6</size>
         <input_file_ref idref="fl-12f"/>
      </object_component>
      <object_component id="oc-53">
         <name>.debug_info</name>
         <load_address>0x90e4</load_address>
         <run_address>0x90e4</run_address>
         <size>0x124</size>
         <input_file_ref idref="fl-130"/>
      </object_component>
      <object_component id="oc-61">
         <name>.debug_info</name>
         <load_address>0x9208</load_address>
         <run_address>0x9208</run_address>
         <size>0x129</size>
         <input_file_ref idref="fl-131"/>
      </object_component>
      <object_component id="oc-77">
         <name>.debug_info</name>
         <load_address>0x9331</load_address>
         <run_address>0x9331</run_address>
         <size>0xea</size>
         <input_file_ref idref="fl-132"/>
      </object_component>
      <object_component id="oc-133">
         <name>.debug_info</name>
         <load_address>0x941b</load_address>
         <run_address>0x941b</run_address>
         <size>0x105</size>
         <input_file_ref idref="fl-133"/>
      </object_component>
      <object_component id="oc-e1">
         <name>.debug_info</name>
         <load_address>0x9520</load_address>
         <run_address>0x9520</run_address>
         <size>0xf4</size>
         <input_file_ref idref="fl-133"/>
      </object_component>
      <object_component id="oc-12f">
         <name>.debug_info</name>
         <load_address>0x9614</load_address>
         <run_address>0x9614</run_address>
         <size>0x200</size>
         <input_file_ref idref="fl-133"/>
      </object_component>
      <object_component id="oc-df">
         <name>.debug_info</name>
         <load_address>0x9814</load_address>
         <run_address>0x9814</run_address>
         <size>0x147</size>
         <input_file_ref idref="fl-134"/>
      </object_component>
      <object_component id="oc-6c">
         <name>.debug_info</name>
         <load_address>0x995b</load_address>
         <run_address>0x995b</run_address>
         <size>0x148</size>
         <input_file_ref idref="fl-134"/>
      </object_component>
      <object_component id="oc-126">
         <name>.debug_info</name>
         <load_address>0x9aa3</load_address>
         <run_address>0x9aa3</run_address>
         <size>0x5e</size>
         <input_file_ref idref="fl-134"/>
      </object_component>
      <object_component id="oc-dd">
         <name>.debug_info</name>
         <load_address>0x9b01</load_address>
         <run_address>0x9b01</run_address>
         <size>0x29e</size>
         <input_file_ref idref="fl-135"/>
      </object_component>
      <object_component id="oc-66">
         <name>.debug_info</name>
         <load_address>0x9d9f</load_address>
         <run_address>0x9d9f</run_address>
         <size>0x158</size>
         <input_file_ref idref="fl-135"/>
      </object_component>
      <object_component id="oc-11a">
         <name>.debug_info</name>
         <load_address>0x9ef7</load_address>
         <run_address>0x9ef7</run_address>
         <size>0x39</size>
         <input_file_ref idref="fl-135"/>
      </object_component>
      <object_component id="oc-11f">
         <name>.debug_info</name>
         <load_address>0x9f30</load_address>
         <run_address>0x9f30</run_address>
         <size>0xcd</size>
         <input_file_ref idref="fl-135"/>
      </object_component>
      <object_component id="oc-117">
         <name>.debug_info</name>
         <load_address>0x9ffd</load_address>
         <run_address>0x9ffd</run_address>
         <size>0x1c1</size>
         <input_file_ref idref="fl-136"/>
      </object_component>
      <object_component id="oc-d8">
         <name>.debug_info</name>
         <load_address>0xa1be</load_address>
         <run_address>0xa1be</run_address>
         <size>0x164</size>
         <input_file_ref idref="fl-136"/>
      </object_component>
      <object_component id="oc-147">
         <name>.debug_info</name>
         <load_address>0xa322</load_address>
         <run_address>0xa322</run_address>
         <size>0x2c</size>
         <input_file_ref idref="fl-136"/>
      </object_component>
      <object_component id="oc-f4">
         <name>.debug_info</name>
         <load_address>0xa34e</load_address>
         <run_address>0xa34e</run_address>
         <size>0x1ba</size>
         <input_file_ref idref="fl-137"/>
      </object_component>
      <object_component id="oc-ec">
         <name>.debug_info</name>
         <load_address>0xa508</load_address>
         <run_address>0xa508</run_address>
         <size>0x1c2</size>
         <input_file_ref idref="fl-137"/>
      </object_component>
      <object_component id="oc-f6">
         <name>.debug_info</name>
         <load_address>0xa6ca</load_address>
         <run_address>0xa6ca</run_address>
         <size>0x109</size>
         <input_file_ref idref="fl-137"/>
      </object_component>
      <object_component id="oc-fb">
         <name>.debug_info</name>
         <load_address>0xa7d3</load_address>
         <run_address>0xa7d3</run_address>
         <size>0x217</size>
         <input_file_ref idref="fl-137"/>
      </object_component>
      <object_component id="oc-85">
         <name>.debug_info</name>
         <load_address>0xa9ea</load_address>
         <run_address>0xa9ea</run_address>
         <size>0x1d4</size>
         <input_file_ref idref="fl-137"/>
      </object_component>
      <object_component id="oc-8a">
         <name>.debug_info</name>
         <load_address>0xabbe</load_address>
         <run_address>0xabbe</run_address>
         <size>0x2b0</size>
         <input_file_ref idref="fl-137"/>
      </object_component>
      <object_component id="oc-90">
         <name>.debug_info</name>
         <load_address>0xae6e</load_address>
         <run_address>0xae6e</run_address>
         <size>0x1cc</size>
         <input_file_ref idref="fl-137"/>
      </object_component>
      <object_component id="oc-7e">
         <name>.debug_info</name>
         <load_address>0xb03a</load_address>
         <run_address>0xb03a</run_address>
         <size>0x1ce</size>
         <input_file_ref idref="fl-137"/>
      </object_component>
      <object_component id="oc-13b">
         <name>.debug_info</name>
         <load_address>0xb208</load_address>
         <run_address>0xb208</run_address>
         <size>0x90</size>
         <input_file_ref idref="fl-137"/>
      </object_component>
      <object_component id="oc-ef">
         <name>.debug_info</name>
         <load_address>0xb298</load_address>
         <run_address>0xb298</run_address>
         <size>0x18b</size>
         <input_file_ref idref="fl-137"/>
      </object_component>
      <object_component id="oc-95">
         <name>.debug_info</name>
         <load_address>0xb423</load_address>
         <run_address>0xb423</run_address>
         <size>0x16e</size>
         <input_file_ref idref="fl-138"/>
      </object_component>
      <object_component id="oc-175">
         <name>.debug_info</name>
         <load_address>0xb591</load_address>
         <run_address>0xb591</run_address>
         <size>0x99</size>
      </object_component>
      <object_component id="oc-111">
         <name>.debug_line</name>
         <load_address>0x0</load_address>
         <run_address>0x0</run_address>
         <size>0xce</size>
         <input_file_ref idref="fl-2"/>
      </object_component>
      <object_component id="oc-103">
         <name>.debug_line</name>
         <load_address>0xce</load_address>
         <run_address>0xce</run_address>
         <size>0x5a</size>
         <input_file_ref idref="fl-2"/>
      </object_component>
      <object_component id="oc-107">
         <name>.debug_line</name>
         <load_address>0x128</load_address>
         <run_address>0x128</run_address>
         <size>0x5a</size>
         <input_file_ref idref="fl-2"/>
      </object_component>
      <object_component id="oc-105">
         <name>.debug_line</name>
         <load_address>0x182</load_address>
         <run_address>0x182</run_address>
         <size>0x5a</size>
         <input_file_ref idref="fl-2"/>
      </object_component>
      <object_component id="oc-109">
         <name>.debug_line</name>
         <load_address>0x1dc</load_address>
         <run_address>0x1dc</run_address>
         <size>0x92</size>
         <input_file_ref idref="fl-2"/>
      </object_component>
      <object_component id="oc-10d">
         <name>.debug_line</name>
         <load_address>0x26e</load_address>
         <run_address>0x26e</run_address>
         <size>0x58</size>
         <input_file_ref idref="fl-2"/>
      </object_component>
      <object_component id="oc-10f">
         <name>.debug_line</name>
         <load_address>0x2c6</load_address>
         <run_address>0x2c6</run_address>
         <size>0x58</size>
         <input_file_ref idref="fl-2"/>
      </object_component>
      <object_component id="oc-10b">
         <name>.debug_line</name>
         <load_address>0x31e</load_address>
         <run_address>0x31e</run_address>
         <size>0x58</size>
         <input_file_ref idref="fl-2"/>
      </object_component>
      <object_component id="oc-34">
         <name>.debug_line</name>
         <load_address>0x376</load_address>
         <run_address>0x376</run_address>
         <size>0xee1</size>
         <input_file_ref idref="fl-2"/>
      </object_component>
      <object_component id="oc-114">
         <name>.debug_line</name>
         <load_address>0x1257</load_address>
         <run_address>0x1257</run_address>
         <size>0x5a</size>
         <input_file_ref idref="fl-2"/>
      </object_component>
      <object_component id="oc-b8">
         <name>.debug_line</name>
         <load_address>0x12b1</load_address>
         <run_address>0x12b1</run_address>
         <size>0x20</size>
         <input_file_ref idref="fl-2"/>
      </object_component>
      <object_component id="oc-b3">
         <name>.debug_line</name>
         <load_address>0x12d1</load_address>
         <run_address>0x12d1</run_address>
         <size>0x60</size>
         <input_file_ref idref="fl-2"/>
      </object_component>
      <object_component id="oc-bc">
         <name>.debug_line</name>
         <load_address>0x1331</load_address>
         <run_address>0x1331</run_address>
         <size>0x41</size>
         <input_file_ref idref="fl-3"/>
      </object_component>
      <object_component id="oc-37">
         <name>.debug_line</name>
         <load_address>0x1372</load_address>
         <run_address>0x1372</run_address>
         <size>0x41</size>
         <input_file_ref idref="fl-3"/>
      </object_component>
      <object_component id="oc-2f">
         <name>.debug_line</name>
         <load_address>0x13b3</load_address>
         <run_address>0x13b3</run_address>
         <size>0x9b</size>
         <input_file_ref idref="fl-3"/>
      </object_component>
      <object_component id="oc-c0">
         <name>.debug_line</name>
         <load_address>0x144e</load_address>
         <run_address>0x144e</run_address>
         <size>0x20</size>
         <input_file_ref idref="fl-3"/>
      </object_component>
      <object_component id="oc-26">
         <name>.debug_line</name>
         <load_address>0x146e</load_address>
         <run_address>0x146e</run_address>
         <size>0x52</size>
         <input_file_ref idref="fl-12a"/>
      </object_component>
      <object_component id="oc-c9">
         <name>.debug_line</name>
         <load_address>0x14c0</load_address>
         <run_address>0x14c0</run_address>
         <size>0x80</size>
         <input_file_ref idref="fl-12b"/>
      </object_component>
      <object_component id="oc-16">
         <name>.debug_line</name>
         <load_address>0x1540</load_address>
         <run_address>0x1540</run_address>
         <size>0x55</size>
         <input_file_ref idref="fl-12b"/>
      </object_component>
      <object_component id="oc-42">
         <name>.debug_line</name>
         <load_address>0x1595</load_address>
         <run_address>0x1595</run_address>
         <size>0x3a</size>
         <input_file_ref idref="fl-12b"/>
      </object_component>
      <object_component id="oc-c6">
         <name>.debug_line</name>
         <load_address>0x15cf</load_address>
         <run_address>0x15cf</run_address>
         <size>0x80</size>
         <input_file_ref idref="fl-12b"/>
      </object_component>
      <object_component id="oc-cc">
         <name>.debug_line</name>
         <load_address>0x164f</load_address>
         <run_address>0x164f</run_address>
         <size>0x80</size>
         <input_file_ref idref="fl-12c"/>
      </object_component>
      <object_component id="oc-4a">
         <name>.debug_line</name>
         <load_address>0x16cf</load_address>
         <run_address>0x16cf</run_address>
         <size>0x98</size>
         <input_file_ref idref="fl-12c"/>
      </object_component>
      <object_component id="oc-19">
         <name>.debug_line</name>
         <load_address>0x1767</load_address>
         <run_address>0x1767</run_address>
         <size>0x4b</size>
         <input_file_ref idref="fl-12c"/>
      </object_component>
      <object_component id="oc-50">
         <name>.debug_line</name>
         <load_address>0x17b2</load_address>
         <run_address>0x17b2</run_address>
         <size>0x39</size>
         <input_file_ref idref="fl-12c"/>
      </object_component>
      <object_component id="oc-d0">
         <name>.debug_line</name>
         <load_address>0x17eb</load_address>
         <run_address>0x17eb</run_address>
         <size>0x80</size>
         <input_file_ref idref="fl-12c"/>
      </object_component>
      <object_component id="oc-d4">
         <name>.debug_line</name>
         <load_address>0x186b</load_address>
         <run_address>0x186b</run_address>
         <size>0x80</size>
         <input_file_ref idref="fl-12d"/>
      </object_component>
      <object_component id="oc-20">
         <name>.debug_line</name>
         <load_address>0x18eb</load_address>
         <run_address>0x18eb</run_address>
         <size>0x4f</size>
         <input_file_ref idref="fl-12d"/>
      </object_component>
      <object_component id="oc-5b">
         <name>.debug_line</name>
         <load_address>0x193a</load_address>
         <run_address>0x193a</run_address>
         <size>0x34</size>
         <input_file_ref idref="fl-12d"/>
      </object_component>
      <object_component id="oc-138">
         <name>.debug_line</name>
         <load_address>0x196e</load_address>
         <run_address>0x196e</run_address>
         <size>0x7f</size>
         <input_file_ref idref="fl-12e"/>
      </object_component>
      <object_component id="oc-136">
         <name>.debug_line</name>
         <load_address>0x19ed</load_address>
         <run_address>0x19ed</run_address>
         <size>0x2a</size>
         <input_file_ref idref="fl-12e"/>
      </object_component>
      <object_component id="oc-71">
         <name>.debug_line</name>
         <load_address>0x1a17</load_address>
         <run_address>0x1a17</run_address>
         <size>0x7a</size>
         <input_file_ref idref="fl-12e"/>
      </object_component>
      <object_component id="oc-3d">
         <name>.debug_line</name>
         <load_address>0x1a91</load_address>
         <run_address>0x1a91</run_address>
         <size>0x88</size>
         <input_file_ref idref="fl-12f"/>
      </object_component>
      <object_component id="oc-56">
         <name>.debug_line</name>
         <load_address>0x1b19</load_address>
         <run_address>0x1b19</run_address>
         <size>0x79</size>
         <input_file_ref idref="fl-130"/>
      </object_component>
      <object_component id="oc-60">
         <name>.debug_line</name>
         <load_address>0x1b92</load_address>
         <run_address>0x1b92</run_address>
         <size>0x40</size>
         <input_file_ref idref="fl-131"/>
      </object_component>
      <object_component id="oc-ea">
         <name>.debug_line</name>
         <load_address>0x1bd2</load_address>
         <run_address>0x1bd2</run_address>
         <size>0x33</size>
         <input_file_ref idref="fl-132"/>
      </object_component>
      <object_component id="oc-14e">
         <name>.debug_line</name>
         <load_address>0x1c05</load_address>
         <run_address>0x1c05</run_address>
         <size>0x20</size>
         <input_file_ref idref="fl-133"/>
      </object_component>
      <object_component id="oc-132">
         <name>.debug_line</name>
         <load_address>0x1c25</load_address>
         <run_address>0x1c25</run_address>
         <size>0x2b</size>
         <input_file_ref idref="fl-133"/>
      </object_component>
      <object_component id="oc-12c">
         <name>.debug_line</name>
         <load_address>0x1c50</load_address>
         <run_address>0x1c50</run_address>
         <size>0x68</size>
         <input_file_ref idref="fl-133"/>
      </object_component>
      <object_component id="oc-125">
         <name>.debug_line</name>
         <load_address>0x1cb8</load_address>
         <run_address>0x1cb8</run_address>
         <size>0x2b</size>
         <input_file_ref idref="fl-134"/>
      </object_component>
      <object_component id="oc-6b">
         <name>.debug_line</name>
         <load_address>0x1ce3</load_address>
         <run_address>0x1ce3</run_address>
         <size>0x50</size>
         <input_file_ref idref="fl-134"/>
      </object_component>
      <object_component id="oc-129">
         <name>.debug_line</name>
         <load_address>0x1d33</load_address>
         <run_address>0x1d33</run_address>
         <size>0x2b</size>
         <input_file_ref idref="fl-134"/>
      </object_component>
      <object_component id="oc-119">
         <name>.debug_line</name>
         <load_address>0x1d5e</load_address>
         <run_address>0x1d5e</run_address>
         <size>0x8f</size>
         <input_file_ref idref="fl-135"/>
      </object_component>
      <object_component id="oc-65">
         <name>.debug_line</name>
         <load_address>0x1ded</load_address>
         <run_address>0x1ded</run_address>
         <size>0x79</size>
         <input_file_ref idref="fl-135"/>
      </object_component>
      <object_component id="oc-11d">
         <name>.debug_line</name>
         <load_address>0x1e66</load_address>
         <run_address>0x1e66</run_address>
         <size>0x2e</size>
         <input_file_ref idref="fl-135"/>
      </object_component>
      <object_component id="oc-122">
         <name>.debug_line</name>
         <load_address>0x1e94</load_address>
         <run_address>0x1e94</run_address>
         <size>0x81</size>
         <input_file_ref idref="fl-135"/>
      </object_component>
      <object_component id="oc-146">
         <name>.debug_line</name>
         <load_address>0x1f15</load_address>
         <run_address>0x1f15</run_address>
         <size>0x8e</size>
         <input_file_ref idref="fl-136"/>
      </object_component>
      <object_component id="oc-d7">
         <name>.debug_line</name>
         <load_address>0x1fa3</load_address>
         <run_address>0x1fa3</run_address>
         <size>0x68</size>
         <input_file_ref idref="fl-136"/>
      </object_component>
      <object_component id="oc-14a">
         <name>.debug_line</name>
         <load_address>0x200b</load_address>
         <run_address>0x200b</run_address>
         <size>0x2e</size>
         <input_file_ref idref="fl-136"/>
      </object_component>
      <object_component id="oc-141">
         <name>.debug_line</name>
         <load_address>0x2039</load_address>
         <run_address>0x2039</run_address>
         <size>0x55</size>
         <input_file_ref idref="fl-137"/>
      </object_component>
      <object_component id="oc-13a">
         <name>.debug_line</name>
         <load_address>0x208e</load_address>
         <run_address>0x208e</run_address>
         <size>0x5b</size>
         <input_file_ref idref="fl-137"/>
      </object_component>
      <object_component id="oc-143">
         <name>.debug_line</name>
         <load_address>0x20e9</load_address>
         <run_address>0x20e9</run_address>
         <size>0x5b</size>
         <input_file_ref idref="fl-137"/>
      </object_component>
      <object_component id="oc-fa">
         <name>.debug_line</name>
         <load_address>0x2144</load_address>
         <run_address>0x2144</run_address>
         <size>0x70</size>
         <input_file_ref idref="fl-137"/>
      </object_component>
      <object_component id="oc-84">
         <name>.debug_line</name>
         <load_address>0x21b4</load_address>
         <run_address>0x21b4</run_address>
         <size>0x70</size>
         <input_file_ref idref="fl-137"/>
      </object_component>
      <object_component id="oc-89">
         <name>.debug_line</name>
         <load_address>0x2224</load_address>
         <run_address>0x2224</run_address>
         <size>0x88</size>
         <input_file_ref idref="fl-137"/>
      </object_component>
      <object_component id="oc-8f">
         <name>.debug_line</name>
         <load_address>0x22ac</load_address>
         <run_address>0x22ac</run_address>
         <size>0x99</size>
         <input_file_ref idref="fl-137"/>
      </object_component>
      <object_component id="oc-7d">
         <name>.debug_line</name>
         <load_address>0x2345</load_address>
         <run_address>0x2345</run_address>
         <size>0x99</size>
         <input_file_ref idref="fl-137"/>
      </object_component>
      <object_component id="oc-13e">
         <name>.debug_line</name>
         <load_address>0x23de</load_address>
         <run_address>0x23de</run_address>
         <size>0x20</size>
         <input_file_ref idref="fl-137"/>
      </object_component>
      <object_component id="oc-f2">
         <name>.debug_line</name>
         <load_address>0x23fe</load_address>
         <run_address>0x23fe</run_address>
         <size>0x5e</size>
         <input_file_ref idref="fl-137"/>
      </object_component>
      <object_component id="oc-99">
         <name>.debug_line</name>
         <load_address>0x245c</load_address>
         <run_address>0x245c</run_address>
         <size>0x67</size>
         <input_file_ref idref="fl-138"/>
      </object_component>
      <object_component id="oc-35">
         <name>.debug_frame</name>
         <load_address>0x0</load_address>
         <run_address>0x0</run_address>
         <size>0x922</size>
         <input_file_ref idref="fl-2"/>
      </object_component>
      <object_component id="oc-2c">
         <name>.debug_frame</name>
         <load_address>0x922</load_address>
         <run_address>0x922</run_address>
         <size>0xb2</size>
         <input_file_ref idref="fl-3"/>
      </object_component>
      <object_component id="oc-17">
         <name>.debug_frame</name>
         <load_address>0x9d4</load_address>
         <run_address>0x9d4</run_address>
         <size>0x7f</size>
         <input_file_ref idref="fl-12b"/>
      </object_component>
      <object_component id="oc-47">
         <name>.debug_frame</name>
         <load_address>0xa53</load_address>
         <run_address>0xa53</run_address>
         <size>0x8e</size>
         <input_file_ref idref="fl-12c"/>
      </object_component>
      <object_component id="oc-1b">
         <name>.debug_frame</name>
         <load_address>0xae1</load_address>
         <run_address>0xae1</run_address>
         <size>0x7f</size>
         <input_file_ref idref="fl-12c"/>
      </object_component>
      <object_component id="oc-1f">
         <name>.debug_frame</name>
         <load_address>0xb60</load_address>
         <run_address>0xb60</run_address>
         <size>0x7f</size>
         <input_file_ref idref="fl-12d"/>
      </object_component>
      <object_component id="oc-72">
         <name>.debug_frame</name>
         <load_address>0xbdf</load_address>
         <run_address>0xbdf</run_address>
         <size>0xb3</size>
         <input_file_ref idref="fl-12e"/>
      </object_component>
      <object_component id="oc-5f">
         <name>.debug_frame</name>
         <load_address>0xc92</load_address>
         <run_address>0xc92</run_address>
         <size>0x7f</size>
         <input_file_ref idref="fl-131"/>
      </object_component>
      <object_component id="oc-12e">
         <name>.debug_frame</name>
         <load_address>0xd11</load_address>
         <run_address>0xd11</run_address>
         <size>0xa1</size>
         <input_file_ref idref="fl-133"/>
      </object_component>
      <object_component id="oc-6f">
         <name>.debug_frame</name>
         <load_address>0xdb2</load_address>
         <run_address>0xdb2</run_address>
         <size>0x7f</size>
         <input_file_ref idref="fl-134"/>
      </object_component>
      <object_component id="oc-69">
         <name>.debug_frame</name>
         <load_address>0xe31</load_address>
         <run_address>0xe31</run_address>
         <size>0x8a</size>
         <input_file_ref idref="fl-135"/>
      </object_component>
      <object_component id="oc-db">
         <name>.debug_frame</name>
         <load_address>0xebb</load_address>
         <run_address>0xebb</run_address>
         <size>0x8e</size>
         <input_file_ref idref="fl-136"/>
      </object_component>
      <object_component id="oc-f9">
         <name>.debug_frame</name>
         <load_address>0xf49</load_address>
         <run_address>0xf49</run_address>
         <size>0x7f</size>
         <input_file_ref idref="fl-137"/>
      </object_component>
      <object_component id="oc-83">
         <name>.debug_frame</name>
         <load_address>0xfc8</load_address>
         <run_address>0xfc8</run_address>
         <size>0x7f</size>
         <input_file_ref idref="fl-137"/>
      </object_component>
      <object_component id="oc-8d">
         <name>.debug_frame</name>
         <load_address>0x1047</load_address>
         <run_address>0x1047</run_address>
         <size>0x8f</size>
         <input_file_ref idref="fl-137"/>
      </object_component>
      <object_component id="oc-93">
         <name>.debug_frame</name>
         <load_address>0x10d6</load_address>
         <run_address>0x10d6</run_address>
         <size>0x7f</size>
         <input_file_ref idref="fl-137"/>
      </object_component>
      <object_component id="oc-81">
         <name>.debug_frame</name>
         <load_address>0x1155</load_address>
         <run_address>0x1155</run_address>
         <size>0x7f</size>
         <input_file_ref idref="fl-137"/>
      </object_component>
      <object_component id="oc-98">
         <name>.debug_frame</name>
         <load_address>0x11d4</load_address>
         <run_address>0x11d4</run_address>
         <size>0x7f</size>
         <input_file_ref idref="fl-138"/>
      </object_component>
      <object_component id="oc-110">
         <name>.debug_abbrev</name>
         <load_address>0x0</load_address>
         <run_address>0x0</run_address>
         <size>0xb0</size>
         <input_file_ref idref="fl-2"/>
      </object_component>
      <object_component id="oc-102">
         <name>.debug_abbrev</name>
         <load_address>0xb0</load_address>
         <run_address>0xb0</run_address>
         <size>0x27</size>
         <input_file_ref idref="fl-2"/>
      </object_component>
      <object_component id="oc-106">
         <name>.debug_abbrev</name>
         <load_address>0xd7</load_address>
         <run_address>0xd7</run_address>
         <size>0x27</size>
         <input_file_ref idref="fl-2"/>
      </object_component>
      <object_component id="oc-104">
         <name>.debug_abbrev</name>
         <load_address>0xfe</load_address>
         <run_address>0xfe</run_address>
         <size>0x27</size>
         <input_file_ref idref="fl-2"/>
      </object_component>
      <object_component id="oc-108">
         <name>.debug_abbrev</name>
         <load_address>0x125</load_address>
         <run_address>0x125</run_address>
         <size>0x3b</size>
         <input_file_ref idref="fl-2"/>
      </object_component>
      <object_component id="oc-10c">
         <name>.debug_abbrev</name>
         <load_address>0x160</load_address>
         <run_address>0x160</run_address>
         <size>0x27</size>
         <input_file_ref idref="fl-2"/>
      </object_component>
      <object_component id="oc-10e">
         <name>.debug_abbrev</name>
         <load_address>0x187</load_address>
         <run_address>0x187</run_address>
         <size>0x27</size>
         <input_file_ref idref="fl-2"/>
      </object_component>
      <object_component id="oc-10a">
         <name>.debug_abbrev</name>
         <load_address>0x1ae</load_address>
         <run_address>0x1ae</run_address>
         <size>0x27</size>
         <input_file_ref idref="fl-2"/>
      </object_component>
      <object_component id="oc-af">
         <name>.debug_abbrev</name>
         <load_address>0x1d5</load_address>
         <run_address>0x1d5</run_address>
         <size>0x1b7</size>
         <input_file_ref idref="fl-2"/>
      </object_component>
      <object_component id="oc-113">
         <name>.debug_abbrev</name>
         <load_address>0x38c</load_address>
         <run_address>0x38c</run_address>
         <size>0x38</size>
         <input_file_ref idref="fl-2"/>
      </object_component>
      <object_component id="oc-b7">
         <name>.debug_abbrev</name>
         <load_address>0x3c4</load_address>
         <run_address>0x3c4</run_address>
         <size>0x1f</size>
         <input_file_ref idref="fl-2"/>
      </object_component>
      <object_component id="oc-b2">
         <name>.debug_abbrev</name>
         <load_address>0x3e3</load_address>
         <run_address>0x3e3</run_address>
         <size>0x35</size>
         <input_file_ref idref="fl-2"/>
      </object_component>
      <object_component id="oc-bb">
         <name>.debug_abbrev</name>
         <load_address>0x418</load_address>
         <run_address>0x418</run_address>
         <size>0x71</size>
         <input_file_ref idref="fl-3"/>
      </object_component>
      <object_component id="oc-36">
         <name>.debug_abbrev</name>
         <load_address>0x489</load_address>
         <run_address>0x489</run_address>
         <size>0x29</size>
         <input_file_ref idref="fl-3"/>
      </object_component>
      <object_component id="oc-7a">
         <name>.debug_abbrev</name>
         <load_address>0x4b2</load_address>
         <run_address>0x4b2</run_address>
         <size>0x79</size>
         <input_file_ref idref="fl-3"/>
      </object_component>
      <object_component id="oc-bf">
         <name>.debug_abbrev</name>
         <load_address>0x52b</load_address>
         <run_address>0x52b</run_address>
         <size>0x1f</size>
         <input_file_ref idref="fl-3"/>
      </object_component>
      <object_component id="oc-79">
         <name>.debug_abbrev</name>
         <load_address>0x54a</load_address>
         <run_address>0x54a</run_address>
         <size>0x3e</size>
         <input_file_ref idref="fl-12a"/>
      </object_component>
      <object_component id="oc-c8">
         <name>.debug_abbrev</name>
         <load_address>0x588</load_address>
         <run_address>0x588</run_address>
         <size>0x52</size>
         <input_file_ref idref="fl-12b"/>
      </object_component>
      <object_component id="oc-3e">
         <name>.debug_abbrev</name>
         <load_address>0x5da</load_address>
         <run_address>0x5da</run_address>
         <size>0x74</size>
         <input_file_ref idref="fl-12b"/>
      </object_component>
      <object_component id="oc-41">
         <name>.debug_abbrev</name>
         <load_address>0x64e</load_address>
         <run_address>0x64e</run_address>
         <size>0x24</size>
         <input_file_ref idref="fl-12b"/>
      </object_component>
      <object_component id="oc-c5">
         <name>.debug_abbrev</name>
         <load_address>0x672</load_address>
         <run_address>0x672</run_address>
         <size>0x24</size>
         <input_file_ref idref="fl-12b"/>
      </object_component>
      <object_component id="oc-cb">
         <name>.debug_abbrev</name>
         <load_address>0x696</load_address>
         <run_address>0x696</run_address>
         <size>0x52</size>
         <input_file_ref idref="fl-12c"/>
      </object_component>
      <object_component id="oc-ca">
         <name>.debug_abbrev</name>
         <load_address>0x6e8</load_address>
         <run_address>0x6e8</run_address>
         <size>0x7b</size>
         <input_file_ref idref="fl-12c"/>
      </object_component>
      <object_component id="oc-4b">
         <name>.debug_abbrev</name>
         <load_address>0x763</load_address>
         <run_address>0x763</run_address>
         <size>0x66</size>
         <input_file_ref idref="fl-12c"/>
      </object_component>
      <object_component id="oc-4f">
         <name>.debug_abbrev</name>
         <load_address>0x7c9</load_address>
         <run_address>0x7c9</run_address>
         <size>0x24</size>
         <input_file_ref idref="fl-12c"/>
      </object_component>
      <object_component id="oc-cf">
         <name>.debug_abbrev</name>
         <load_address>0x7ed</load_address>
         <run_address>0x7ed</run_address>
         <size>0x24</size>
         <input_file_ref idref="fl-12c"/>
      </object_component>
      <object_component id="oc-d3">
         <name>.debug_abbrev</name>
         <load_address>0x811</load_address>
         <run_address>0x811</run_address>
         <size>0x52</size>
         <input_file_ref idref="fl-12d"/>
      </object_component>
      <object_component id="oc-57">
         <name>.debug_abbrev</name>
         <load_address>0x863</load_address>
         <run_address>0x863</run_address>
         <size>0x74</size>
         <input_file_ref idref="fl-12d"/>
      </object_component>
      <object_component id="oc-5a">
         <name>.debug_abbrev</name>
         <load_address>0x8d7</load_address>
         <run_address>0x8d7</run_address>
         <size>0x24</size>
         <input_file_ref idref="fl-12d"/>
      </object_component>
      <object_component id="oc-137">
         <name>.debug_abbrev</name>
         <load_address>0x8fb</load_address>
         <run_address>0x8fb</run_address>
         <size>0x6b</size>
         <input_file_ref idref="fl-12e"/>
      </object_component>
      <object_component id="oc-135">
         <name>.debug_abbrev</name>
         <load_address>0x966</load_address>
         <run_address>0x966</run_address>
         <size>0x29</size>
         <input_file_ref idref="fl-12e"/>
      </object_component>
      <object_component id="oc-e6">
         <name>.debug_abbrev</name>
         <load_address>0x98f</load_address>
         <run_address>0x98f</run_address>
         <size>0xba</size>
         <input_file_ref idref="fl-12e"/>
      </object_component>
      <object_component id="oc-c2">
         <name>.debug_abbrev</name>
         <load_address>0xa49</load_address>
         <run_address>0xa49</run_address>
         <size>0x3e</size>
         <input_file_ref idref="fl-12f"/>
      </object_component>
      <object_component id="oc-d2">
         <name>.debug_abbrev</name>
         <load_address>0xa87</load_address>
         <run_address>0xa87</run_address>
         <size>0x4f</size>
         <input_file_ref idref="fl-130"/>
      </object_component>
      <object_component id="oc-d5">
         <name>.debug_abbrev</name>
         <load_address>0xad6</load_address>
         <run_address>0xad6</run_address>
         <size>0x55</size>
         <input_file_ref idref="fl-131"/>
      </object_component>
      <object_component id="oc-e9">
         <name>.debug_abbrev</name>
         <load_address>0xb2b</load_address>
         <run_address>0xb2b</run_address>
         <size>0x27</size>
         <input_file_ref idref="fl-132"/>
      </object_component>
      <object_component id="oc-14d">
         <name>.debug_abbrev</name>
         <load_address>0xb52</load_address>
         <run_address>0xb52</run_address>
         <size>0x45</size>
         <input_file_ref idref="fl-133"/>
      </object_component>
      <object_component id="oc-131">
         <name>.debug_abbrev</name>
         <load_address>0xb97</load_address>
         <run_address>0xb97</run_address>
         <size>0x29</size>
         <input_file_ref idref="fl-133"/>
      </object_component>
      <object_component id="oc-14c">
         <name>.debug_abbrev</name>
         <load_address>0xbc0</load_address>
         <run_address>0xbc0</run_address>
         <size>0x6f</size>
         <input_file_ref idref="fl-133"/>
      </object_component>
      <object_component id="oc-124">
         <name>.debug_abbrev</name>
         <load_address>0xc2f</load_address>
         <run_address>0xc2f</run_address>
         <size>0x8e</size>
         <input_file_ref idref="fl-134"/>
      </object_component>
      <object_component id="oc-de">
         <name>.debug_abbrev</name>
         <load_address>0xcbd</load_address>
         <run_address>0xcbd</run_address>
         <size>0x68</size>
         <input_file_ref idref="fl-134"/>
      </object_component>
      <object_component id="oc-128">
         <name>.debug_abbrev</name>
         <load_address>0xd25</load_address>
         <run_address>0xd25</run_address>
         <size>0x49</size>
         <input_file_ref idref="fl-134"/>
      </object_component>
      <object_component id="oc-118">
         <name>.debug_abbrev</name>
         <load_address>0xd6e</load_address>
         <run_address>0xd6e</run_address>
         <size>0x9a</size>
         <input_file_ref idref="fl-135"/>
      </object_component>
      <object_component id="oc-dc">
         <name>.debug_abbrev</name>
         <load_address>0xe08</load_address>
         <run_address>0xe08</run_address>
         <size>0x7e</size>
         <input_file_ref idref="fl-135"/>
      </object_component>
      <object_component id="oc-11c">
         <name>.debug_abbrev</name>
         <load_address>0xe86</load_address>
         <run_address>0xe86</run_address>
         <size>0x24</size>
         <input_file_ref idref="fl-135"/>
      </object_component>
      <object_component id="oc-121">
         <name>.debug_abbrev</name>
         <load_address>0xeaa</load_address>
         <run_address>0xeaa</run_address>
         <size>0x4b</size>
         <input_file_ref idref="fl-135"/>
      </object_component>
      <object_component id="oc-145">
         <name>.debug_abbrev</name>
         <load_address>0xef5</load_address>
         <run_address>0xef5</run_address>
         <size>0x9c</size>
         <input_file_ref idref="fl-136"/>
      </object_component>
      <object_component id="oc-116">
         <name>.debug_abbrev</name>
         <load_address>0xf91</load_address>
         <run_address>0xf91</run_address>
         <size>0x8c</size>
         <input_file_ref idref="fl-136"/>
      </object_component>
      <object_component id="oc-149">
         <name>.debug_abbrev</name>
         <load_address>0x101d</load_address>
         <run_address>0x101d</run_address>
         <size>0x24</size>
         <input_file_ref idref="fl-136"/>
      </object_component>
      <object_component id="oc-140">
         <name>.debug_abbrev</name>
         <load_address>0x1041</load_address>
         <run_address>0x1041</run_address>
         <size>0x8e</size>
         <input_file_ref idref="fl-137"/>
      </object_component>
      <object_component id="oc-139">
         <name>.debug_abbrev</name>
         <load_address>0x10cf</load_address>
         <run_address>0x10cf</run_address>
         <size>0x27</size>
         <input_file_ref idref="fl-137"/>
      </object_component>
      <object_component id="oc-142">
         <name>.debug_abbrev</name>
         <load_address>0x10f6</load_address>
         <run_address>0x10f6</run_address>
         <size>0x29</size>
         <input_file_ref idref="fl-137"/>
      </object_component>
      <object_component id="oc-144">
         <name>.debug_abbrev</name>
         <load_address>0x111f</load_address>
         <run_address>0x111f</run_address>
         <size>0x61</size>
         <input_file_ref idref="fl-137"/>
      </object_component>
      <object_component id="oc-fe">
         <name>.debug_abbrev</name>
         <load_address>0x1180</load_address>
         <run_address>0x1180</run_address>
         <size>0x6c</size>
         <input_file_ref idref="fl-137"/>
      </object_component>
      <object_component id="oc-ff">
         <name>.debug_abbrev</name>
         <load_address>0x11ec</load_address>
         <run_address>0x11ec</run_address>
         <size>0x8b</size>
         <input_file_ref idref="fl-137"/>
      </object_component>
      <object_component id="oc-100">
         <name>.debug_abbrev</name>
         <load_address>0x1277</load_address>
         <run_address>0x1277</run_address>
         <size>0x6c</size>
         <input_file_ref idref="fl-137"/>
      </object_component>
      <object_component id="oc-ee">
         <name>.debug_abbrev</name>
         <load_address>0x12e3</load_address>
         <run_address>0x12e3</run_address>
         <size>0x6c</size>
         <input_file_ref idref="fl-137"/>
      </object_component>
      <object_component id="oc-13d">
         <name>.debug_abbrev</name>
         <load_address>0x134f</load_address>
         <run_address>0x134f</run_address>
         <size>0x23</size>
         <input_file_ref idref="fl-137"/>
      </object_component>
      <object_component id="oc-f1">
         <name>.debug_abbrev</name>
         <load_address>0x1372</load_address>
         <run_address>0x1372</run_address>
         <size>0x35</size>
         <input_file_ref idref="fl-137"/>
      </object_component>
      <object_component id="oc-101">
         <name>.debug_abbrev</name>
         <load_address>0x13a7</load_address>
         <run_address>0x13a7</run_address>
         <size>0x50</size>
         <input_file_ref idref="fl-138"/>
      </object_component>
      <object_component id="oc-176">
         <name>.debug_abbrev</name>
         <load_address>0x13f7</load_address>
         <run_address>0x13f7</run_address>
         <size>0xf</size>
      </object_component>
      <object_component id="oc-115">
         <name>.debug_str</name>
         <load_address>0x0</load_address>
         <run_address>0x0</run_address>
         <size>0xd9</size>
         <input_file_ref idref="fl-2"/>
      </object_component>
      <object_component id="oc-b9">
         <name>.debug_str</name>
         <load_address>0xd9</load_address>
         <run_address>0xd9</run_address>
         <size>0xf5</size>
         <input_file_ref idref="fl-2"/>
      </object_component>
      <object_component id="oc-b4">
         <name>.debug_str</name>
         <load_address>0x1ce</load_address>
         <run_address>0x1ce</run_address>
         <size>0x207</size>
         <input_file_ref idref="fl-2"/>
      </object_component>
      <object_component id="oc-c1">
         <name>.debug_str</name>
         <load_address>0x3d5</load_address>
         <run_address>0x3d5</run_address>
         <size>0xf5</size>
         <input_file_ref idref="fl-3"/>
      </object_component>
      <object_component id="oc-43">
         <name>.debug_str</name>
         <load_address>0x4ca</load_address>
         <run_address>0x4ca</run_address>
         <size>0xe1</size>
         <input_file_ref idref="fl-12b"/>
      </object_component>
      <object_component id="oc-c7">
         <name>.debug_str</name>
         <load_address>0x5ab</load_address>
         <run_address>0x5ab</run_address>
         <size>0x104</size>
         <input_file_ref idref="fl-12b"/>
      </object_component>
      <object_component id="oc-51">
         <name>.debug_str</name>
         <load_address>0x6af</load_address>
         <run_address>0x6af</run_address>
         <size>0xd3</size>
         <input_file_ref idref="fl-12c"/>
      </object_component>
      <object_component id="oc-d1">
         <name>.debug_str</name>
         <load_address>0x782</load_address>
         <run_address>0x782</run_address>
         <size>0x104</size>
         <input_file_ref idref="fl-12c"/>
      </object_component>
      <object_component id="oc-5c">
         <name>.debug_str</name>
         <load_address>0x886</load_address>
         <run_address>0x886</run_address>
         <size>0xdb</size>
         <input_file_ref idref="fl-12d"/>
      </object_component>
      <object_component id="oc-12a">
         <name>.debug_str</name>
         <load_address>0x961</load_address>
         <run_address>0x961</run_address>
         <size>0xb7</size>
         <input_file_ref idref="fl-134"/>
      </object_component>
      <object_component id="oc-11e">
         <name>.debug_str</name>
         <load_address>0xa18</load_address>
         <run_address>0xa18</run_address>
         <size>0xc3</size>
         <input_file_ref idref="fl-135"/>
      </object_component>
      <object_component id="oc-123">
         <name>.debug_str</name>
         <load_address>0xadb</load_address>
         <run_address>0xadb</run_address>
         <size>0x15b</size>
         <input_file_ref idref="fl-135"/>
      </object_component>
      <object_component id="oc-14b">
         <name>.debug_str</name>
         <load_address>0xc36</load_address>
         <run_address>0xc36</run_address>
         <size>0xb8</size>
         <input_file_ref idref="fl-136"/>
      </object_component>
      <object_component id="oc-13f">
         <name>.debug_str</name>
         <load_address>0xcee</load_address>
         <run_address>0xcee</run_address>
         <size>0x12b</size>
         <input_file_ref idref="fl-137"/>
      </object_component>
      <object_component id="oc-f3">
         <name>.debug_str</name>
         <load_address>0xe19</load_address>
         <run_address>0xe19</run_address>
         <size>0x20f</size>
         <input_file_ref idref="fl-137"/>
      </object_component>
      <object_component id="oc-32">
         <name>.debug_aranges</name>
         <load_address>0x0</load_address>
         <run_address>0x0</run_address>
         <size>0x368</size>
         <input_file_ref idref="fl-2"/>
      </object_component>
      <object_component id="oc-2b">
         <name>.debug_aranges</name>
         <load_address>0x368</load_address>
         <run_address>0x368</run_address>
         <size>0x38</size>
         <input_file_ref idref="fl-3"/>
      </object_component>
      <object_component id="oc-25">
         <name>.debug_aranges</name>
         <load_address>0x3a0</load_address>
         <run_address>0x3a0</run_address>
         <size>0x20</size>
         <input_file_ref idref="fl-12a"/>
      </object_component>
      <object_component id="oc-14">
         <name>.debug_aranges</name>
         <load_address>0x3c0</load_address>
         <run_address>0x3c0</run_address>
         <size>0x20</size>
         <input_file_ref idref="fl-12b"/>
      </object_component>
      <object_component id="oc-46">
         <name>.debug_aranges</name>
         <load_address>0x3e0</load_address>
         <run_address>0x3e0</run_address>
         <size>0x20</size>
         <input_file_ref idref="fl-12c"/>
      </object_component>
      <object_component id="oc-1a">
         <name>.debug_aranges</name>
         <load_address>0x400</load_address>
         <run_address>0x400</run_address>
         <size>0x20</size>
         <input_file_ref idref="fl-12c"/>
      </object_component>
      <object_component id="oc-22">
         <name>.debug_aranges</name>
         <load_address>0x420</load_address>
         <run_address>0x420</run_address>
         <size>0x20</size>
         <input_file_ref idref="fl-12d"/>
      </object_component>
      <object_component id="oc-75">
         <name>.debug_aranges</name>
         <load_address>0x440</load_address>
         <run_address>0x440</run_address>
         <size>0x30</size>
         <input_file_ref idref="fl-12e"/>
      </object_component>
      <object_component id="oc-3b">
         <name>.debug_aranges</name>
         <load_address>0x470</load_address>
         <run_address>0x470</run_address>
         <size>0x20</size>
         <input_file_ref idref="fl-12f"/>
      </object_component>
      <object_component id="oc-54">
         <name>.debug_aranges</name>
         <load_address>0x490</load_address>
         <run_address>0x490</run_address>
         <size>0x28</size>
         <input_file_ref idref="fl-130"/>
      </object_component>
      <object_component id="oc-62">
         <name>.debug_aranges</name>
         <load_address>0x4b8</load_address>
         <run_address>0x4b8</run_address>
         <size>0x20</size>
         <input_file_ref idref="fl-131"/>
      </object_component>
      <object_component id="oc-12d">
         <name>.debug_aranges</name>
         <load_address>0x4d8</load_address>
         <run_address>0x4d8</run_address>
         <size>0x30</size>
         <input_file_ref idref="fl-133"/>
      </object_component>
      <object_component id="oc-6d">
         <name>.debug_aranges</name>
         <load_address>0x508</load_address>
         <run_address>0x508</run_address>
         <size>0x20</size>
         <input_file_ref idref="fl-134"/>
      </object_component>
      <object_component id="oc-67">
         <name>.debug_aranges</name>
         <load_address>0x528</load_address>
         <run_address>0x528</run_address>
         <size>0x20</size>
         <input_file_ref idref="fl-135"/>
      </object_component>
      <object_component id="oc-d9">
         <name>.debug_aranges</name>
         <load_address>0x548</load_address>
         <run_address>0x548</run_address>
         <size>0x20</size>
         <input_file_ref idref="fl-136"/>
      </object_component>
      <object_component id="oc-fd">
         <name>.debug_aranges</name>
         <load_address>0x568</load_address>
         <run_address>0x568</run_address>
         <size>0x20</size>
         <input_file_ref idref="fl-137"/>
      </object_component>
      <object_component id="oc-87">
         <name>.debug_aranges</name>
         <load_address>0x588</load_address>
         <run_address>0x588</run_address>
         <size>0x20</size>
         <input_file_ref idref="fl-137"/>
      </object_component>
      <object_component id="oc-8c">
         <name>.debug_aranges</name>
         <load_address>0x5a8</load_address>
         <run_address>0x5a8</run_address>
         <size>0x20</size>
         <input_file_ref idref="fl-137"/>
      </object_component>
      <object_component id="oc-92">
         <name>.debug_aranges</name>
         <load_address>0x5c8</load_address>
         <run_address>0x5c8</run_address>
         <size>0x20</size>
         <input_file_ref idref="fl-137"/>
      </object_component>
      <object_component id="oc-80">
         <name>.debug_aranges</name>
         <load_address>0x5e8</load_address>
         <run_address>0x5e8</run_address>
         <size>0x20</size>
         <input_file_ref idref="fl-137"/>
      </object_component>
      <object_component id="oc-96">
         <name>.debug_aranges</name>
         <load_address>0x608</load_address>
         <run_address>0x608</run_address>
         <size>0x20</size>
         <input_file_ref idref="fl-138"/>
      </object_component>
      <object_component id="oc-9c">
         <name>.debug_pubnames</name>
         <load_address>0x0</load_address>
         <run_address>0x0</run_address>
         <size>0x23</size>
         <input_file_ref idref="fl-2"/>
      </object_component>
      <object_component id="oc-a2">
         <name>.debug_pubnames</name>
         <load_address>0x23</load_address>
         <run_address>0x23</run_address>
         <size>0x29</size>
         <input_file_ref idref="fl-2"/>
      </object_component>
      <object_component id="oc-9f">
         <name>.debug_pubnames</name>
         <load_address>0x4c</load_address>
         <run_address>0x4c</run_address>
         <size>0x26</size>
         <input_file_ref idref="fl-2"/>
      </object_component>
      <object_component id="oc-a5">
         <name>.debug_pubnames</name>
         <load_address>0x72</load_address>
         <run_address>0x72</run_address>
         <size>0x6f</size>
         <input_file_ref idref="fl-2"/>
      </object_component>
      <object_component id="oc-ab">
         <name>.debug_pubnames</name>
         <load_address>0xe1</load_address>
         <run_address>0xe1</run_address>
         <size>0x31</size>
         <input_file_ref idref="fl-2"/>
      </object_component>
      <object_component id="oc-ae">
         <name>.debug_pubnames</name>
         <load_address>0x112</load_address>
         <run_address>0x112</run_address>
         <size>0x32</size>
         <input_file_ref idref="fl-2"/>
      </object_component>
      <object_component id="oc-a8">
         <name>.debug_pubnames</name>
         <load_address>0x144</load_address>
         <run_address>0x144</run_address>
         <size>0x2b</size>
         <input_file_ref idref="fl-2"/>
      </object_component>
      <object_component id="oc-33">
         <name>.debug_pubnames</name>
         <load_address>0x16f</load_address>
         <run_address>0x16f</run_address>
         <size>0x9b3</size>
         <input_file_ref idref="fl-2"/>
      </object_component>
      <object_component id="oc-11">
         <name>.debug_pubnames</name>
         <load_address>0xb22</load_address>
         <run_address>0xb22</run_address>
         <size>0x23</size>
         <input_file_ref idref="fl-3"/>
      </object_component>
      <object_component id="oc-2e">
         <name>.debug_pubnames</name>
         <load_address>0xb45</load_address>
         <run_address>0xb45</run_address>
         <size>0x4c</size>
         <input_file_ref idref="fl-3"/>
      </object_component>
      <object_component id="oc-28">
         <name>.debug_pubnames</name>
         <load_address>0xb91</load_address>
         <run_address>0xb91</run_address>
         <size>0x1f</size>
         <input_file_ref idref="fl-12a"/>
      </object_component>
      <object_component id="oc-15">
         <name>.debug_pubnames</name>
         <load_address>0xbb0</load_address>
         <run_address>0xbb0</run_address>
         <size>0x2b</size>
         <input_file_ref idref="fl-12b"/>
      </object_component>
      <object_component id="oc-49">
         <name>.debug_pubnames</name>
         <load_address>0xbdb</load_address>
         <run_address>0xbdb</run_address>
         <size>0x2f</size>
         <input_file_ref idref="fl-12c"/>
      </object_component>
      <object_component id="oc-1d">
         <name>.debug_pubnames</name>
         <load_address>0xc0a</load_address>
         <run_address>0xc0a</run_address>
         <size>0x2c</size>
         <input_file_ref idref="fl-12c"/>
      </object_component>
      <object_component id="oc-23">
         <name>.debug_pubnames</name>
         <load_address>0xc36</load_address>
         <run_address>0xc36</run_address>
         <size>0x25</size>
         <input_file_ref idref="fl-12d"/>
      </object_component>
      <object_component id="oc-e5">
         <name>.debug_pubnames</name>
         <load_address>0xc5b</load_address>
         <run_address>0xc5b</run_address>
         <size>0x3a</size>
         <input_file_ref idref="fl-12e"/>
      </object_component>
      <object_component id="oc-74">
         <name>.debug_pubnames</name>
         <load_address>0xc95</load_address>
         <run_address>0xc95</run_address>
         <size>0x35</size>
         <input_file_ref idref="fl-12e"/>
      </object_component>
      <object_component id="oc-3c">
         <name>.debug_pubnames</name>
         <load_address>0xcca</load_address>
         <run_address>0xcca</run_address>
         <size>0x1d</size>
         <input_file_ref idref="fl-12f"/>
      </object_component>
      <object_component id="oc-55">
         <name>.debug_pubnames</name>
         <load_address>0xce7</load_address>
         <run_address>0xce7</run_address>
         <size>0x37</size>
         <input_file_ref idref="fl-130"/>
      </object_component>
      <object_component id="oc-63">
         <name>.debug_pubnames</name>
         <load_address>0xd1e</load_address>
         <run_address>0xd1e</run_address>
         <size>0x27</size>
         <input_file_ref idref="fl-131"/>
      </object_component>
      <object_component id="oc-78">
         <name>.debug_pubnames</name>
         <load_address>0xd45</load_address>
         <run_address>0xd45</run_address>
         <size>0x23</size>
         <input_file_ref idref="fl-132"/>
      </object_component>
      <object_component id="oc-e2">
         <name>.debug_pubnames</name>
         <load_address>0xd68</load_address>
         <run_address>0xd68</run_address>
         <size>0x28</size>
         <input_file_ref idref="fl-133"/>
      </object_component>
      <object_component id="oc-130">
         <name>.debug_pubnames</name>
         <load_address>0xd90</load_address>
         <run_address>0xd90</run_address>
         <size>0x43</size>
         <input_file_ref idref="fl-133"/>
[...]
      </symbol>
      <symbol id="sm-18d">
         <name>GPIOPinTypeWakeHigh</name>
         <value>0xe5d</value>
         <object_component_ref idref="oc-30"/>
      </symbol>
      <symbol id="sm-18e">
         <name>SysCtlIntStatus</name>
         <value>0x8f1</value>
         <object_component_ref idref="oc-30"/>
      </symbol>
      <symbol id="sm-18f">
         <name>GPIOPinTypeWakeLow</name>
         <value>0xe49</value>
         <object_component_ref idref="oc-30"/>
      </symbol>
      <symbol id="sm-190">
         <name>SysCtlIntClear</name>
         <value>0x93f</value>
         <object_component_ref idref="oc-30"/>
      </symbol>
      <symbol id="sm-191">
         <name>SysCtlVoltageEventStatus</name>
         <value>0x58f</value>
         <object_component_ref idref="oc-30"/>
      </symbol>
      <symbol id="sm-192">
         <name>SysCtlVoltageEventConfig</name>
         <value>0x595</value>
         <object_component_ref idref="oc-30"/>
      </symbol>
      <symbol id="sm-193">
         <name>SysCtlResetCauseGet</name>
         <value>0x5d5</value>
         <object_component_ref idref="oc-30"/>
      </symbol>
      <symbol id="sm-194">
         <name>GPIOIntEnable</name>
         <value>0x11ef</value>
         <object_component_ref idref="oc-30"/>
      </symbol>
      <symbol id="sm-195">
         <name>SysCtlPWMClockGet</name>
         <value>0x859</value>
         <object_component_ref idref="oc-30"/>
      </symbol>
      <symbol id="sm-196">
         <name>SysCtlDeepSleepPowerSet</name>
         <value>0x9d1</value>
         <object_component_ref idref="oc-30"/>
      </symbol>
      <symbol id="sm-197">
         <name>SysCtlClockOutConfig</name>
         <value>0xa59</value>
         <object_component_ref idref="oc-30"/>
      </symbol>
      <symbol id="sm-198">
         <name>GPIOPinTypeI2C</name>
         <value>0xfa1</value>
         <object_component_ref idref="oc-30"/>
      </symbol>
      <symbol id="sm-199">
         <name>GPIOPinTypeUSBDigital</name>
         <value>0xe75</value>
         <object_component_ref idref="oc-30"/>
      </symbol>
      <symbol id="sm-19a">
         <name>GPIOIntTypeSet</name>
         <value>0x4e5</value>
         <object_component_ref idref="oc-30"/>
      </symbol>
      <symbol id="sm-19b">
         <name>GPIOPinTypeADC</name>
         <value>0x1043</value>
         <object_component_ref idref="oc-30"/>
      </symbol>
      <symbol id="sm-19c">
         <name>SysCtlNMIStatus</name>
         <value>0x8a3</value>
         <object_component_ref idref="oc-30"/>
      </symbol>
      <symbol id="sm-19d">
         <name>GPIODMATriggerDisable</name>
         <value>0x123b</value>
         <object_component_ref idref="oc-30"/>
      </symbol>
      <symbol id="sm-19e">
         <name>SysCtlDeepSleepClockConfigSet</name>
         <value>0x9e5</value>
         <object_component_ref idref="oc-30"/>
      </symbol>
      <symbol id="sm-19f">
         <name>SysCtlDelay</name>
         <value>0x16ab</value>
         <object_component_ref idref="oc-7b"/>
      </symbol>
      <symbol id="sm-1a0">
         <name>GPIOPinTypeKBColumn</name>
         <value>0xf7d</value>
         <object_component_ref idref="oc-30"/>
      </symbol>
      <symbol id="sm-1a1">
         <name>GPIOPinTypeGPIOInput</name>
         <value>0x4d3</value>
         <object_component_ref idref="oc-30"/>
      </symbol>
      <symbol id="sm-1a2">
         <name>SysCtlVoltageEventClear</name>
         <value>0x59b</value>
         <object_component_ref idref="oc-30"/>
      </symbol>
      <symbol id="sm-1a3">
         <name>GPIOPinTypeLEDSeq</name>
         <value>0xf3d</value>
         <object_component_ref idref="oc-30"/>
      </symbol>
      <symbol id="sm-1a4">
         <name>SysCtlLDOSleepSet</name>
         <value>0x8c1</value>
         <object_component_ref idref="oc-30"/>
      </symbol>
      <symbol id="sm-1a5">
         <name>SysCtlMOSCConfigSet</name>
         <value>0x8b9</value>
         <object_component_ref idref="oc-30"/>
      </symbol>
      <symbol id="sm-1a6">
         <name>SysCtlPeripheralEnable</name>
         <value>0x349</value>
         <object_component_ref idref="oc-30"/>
      </symbol>
      <symbol id="sm-1a7">
         <name>SysCtlIntEnable</name>
         <value>0x925</value>
         <object_component_ref idref="oc-30"/>
      </symbol>
      <symbol id="sm-1a8">
         <name>SysCtlNMIClear</name>
         <value>0x8ab</value>
         <object_component_ref idref="oc-30"/>
      </symbol>
      <symbol id="sm-1a9">
         <name>GPIOPinTypeLPC</name>
         <value>0xf2b</value>
         <object_component_ref idref="oc-30"/>
      </symbol>
      <symbol id="sm-1aa">
         <name>SysCtlPeripheralPowerOff</name>
         <value>0x759</value>
         <object_component_ref idref="oc-30"/>
      </symbol>
      <symbol id="sm-1ab">
         <name>GPIOIntUnregister</name>
         <value>0x1181</value>
         <object_component_ref idref="oc-30"/>
      </symbol>
      <symbol id="sm-1ac">
         <name>SysCtlSleepPowerSet</name>
         <value>0x5c1</value>
         <object_component_ref idref="oc-30"/>
      </symbol>
      <symbol id="sm-1ad">
         <name>GPIOPinTypeComparator</name>
         <value>0x100d</value>
         <object_component_ref idref="oc-30"/>
      </symbol>
      <symbol id="sm-1ae">
         <name>main</name>
         <value>0x553</value>
         <object_component_ref idref="oc-30"/>
      </symbol>
      <symbol id="sm-1af">
         <name>GPIOPadConfigGet</name>
         <value>0x10a9</value>
         <object_component_ref idref="oc-30"/>
      </symbol>
      <symbol id="sm-1b0">
         <name>SysCtlDeepSleep</name>
         <value>0xa3f</value>
         <object_component_ref idref="oc-30"/>
      </symbol>
      <symbol id="sm-1b1">
         <name>SysCtlLDODeepSleepSet</name>
         <value>0x8d1</value>
         <object_component_ref idref="oc-30"/>
      </symbol>
      <symbol id="sm-1b2">
         <name>SysCtlPeripheralPowerOn</name>
         <value>0x72b</value>
         <object_component_ref idref="oc-30"/>
      </symbol>
      <symbol id="sm-1b3">
         <name>SysCtlPeripheralDeepSleepDisable</name>
         <value>0x7e3</value>
         <object_component_ref idref="oc-30"/>
      </symbol>
      <symbol id="sm-1b4">
         <name>GPIOPinTypeKBRow</name>
         <value>0xf6b</value>
         <object_component_ref idref="oc-30"/>
      </symbol>
      <symbol id="sm-1b5">
         <name>GPIOIntClear</name>
         <value>0xdff</value>
         <object_component_ref idref="oc-30"/>
      </symbol>
      <symbol id="sm-1b6">
         <name>GPIOADCTriggerEnable</name>
         <value>0x1249</value>
         <object_component_ref idref="oc-30"/>
      </symbol>
      <symbol id="sm-1b7">
         <name>SysCtlPeripheralSleepDisable</name>
         <value>0x635</value>
         <object_component_ref idref="oc-30"/>
      </symbol>
      <symbol id="sm-1b8">
         <name>GPIOADCTriggerDisable</name>
         <value>0x1255</value>
         <object_component_ref idref="oc-30"/>
      </symbol>
      <symbol id="sm-1b9">
         <name>GPIOPinTypeUART</name>
         <value>0xe9f</value>
         <object_component_ref idref="oc-30"/>
      </symbol>
      <symbol id="sm-1ba">
         <name>SysCtlResetBehaviorSet</name>
         <value>0x5eb</value>
         <object_component_ref idref="oc-30"/>
      </symbol>
      <symbol id="sm-1bb">
         <name>SysCtlReset</name>
         <value>0x5fb</value>
         <object_component_ref idref="oc-30"/>
      </symbol>
      <symbol id="sm-1bc">
         <name>GPIOIntStatus</name>
         <value>0xdf1</value>
         <object_component_ref idref="oc-30"/>
      </symbol>
      <symbol id="sm-1bd">
         <name>GPIOPinTypeGPIOOutput</name>
         <value>0x53b</value>
         <object_component_ref idref="oc-30"/>
      </symbol>
      <symbol id="sm-1be">
         <name>GPIOIntTypeGet</name>
         <value>0x1195</value>
         <object_component_ref idref="oc-30"/>
      </symbol>
      <symbol id="sm-1bf">
         <name>GPIOPinRead</name>
         <value>0x1055</value>
         <object_component_ref idref="oc-30"/>
      </symbol>
      <symbol id="sm-1c0">
         <name>GPIODirModeSet</name>
         <value>0x377</value>
         <object_component_ref idref="oc-30"/>
      </symbol>
      <symbol id="sm-1c1">
         <name>SysCtlGPIOAHBDisable</name>
         <value>0x963</value>
         <object_component_ref idref="oc-30"/>
      </symbol>
      <symbol id="sm-1c2">
         <name>SysCtlSRAMSizeGet</name>
         <value>0x5c7</value>
         <object_component_ref idref="oc-30"/>
      </symbol>
      <symbol id="sm-1c3">
         <name>GPIOPinTypeCIR</name>
         <value>0x101f</value>
         <object_component_ref idref="oc-30"/>
      </symbol>
      <symbol id="sm-1c4">
         <name>SysCtlClockGet</name>
         <value>0xa7d</value>
         <object_component_ref idref="oc-30"/>
      </symbol>
      <symbol id="sm-1c5">
         <name>SysCtlPeripheralDisable</name>
         <value>0x787</value>
         <object_component_ref idref="oc-30"/>
      </symbol>
      <symbol id="sm-1c6">
         <name>PortFIntHandler</name>
         <value>0xe11</value>
         <object_component_ref idref="oc-30"/>
      </symbol>
      <symbol id="sm-1c7">
         <name>GPIOPinTypeQEI</name>
         <value>0xed9</value>
         <object_component_ref idref="oc-30"/>
      </symbol>
      <symbol id="sm-1c8">
         <name>GPIODMATriggerEnable</name>
         <value>0x122f</value>
         <object_component_ref idref="oc-30"/>
      </symbol>
      <symbol id="sm-1c9">
         <name>GPIOPinTypeEthernetMII</name>
         <value>0xfcb</value>
         <object_component_ref idref="oc-30"/>
      </symbol>
      <symbol id="sm-1ca">
         <name>GPIOPinWrite</name>
         <value>0xe05</value>
         <object_component_ref idref="oc-30"/>
      </symbol>
      <symbol id="sm-1cb">
         <name>SysCtlPWMClockSet</name>
         <value>0x84b</value>
         <object_component_ref idref="oc-30"/>
      </symbol>
      <symbol id="sm-1cc">
         <name>GPIOPadConfigSet</name>
         <value>0x3a1</value>
         <object_component_ref idref="oc-30"/>
      </symbol>
      <symbol id="sm-1cd">
         <name>GPIOPinTypeLCD</name>
         <value>0xf59</value>
         <object_component_ref idref="oc-30"/>
      </symbol>
      <symbol id="sm-1ce">
         <name>GPIOPinTypeSSI</name>
         <value>0xec7</value>
         <object_component_ref idref="oc-30"/>
      </symbol>
      <symbol id="sm-1cf">
         <name>SysCtlUSBPLLEnable</name>
         <value>0x5a5</value>
         <object_component_ref idref="oc-30"/>
      </symbol>
      <symbol id="sm-1d0">
         <name>SysCtlPeripheralSleepEnable</name>
         <value>0x603</value>
         <object_component_ref idref="oc-30"/>
      </symbol>
      <symbol id="sm-1d1">
         <name>SysCtlIntUnregister</name>
         <value>0x8e1</value>
         <object_component_ref idref="oc-30"/>
      </symbol>
      <symbol id="sm-1d2">
         <name>GPIOPinTypeTimer</name>
         <value>0xeb5</value>
         <object_component_ref idref="oc-30"/>
      </symbol>
      <symbol id="sm-1d3">
         <name>GPIOPinTypeCAN</name>
         <value>0x1031</value>
         <object_component_ref idref="oc-30"/>
      </symbol>
      <symbol id="sm-1d4">
         <name>GPIOPinTypePECITx</name>
         <value>0xf03</value>
         <object_component_ref idref="oc-30"/>
      </symbol>
      <symbol id="sm-1d5">
         <name>SysCtlUSBPLLDisable</name>
         <value>0x5b3</value>
         <object_component_ref idref="oc-30"/>
      </symbol>
      <symbol id="sm-1d6">
         <name>SysCtlPeripheralReady</name>
         <value>0x6c1</value>
         <object_component_ref idref="oc-30"/>
      </symbol>
      <symbol id="sm-1d7">
         <name>SysCtlPIOSCCalibrate</name>
         <value>0x86b</value>
         <object_component_ref idref="oc-30"/>
      </symbol>
      <symbol id="sm-1d8">
         <name>SysCtlResetCauseClear</name>
         <value>0x5dd</value>
         <object_component_ref idref="oc-30"/>
      </symbol>
      <symbol id="sm-1d9">
         <name>SysCtlLDOSleepGet</name>
         <value>0x8c9</value>
         <object_component_ref idref="oc-30"/>
      </symbol>
      <symbol id="sm-1da">
         <name>SysCtlClockFreqSet</name>
         <value>0xc09</value>
         <object_component_ref idref="oc-30"/>
      </symbol>
      <symbol id="sm-1db">
         <name>SysCtlPeripheralReset</name>
         <value>0x66d</value>
         <object_component_ref idref="oc-30"/>
      </symbol>
      <symbol id="sm-1dc">
         <name>GPIOPinTypePECIRx</name>
         <value>0xf19</value>
         <object_component_ref idref="oc-30"/>
      </symbol>
      <symbol id="sm-1dd">
         <name>GPIOPinTypeEPI</name>
         <value>0xfef</value>
         <object_component_ref idref="oc-30"/>
      </symbol>
      <symbol id="sm-1de">
         <name>GPIOPinTypeEthernetLED</name>
         <value>0xfdd</value>
         <object_component_ref idref="oc-30"/>
      </symbol>
      <symbol id="sm-1df">
         <name>GPIOPinWakeStatus</name>
         <value>0xe43</value>
         <object_component_ref idref="oc-30"/>
      </symbol>
      <symbol id="sm-200">
         <name>ResetISR</name>
         <value>0x169f</value>
         <object_component_ref idref="oc-2a"/>
      </symbol>
      <symbol id="sm-201">
         <name>g_pfnVectors</name>
         <value>0x0</value>
         <object_component_ref idref="oc-f"/>
      </symbol>
      <symbol id="sm-213">
         <name>_c_int00</name>
         <value>0x1531</value>
         <object_component_ref idref="oc-24"/>
      </symbol>
      <symbol id="sm-214">
         <name>__stack</name>
         <value>0x2000026c</value>
         <object_component_ref idref="oc-29"/>
      </symbol>
      <symbol id="sm-22b">
         <name>__TI_decompress_none</name>
         <value>0x1685</value>
         <object_component_ref idref="oc-12"/>
      </symbol>
      <symbol id="sm-253">
         <name>__TI_decompress_rle24</name>
         <value>0x16b1</value>
         <object_component_ref idref="oc-18"/>
      </symbol>
      <symbol id="sm-265">
         <name>__TI_zero_init</name>
         <value>0x1693</value>
         <object_component_ref idref="oc-1e"/>
      </symbol>
      <symbol id="sm-284">
         <name>C$$EXIT</name>
         <value>0x15cd</value>
         <object_component_ref idref="oc-70"/>
      </symbol>
      <symbol id="sm-285">
         <name>abort</name>
         <value>0x15d1</value>
         <object_component_ref idref="oc-70"/>
      </symbol>
      <symbol id="sm-286">
         <name>exit</name>
         <value>0x15d9</value>
         <object_component_ref idref="oc-70"/>
      </symbol>
      <symbol id="sm-287">
         <name>__TI_dtors_ptr</name>
         <value>0x20000478</value>
         <object_component_ref idref="oc-e3"/>
      </symbol>
      <symbol id="sm-288">
         <name>__TI_cleanup_ptr</name>
         <value>0x20000474</value>
         <object_component_ref idref="oc-e3"/>
      </symbol>
      <symbol id="sm-2a3">
         <name>memcpy</name>
         <value>0x1281</value>
         <object_component_ref idref="oc-39"/>
      </symbol>
      <symbol id="sm-2a4">
         <name>__aeabi_memcpy</name>
         <value>0x1281</value>
         <object_component_ref idref="oc-39"/>
      </symbol>
      <symbol id="sm-2a5">
         <name>__aeabi_memcpy8</name>
         <value>0x1281</value>
         <object_component_ref idref="oc-39"/>
      </symbol>
      <symbol id="sm-2a6">
         <name>__aeabi_memcpy4</name>
         <value>0x1281</value>
         <object_component_ref idref="oc-39"/>
      </symbol>
      <symbol id="sm-2b5">
         <name>__aeabi_memset</name>
         <value>0x131f</value>
         <object_component_ref idref="oc-52"/>
      </symbol>
      <symbol id="sm-2b6">
         <name>memset</name>
         <value>0x1325</value>
         <object_component_ref idref="oc-52"/>
      </symbol>
      <symbol id="sm-2b7">
         <name>__aeabi_memset8</name>
         <value>0x131f</value>
         <object_component_ref idref="oc-52"/>
      </symbol>
      <symbol id="sm-2b8">
         <name>__aeabi_memset4</name>
         <value>0x131f</value>
         <object_component_ref idref="oc-52"/>
      </symbol>
      <symbol id="sm-2b9">
         <name>__aeabi_memclr8</name>
         <value>0x131d</value>
         <object_component_ref idref="oc-52"/>
      </symbol>
      <symbol id="sm-2ba">
         <name>__aeabi_memclr4</name>
         <value>0x131d</value>
         <object_component_ref idref="oc-52"/>
      </symbol>
      <symbol id="sm-2bb">
         <name>__aeabi_memclr</name>
         <value>0x131d</value>
         <object_component_ref idref="oc-52"/>
      </symbol>
      <symbol id="sm-2c5">
         <name>_system_pre_init</name>
         <value>0x16bb</value>
         <object_component_ref idref="oc-5e"/>
      </symbol>
      <symbol id="sm-2cd">
         <name>main_func_sp</name>
         <value>0x2000047c</value>
         <object_component_ref idref="oc-76"/>
      </symbol>
      <symbol id="sm-2e6">
         <name>_nop</name>
         <value>0x167f</value>
         <object_component_ref idref="oc-12b"/>
      </symbol>
      <symbol id="sm-2e7">
         <name>_lock</name>
         <value>0x2000046c</value>
         <object_component_ref idref="oc-e0"/>
      </symbol>
      <symbol id="sm-2e8">
         <name>_unlock</name>
         <value>0x20000470</value>
         <object_component_ref idref="oc-e0"/>
      </symbol>
      <symbol id="sm-2e9">
         <name>_register_lock</name>
         <value>0x1677</value>
         <object_component_ref idref="oc-12b"/>
      </symbol>
      <symbol id="sm-2ea">
         <name>_register_unlock</name>
         <value>0x1671</value>
         <object_component_ref idref="oc-12b"/>
      </symbol>
      <symbol id="sm-2ff">
         <name>_args_main</name>
         <value>0x1645</value>
         <object_component_ref idref="oc-6a"/>
      </symbol>
      <symbol id="sm-325">
         <name>__TI_auto_init</name>
         <value>0x1399</value>
         <object_component_ref idref="oc-64"/>
      </symbol>
      <symbol id="sm-33f">
         <name>copy_in</name>
         <value>0x1581</value>
         <object_component_ref idref="oc-d6"/>
      </symbol>
      <symbol id="sm-3ac">
         <name>IntEnable</name>
         <value>0x14d1</value>
         <object_component_ref idref="oc-8e"/>
      </symbol>
      <symbol id="sm-3ad">
         <name>IntDisable</name>
         <value>0x1471</value>
         <object_component_ref idref="oc-7c"/>
      </symbol>
      <symbol id="sm-3ae">
         <name>IntRegister</name>
         <value>0x1611</value>
         <object_component_ref idref="oc-88"/>
      </symbol>
      <symbol id="sm-3af">
         <name>IntUnregister</name>
         <value>0x165d</value>
         <object_component_ref idref="oc-82"/>
      </symbol>
      <symbol id="sm-3b0">
         <name>g_pfnRAMVectors</name>
         <value>0x20000000</value>
         <object_component_ref idref="oc-f5"/>
      </symbol>
      <symbol id="sm-3ba">
         <name>CPUwfi</name>
         <value>0x16b7</value>
         <object_component_ref idref="oc-94"/>
      </symbol>
      <symbol id="sm-3bb">
         <name>__TI_static_base__</name>
         <value>0x0</value>
      </symbol>
      <symbol id="sm-3be">
         <name>SHT$$INIT_ARRAY$$Limit</name>
         <value>0x0</value>
      </symbol>
      <symbol id="sm-3bf">
         <name>SHT$$INIT_ARRAY$$Base</name>
         <value>0x0</value>
      </symbol>
      <symbol id="sm-3c0">
         <name>SysCtlSleep</name>
         <value>0x16b7</value>
      </symbol>
   </symbol_table>
   <title>Link successful</title>
</link_info>
