******************************************************************************
                  TI ARM Linker PC v15.12.1                    
******************************************************************************
>> Linked Wed Apr 05 21:43:34 2017

OUTPUT FILE NAME:   <SE - Trabalho Motor.out>
ENTRY POINT SYMBOL: "_c_int00"  address: 00000ced


MEMORY CONFIGURATION

         name            origin    length      used     unused   attr    fill
----------------------  --------  ---------  --------  --------  ----  --------
  FLASH                 00000000   00040000  00000f1c  0003f0e4  R  X
  SRAM                  20000000   00008000  0000023c  00007dc4  RW X


SEGMENT ALLOCATION MAP

run origin  load origin   length   init length attrs members
----------  ----------- ---------- ----------- ----- -------
00000000    00000000    00000f20   00000f20    r-x
  00000000    00000000    0000026c   0000026c    r-- .intvecs
  0000026c    0000026c    00000c80   00000c80    r-x .text
  00000ef0    00000ef0    00000030   00000030    r-- .cinit
20000000    20000000    0000023c   00000000    rw-
  20000000    20000000    00000200   00000000    rw- .stack
  20000200    20000200    0000003c   00000000    rw- .data


SECTION ALLOCATION MAP

 output                                  attributes/
section   page    origin      length       input sections
--------  ----  ----------  ----------   ----------------
.intvecs   0    00000000    0000026c     
                  00000000    0000026c     tm4c123gh6pm_startup_ccs.obj (.intvecs)

.text      0    0000026c    00000c80     
                  0000026c    000004a4     main.obj (.text)
                  00000710    000001b6     rtsv7M4_T_le_v4SPD16_eabi.lib : fd_add_t2.obj (.text)
                  000008c6    00000136                                   : fd_div_t2.obj (.text)
                  000009fc    000000fc                                   : fd_mul_t2.obj (.text)
                  00000af8    0000009c                                   : memcpy_t2.obj (.text)
                  00000b94    0000007a                                   : memset_t2.obj (.text)
                  00000c0e    00000002                                   : mpu_init.obj (.text)
                  00000c10    00000070                                   : autoinit.obj (.text)
                  00000c80    0000006a                                   : copy_decompress_rle.obj (.text)
                  00000cea    00000002                                   : startup.obj (.text)
                  00000cec    00000054                                   : boot.obj (.text)
                  00000d40    00000054                                   : exit.obj (.text)
                  00000d94    0000004c                                   : cpy_tbl.obj (.text)
                  00000de0    00000048                                   : fd_toi_t2.obj (.text)
                  00000e28    00000044                                   : fd_tou_t2.obj (.text)
                  00000e6c    0000002e                                   : i_tofd_t2.obj (.text)
                  00000e9a    00000002     --HOLE-- [fill = 0]
                  00000e9c    00000018                                   : args_main.obj (.text)
                  00000eb4    00000014                                   : _lock.obj (.text)
                  00000ec8    0000000e                                   : copy_decompress_none.obj (.text:decompress:none)
                  00000ed6    0000000c     tm4c123gh6pm_startup_ccs.obj (.text)
                  00000ee2    00000006     rtsv7M4_T_le_v4SPD16_eabi.lib : copy_decompress_rle.obj (.text:decompress:rle24)
                  00000ee8    00000004                                   : pre_init.obj (.text)

.cinit     0    00000ef0    00000030     
                  00000ef0    0000001f     (.cinit..data.load) [load image, compression = rle]
                  00000f0f    00000001     --HOLE-- [fill = 0]
                  00000f10    00000008     (__TI_handler_table)
                  00000f18    00000008     (__TI_cinit_table)

.init_array 
*          0    00000000    00000000     UNINITIALIZED

.stack     0    20000000    00000200     UNINITIALIZED
                  20000000    00000200     --HOLE--

.data      0    20000200    0000003c     UNINITIALIZED
                  20000200    00000022     main.obj (.data)
                  20000222    00000002     main.obj (.data:vetor)
                  20000224    0000000c     rtsv7M4_T_le_v4SPD16_eabi.lib : exit.obj (.data:$O1$$)
                  20000230    00000008                                   : _lock.obj (.data:$O1$$)
                  20000238    00000004                                   : stkdepth_vars.obj (.data)

MODULE SUMMARY

       Module                         code   ro data   rw data
       ------                         ----   -------   -------
    .\
       main.obj                       1188   0         36     
       tm4c123gh6pm_startup_ccs.obj   12     620       0      
    +--+------------------------------+------+---------+---------+
       Total:                         1200   620       36     
                                                              
    C:\ti\ccsv6\tools\compiler\ti-cgt-arm_15.12.1.LTS\lib\rtsv7M4_T_le_v4SPD16_eabi.lib
       fd_add_t2.obj                  438    0         0      
       fd_div_t2.obj                  310    0         0      
       fd_mul_t2.obj                  252    0         0      
       memcpy_t2.obj                  156    0         0      
       memset_t2.obj                  122    0         0      
       autoinit.obj                   112    0         0      
       copy_decompress_rle.obj        112    0         0      
       exit.obj                       84     0         12     
       boot.obj                       84     0         0      
       cpy_tbl.obj                    76     0         0      
       fd_toi_t2.obj                  72     0         0      
       fd_tou_t2.obj                  68     0         0      
       i_tofd_t2.obj                  46     0         0      
       _lock.obj                      20     0         8      
       args_main.obj                  24     0         0      
       copy_decompress_none.obj       14     0         0      
       pre_init.obj                   4      0         0      
       stkdepth_vars.obj              0      0         4      
       mpu_init.obj                   2      0         0      
       startup.obj                    2      0         0      
    +--+------------------------------+------+---------+---------+
       Total:                         1998   0         24     
                                                              
       Stack:                         0      0         512    
       Linker Generated:              0      47        0      
    +--+------------------------------+------+---------+---------+
       Grand Total:                   3198   667       572    


LINKER GENERATED COPY TABLES

__TI_cinit_table @ 00000f18 records: 1, size/record: 8, table size: 8
	.data: load addr=00000ef0, load size=0000001f bytes, run addr=20000200, run size=0000003c bytes, compression=rle


LINKER GENERATED HANDLER TABLE

__TI_handler_table @ 00000f10 records: 2, size/record: 4, table size: 8
	index: 0, handler: __TI_decompress_rle24
	index: 1, handler: __TI_decompress_none


GLOBAL SYMBOLS: SORTED ALPHABETICALLY BY Name 

address   name                           
-------   ----                           
00000d41  C$$EXIT                        
00000329  EncoderINT                     
000002ef  InicializarEncoder             
0000059f  InicializarPWM                 
00000365  InicializarTimer               
0000040d  InicializarUART                
20000200  RPM                            
000004a7  Read                           
00000ed7  ResetISR                       
UNDEFED   SHT$$INIT_ARRAY$$Base          
UNDEFED   SHT$$INIT_ARRAY$$Limit         
00000389  TimerINT                       
000004bb  UART_INT                       
0000048b  Write                          
20000200  __STACK_END                    
00000200  __STACK_SIZE                   
20000200  __STACK_TOP                    
00000f18  __TI_CINIT_Base                
00000f20  __TI_CINIT_Limit               
00000f10  __TI_Handler_Table_Base        
00000f18  __TI_Handler_Table_Limit       
00000c11  __TI_auto_init                 
20000224  __TI_cleanup_ptr               
00000ec9  __TI_decompress_none           
00000ee3  __TI_decompress_rle24          
20000228  __TI_dtors_ptr                 
2000022c  __TI_enable_exit_profile_output
ffffffff  __TI_pprof_out_hndl            
ffffffff  __TI_prof_data_size            
ffffffff  __TI_prof_data_start           
00000000  __TI_static_base__             
00000de1  __aeabi_d2iz                   
00000e29  __aeabi_d2uiz                  
0000071b  __aeabi_dadd                   
000008c7  __aeabi_ddiv                   
000009fd  __aeabi_dmul                   
00000711  __aeabi_dsub                   
00000e6d  __aeabi_i2d                    
00000b95  __aeabi_memclr                 
00000b95  __aeabi_memclr4                
00000b95  __aeabi_memclr8                
00000af9  __aeabi_memcpy                 
00000af9  __aeabi_memcpy4                
00000af9  __aeabi_memcpy8                
00000b97  __aeabi_memset                 
00000b97  __aeabi_memset4                
00000b97  __aeabi_memset8                
ffffffff  __binit__                      
ffffffff  __c_args__                     
00000c0f  __mpu_init                     
20000000  __stack                        
00000e9d  _args_main                     
00000ced  _c_int00                       
20000230  _lock                          
00000ec3  _nop                           
00000ebb  _register_lock                 
00000eb5  _register_unlock               
00000ceb  _system_post_cinit             
00000ee9  _system_pre_init               
20000234  _unlock                        
00000d45  abort                          
ffffffff  binit                          
20000210  clk                            
00000d95  copy_in                        
00000d4d  exit                           
00000000  g_pfnVectors                   
20000220  indiceVetor                    
0000026d  itoa                           
00000619  main                           
20000238  main_func_sp                   
00000af9  memcpy                         
00000b9d  memset                         
000002db  piscarLED                      
20000208  posicao                        
20000214  segundos                       
20000221  sentido                        
2000021c  status                         
20000218  velocidadeAnterior             
20000222  vetor                          


GLOBAL SYMBOLS: SORTED BY Symbol Address 

address   name                           
-------   ----                           
00000000  __TI_static_base__             
00000000  g_pfnVectors                   
00000200  __STACK_SIZE                   
0000026d  itoa                           
000002db  piscarLED                      
000002ef  InicializarEncoder             
00000329  EncoderINT                     
00000365  InicializarTimer               
00000389  TimerINT                       
0000040d  InicializarUART                
0000048b  Write                          
000004a7  Read                           
000004bb  UART_INT                       
0000059f  InicializarPWM                 
00000619  main                           
00000711  __aeabi_dsub                   
0000071b  __aeabi_dadd                   
000008c7  __aeabi_ddiv                   
000009fd  __aeabi_dmul                   
00000af9  __aeabi_memcpy                 
00000af9  __aeabi_memcpy4                
00000af9  __aeabi_memcpy8                
00000af9  memcpy                         
00000b95  __aeabi_memclr                 
00000b95  __aeabi_memclr4                
00000b95  __aeabi_memclr8                
00000b97  __aeabi_memset                 
00000b97  __aeabi_memset4                
00000b97  __aeabi_memset8                
00000b9d  memset                         
00000c0f  __mpu_init                     
00000c11  __TI_auto_init                 
00000ceb  _system_post_cinit             
00000ced  _c_int00                       
00000d41  C$$EXIT                        
00000d45  abort                          
00000d4d  exit                           
00000d95  copy_in                        
00000de1  __aeabi_d2iz                   
00000e29  __aeabi_d2uiz                  
00000e6d  __aeabi_i2d                    
00000e9d  _args_main                     
00000eb5  _register_unlock               
00000ebb  _register_lock                 
00000ec3  _nop                           
00000ec9  __TI_decompress_none           
00000ed7  ResetISR                       
00000ee3  __TI_decompress_rle24          
00000ee9  _system_pre_init               
00000f10  __TI_Handler_Table_Base        
00000f18  __TI_CINIT_Base                
00000f18  __TI_Handler_Table_Limit       
00000f20  __TI_CINIT_Limit               
20000000  __stack                        
20000200  RPM                            
20000200  __STACK_END                    
20000200  __STACK_TOP                    
20000208  posicao                        
20000210  clk                            
20000214  segundos                       
20000218  velocidadeAnterior             
2000021c  status                         
20000220  indiceVetor                    
20000221  sentido                        
20000222  vetor                          
20000224  __TI_cleanup_ptr               
20000228  __TI_dtors_ptr                 
2000022c  __TI_enable_exit_profile_output
20000230  _lock                          
20000234  _unlock                        
20000238  main_func_sp                   
ffffffff  __TI_pprof_out_hndl            
ffffffff  __TI_prof_data_size            
ffffffff  __TI_prof_data_start           
ffffffff  __binit__                      
ffffffff  __c_args__                     
ffffffff  binit                          
UNDEFED   SHT$$INIT_ARRAY$$Base          
UNDEFED   SHT$$INIT_ARRAY$$Limit         

[79 symbols]
