******************************************************************************
                  TI ARM Linker PC v15.12.1                    
******************************************************************************
>> Linked Wed Apr 05 21:43:13 2017

OUTPUT FILE NAME:   <SE - Bluetooth.out>
ENTRY POINT SYMBOL: "_c_int00"  address: 000009d1


MEMORY CONFIGURATION

         name            origin    length      used     unused   attr    fill
----------------------  --------  ---------  --------  --------  ----  --------
  FLASH                 00000000   00040000  00000b3c  0003f4c4  R  X
  SRAM                  20000000   00008000  00000218  00007de8  RW X


SEGMENT ALLOCATION MAP

run origin  load origin   length   init length attrs members
----------  ----------- ---------- ----------- ----- -------
00000000    00000000    00000b40   00000b40    r-x
  00000000    00000000    0000026c   0000026c    r-- .intvecs
  0000026c    0000026c    000008a8   000008a8    r-x .text
  00000b18    00000b18    00000028   00000028    r-- .cinit
20000000    20000000    00000218   00000000    rw-
  20000000    20000000    00000200   00000000    rw- .stack
  20000200    20000200    00000018   00000000    rw- .data


SECTION ALLOCATION MAP

 output                                  attributes/
section   page    origin      length       input sections
--------  ----  ----------  ----------   ----------------
.intvecs   0    00000000    0000026c     
                  00000000    0000026c     tm4c123gh6pm_startup_ccs.obj (.intvecs)

.text      0    0000026c    000008a8     
                  0000026c    000002d0     main.obj (.text)
                  0000053c    000002a0     UART.obj (.text)
                  000007dc    0000009c     rtsv7M4_T_le_v4SPD16_eabi.lib : memcpy_t2.obj (.text)
                  00000878    0000007a                                   : memset_t2.obj (.text)
                  000008f2    00000002                                   : mpu_init.obj (.text)
                  000008f4    00000070                                   : autoinit.obj (.text)
                  00000964    0000006a                                   : copy_decompress_rle.obj (.text)
                  000009ce    00000002                                   : startup.obj (.text)
                  000009d0    00000054                                   : boot.obj (.text)
                  00000a24    00000054                                   : exit.obj (.text)
                  00000a78    0000004c                                   : cpy_tbl.obj (.text)
                  00000ac4    00000018                                   : args_main.obj (.text)
                  00000adc    00000014                                   : _lock.obj (.text)
                  00000af0    0000000e                                   : copy_decompress_none.obj (.text:decompress:none)
                  00000afe    0000000c     tm4c123gh6pm_startup_ccs.obj (.text)
                  00000b0a    00000006     rtsv7M4_T_le_v4SPD16_eabi.lib : copy_decompress_rle.obj (.text:decompress:rle24)
                  00000b10    00000004                                   : pre_init.obj (.text)

.cinit     0    00000b18    00000028     
                  00000b18    00000016     (.cinit..data.load) [load image, compression = rle]
                  00000b2e    00000002     --HOLE-- [fill = 0]
                  00000b30    00000008     (__TI_handler_table)
                  00000b38    00000008     (__TI_cinit_table)

.init_array 
*          0    00000000    00000000     UNINITIALIZED

.stack     0    20000000    00000200     UNINITIALIZED
                  20000000    00000200     --HOLE--

.data      0    20000200    00000018     UNINITIALIZED
                  20000200    0000000c     rtsv7M4_T_le_v4SPD16_eabi.lib : exit.obj (.data:$O1$$)
                  2000020c    00000008                                   : _lock.obj (.data:$O1$$)
                  20000214    00000004                                   : stkdepth_vars.obj (.data)

MODULE SUMMARY

       Module                         code   ro data   rw data
       ------                         ----   -------   -------
    .\
       main.obj                       720    0         0      
       UART.obj                       672    0         0      
       tm4c123gh6pm_startup_ccs.obj   12     620       0      
    +--+------------------------------+------+---------+---------+
       Total:                         1404   620       0      
                                                              
    C:\ti\ccsv6\tools\compiler\ti-cgt-arm_15.12.1.LTS\lib\rtsv7M4_T_le_v4SPD16_eabi.lib
       memcpy_t2.obj                  156    0         0      
       memset_t2.obj                  122    0         0      
       autoinit.obj                   112    0         0      
       copy_decompress_rle.obj        112    0         0      
       exit.obj                       84     0         12     
       boot.obj                       84     0         0      
       cpy_tbl.obj                    76     0         0      
       _lock.obj                      20     0         8      
       args_main.obj                  24     0         0      
       copy_decompress_none.obj       14     0         0      
       pre_init.obj                   4      0         0      
       stkdepth_vars.obj              0      0         4      
       mpu_init.obj                   2      0         0      
       startup.obj                    2      0         0      
    +--+------------------------------+------+---------+---------+
       Total:                         812    0         24     
                                                              
       Stack:                         0      0         512    
       Linker Generated:              0      38        0      
    +--+------------------------------+------+---------+---------+
       Grand Total:                   2216   658       536    


LINKER GENERATED COPY TABLES

__TI_cinit_table @ 00000b38 records: 1, size/record: 8, table size: 8
	.data: load addr=00000b18, load size=00000016 bytes, run addr=20000200, run size=00000018 bytes, compression=rle


LINKER GENERATED HANDLER TABLE

__TI_handler_table @ 00000b30 records: 2, size/record: 4, table size: 8
	index: 0, handler: __TI_decompress_rle24
	index: 1, handler: __TI_decompress_none


GLOBAL SYMBOLS: SORTED ALPHABETICALLY BY Name 

address   name                           
-------   ----                           
00000a25  C$$EXIT                        
000002c1  INIUART                        
00000aff  ResetISR                       
UNDEFED   SHT$$INIT_ARRAY$$Base          
UNDEFED   SHT$$INIT_ARRAY$$Limit         
20000200  __STACK_END                    
00000200  __STACK_SIZE                   
20000200  __STACK_TOP                    
00000b38  __TI_CINIT_Base                
00000b40  __TI_CINIT_Limit               
00000b30  __TI_Handler_Table_Base        
00000b38  __TI_Handler_Table_Limit       
000008f5  __TI_auto_init                 
20000200  __TI_cleanup_ptr               
00000af1  __TI_decompress_none           
00000b0b  __TI_decompress_rle24          
20000204  __TI_dtors_ptr                 
20000208  __TI_enable_exit_profile_output
ffffffff  __TI_pprof_out_hndl            
ffffffff  __TI_prof_data_size            
ffffffff  __TI_prof_data_start           
00000000  __TI_static_base__             
00000879  __aeabi_memclr                 
00000879  __aeabi_memclr4                
00000879  __aeabi_memclr8                
000007dd  __aeabi_memcpy                 
000007dd  __aeabi_memcpy4                
000007dd  __aeabi_memcpy8                
0000087b  __aeabi_memset                 
0000087b  __aeabi_memset4                
0000087b  __aeabi_memset8                
ffffffff  __binit__                      
ffffffff  __c_args__                     
000008f3  __mpu_init                     
20000000  __stack                        
00000ac5  _args_main                     
000009d1  _c_int00                       
2000020c  _lock                          
00000aeb  _nop                           
00000ae3  _register_lock                 
00000add  _register_unlock               
000009cf  _system_post_cinit             
00000b11  _system_pre_init               
20000210  _unlock                        
00000a29  abort                          
ffffffff  binit                          
00000a79  copy_in                        
00000721  escrever                       
00000a31  exit                           
00000000  g_pfnVectors                   
0000053d  inicializarPLL                 
000005ad  inicializarUART                
0000073d  ler                            
0000032b  main                           
20000214  main_func_sp                   
000007dd  memcpy                         
00000881  memset                         
0000026d  piscarLED                      


GLOBAL SYMBOLS: SORTED BY Symbol Address 

address   name                           
-------   ----                           
00000000  __TI_static_base__             
00000000  g_pfnVectors                   
00000200  __STACK_SIZE                   
0000026d  piscarLED                      
000002c1  INIUART                        
0000032b  main                           
0000053d  inicializarPLL                 
000005ad  inicializarUART                
00000721  escrever                       
0000073d  ler                            
000007dd  __aeabi_memcpy                 
000007dd  __aeabi_memcpy4                
000007dd  __aeabi_memcpy8                
000007dd  memcpy                         
00000879  __aeabi_memclr                 
00000879  __aeabi_memclr4                
00000879  __aeabi_memclr8                
0000087b  __aeabi_memset                 
0000087b  __aeabi_memset4                
0000087b  __aeabi_memset8                
00000881  memset                         
000008f3  __mpu_init                     
000008f5  __TI_auto_init                 
000009cf  _system_post_cinit             
000009d1  _c_int00                       
00000a25  C$$EXIT                        
00000a29  abort                          
00000a31  exit                           
00000a79  copy_in                        
00000ac5  _args_main                     
00000add  _register_unlock               
00000ae3  _register_lock                 
00000aeb  _nop                           
00000af1  __TI_decompress_none           
00000aff  ResetISR                       
00000b0b  __TI_decompress_rle24          
00000b11  _system_pre_init               
00000b30  __TI_Handler_Table_Base        
00000b38  __TI_CINIT_Base                
00000b38  __TI_Handler_Table_Limit       
00000b40  __TI_CINIT_Limit               
20000000  __stack                        
20000200  __STACK_END                    
20000200  __STACK_TOP                    
20000200  __TI_cleanup_ptr               
20000204  __TI_dtors_ptr                 
20000208  __TI_enable_exit_profile_output
2000020c  _lock                          
20000210  _unlock                        
20000214  main_func_sp                   
ffffffff  __TI_pprof_out_hndl            
ffffffff  __TI_prof_data_size            
ffffffff  __TI_prof_data_start           
ffffffff  __binit__                      
ffffffff  __c_args__                     
ffffffff  binit                          
UNDEFED   SHT$$INIT_ARRAY$$Base          
UNDEFED   SHT$$INIT_ARRAY$$Limit         

[58 symbols]
