******************************************************************************
                  TI ARM Linker PC v15.12.1                    
******************************************************************************
>> Linked Wed Apr 05 21:43:18 2017

OUTPUT FILE NAME:   <SE - Genius 2.0.out>
ENTRY POINT SYMBOL: "_c_int00"  address: 000008d5


MEMORY CONFIGURATION

         name            origin    length      used     unused   attr    fill
----------------------  --------  ---------  --------  --------  ----  --------
  FLASH                 00000000   00040000  00000a90  0003f570  R  X
  SRAM                  20000000   00008000  00000218  00007de8  RW X


SEGMENT ALLOCATION MAP

run origin  load origin   length   init length attrs members
----------  ----------- ---------- ----------- ----- -------
00000000    00000000    00000a90   00000a90    r-x
  00000000    00000000    0000026c   0000026c    r-- .intvecs
  0000026c    0000026c    000007ac   000007ac    r-x .text
  00000a18    00000a18    00000050   00000050    r-- .const
  00000a68    00000a68    00000028   00000028    r-- .cinit
20000000    20000000    00000218   00000000    rw-
  20000000    20000000    00000200   00000000    rw- .stack
  20000200    20000200    00000018   00000000    rw- .data


SECTION ALLOCATION MAP

 output                                  attributes/
section   page    origin      length       input sections
--------  ----  ----------  ----------   ----------------
.intvecs   0    00000000    0000026c     
                  00000000    0000026c     tm4c123gh6pm_startup_ccs.obj (.intvecs)

.text      0    0000026c    000007ac     
                  0000026c    00000474     main.obj (.text)
                  000006e0    0000009c     rtsv7M4_T_le_v4SPD16_eabi.lib : memcpy_t2.obj (.text)
                  0000077c    0000007a                                   : memset_t2.obj (.text)
                  000007f6    00000002                                   : mpu_init.obj (.text)
                  000007f8    00000070                                   : autoinit.obj (.text)
                  00000868    0000006a                                   : copy_decompress_rle.obj (.text)
                  000008d2    00000002                                   : startup.obj (.text)
                  000008d4    00000054                                   : boot.obj (.text)
                  00000928    00000054                                   : exit.obj (.text)
                  0000097c    0000004c                                   : cpy_tbl.obj (.text)
                  000009c8    00000018                                   : args_main.obj (.text)
                  000009e0    00000014                                   : _lock.obj (.text)
                  000009f4    0000000e                                   : copy_decompress_none.obj (.text:decompress:none)
                  00000a02    0000000c     tm4c123gh6pm_startup_ccs.obj (.text)
                  00000a0e    00000006     rtsv7M4_T_le_v4SPD16_eabi.lib : copy_decompress_rle.obj (.text:decompress:rle24)
                  00000a14    00000004                                   : pre_init.obj (.text)

.const     0    00000a18    00000050     
                  00000a18    00000050     main.obj (.const:$P$T0$1)

.cinit     0    00000a68    00000028     
                  00000a68    00000016     (.cinit..data.load) [load image, compression = rle]
                  00000a7e    00000002     --HOLE-- [fill = 0]
                  00000a80    00000008     (__TI_handler_table)
                  00000a88    00000008     (__TI_cinit_table)

.init_array 
*          0    00000000    00000000     UNINITIALIZED

.stack     0    20000000    00000200     UNINITIALIZED
                  20000000    00000200     --HOLE--

.data      0    20000200    00000018     UNINITIALIZED
                  20000200    0000000c     rtsv7M4_T_le_v4SPD16_eabi.lib : exit.obj (.data:$O1$$)
                  2000020c    00000008                                   : _lock.obj (.data:$O1$$)
                  20000214    00000004                                   : stkdepth_vars.obj (.data)

MODULE SUMMARY

       Module                         code   ro data   rw data
       ------                         ----   -------   -------
    .\
       main.obj                       1140   80        0      
       tm4c123gh6pm_startup_ccs.obj   12     620       0      
    +--+------------------------------+------+---------+---------+
       Total:                         1152   700       0      
                                                              
    C:\ti\ccsv6\tools\compiler\ti-cgt-arm_15.12.1.LTS\lib\rtsv7M4_T_le_v4SPD16_eabi.lib
       memcpy_t2.obj                  156    0         0      
       memset_t2.obj                  122    0         0      
       autoinit.obj                   112    0         0      
       copy_decompress_rle.obj        112    0         0      
       exit.obj                       84     0         12     
       boot.obj                       84     0         0      
       cpy_tbl.obj                    76     0         0      
       _lock.obj                      20     0         8      
       args_main.obj                  24     0         0      
       copy_decompress_none.obj       14     0         0      
       pre_init.obj                   4      0         0      
       stkdepth_vars.obj              0      0         4      
       mpu_init.obj                   2      0         0      
       startup.obj                    2      0         0      
    +--+------------------------------+------+---------+---------+
       Total:                         812    0         24     
                                                              
       Stack:                         0      0         512    
       Linker Generated:              0      38        0      
    +--+------------------------------+------+---------+---------+
       Grand Total:                   1964   738       536    


LINKER GENERATED COPY TABLES

__TI_cinit_table @ 00000a88 records: 1, size/record: 8, table size: 8
	.data: load addr=00000a68, load size=00000016 bytes, run addr=20000200, run size=00000018 bytes, compression=rle


LINKER GENERATED HANDLER TABLE

__TI_handler_table @ 00000a80 records: 2, size/record: 4, table size: 8
	index: 0, handler: __TI_decompress_rle24
	index: 1, handler: __TI_decompress_none


GLOBAL SYMBOLS: SORTED ALPHABETICALLY BY Name 

address   name                           
-------   ----                           
00000929  C$$EXIT                        
00000a03  ResetISR                       
UNDEFED   SHT$$INIT_ARRAY$$Base          
UNDEFED   SHT$$INIT_ARRAY$$Limit         
20000200  __STACK_END                    
00000200  __STACK_SIZE                   
20000200  __STACK_TOP                    
00000a88  __TI_CINIT_Base                
00000a90  __TI_CINIT_Limit               
00000a80  __TI_Handler_Table_Base        
00000a88  __TI_Handler_Table_Limit       
000007f9  __TI_auto_init                 
20000200  __TI_cleanup_ptr               
000009f5  __TI_decompress_none           
00000a0f  __TI_decompress_rle24          
20000204  __TI_dtors_ptr                 
20000208  __TI_enable_exit_profile_output
ffffffff  __TI_pprof_out_hndl            
ffffffff  __TI_prof_data_size            
ffffffff  __TI_prof_data_start           
00000000  __TI_static_base__             
0000077d  __aeabi_memclr                 
0000077d  __aeabi_memclr4                
0000077d  __aeabi_memclr8                
000006e1  __aeabi_memcpy                 
000006e1  __aeabi_memcpy4                
000006e1  __aeabi_memcpy8                
0000077f  __aeabi_memset                 
0000077f  __aeabi_memset4                
0000077f  __aeabi_memset8                
ffffffff  __binit__                      
ffffffff  __c_args__                     
000007f7  __mpu_init                     
20000000  __stack                        
000009c9  _args_main                     
000008d5  _c_int00                       
2000020c  _lock                          
000009ef  _nop                           
000009e7  _register_lock                 
000009e1  _register_unlock               
000008d3  _system_post_cinit             
00000a15  _system_pre_init               
20000210  _unlock                        
0000092d  abort                          
ffffffff  binit                          
0000097d  copy_in                        
0000041f  esperaBotao                    
00000935  exit                           
00000000  g_pfnVectors                   
00000309  ligaAmarelo                    
0000026d  ligaAzul                       
000002bb  ligaVermelho                   
000004d5  main                           
20000214  main_func_sp                   
000006e1  memcpy                         
00000785  memset                         
000003bb  perdeu                         
00000357  venceu                         


GLOBAL SYMBOLS: SORTED BY Symbol Address 

address   name                           
-------   ----                           
00000000  __TI_static_base__             
00000000  g_pfnVectors                   
00000200  __STACK_SIZE                   
0000026d  ligaAzul                       
000002bb  ligaVermelho                   
00000309  ligaAmarelo                    
00000357  venceu                         
000003bb  perdeu                         
0000041f  esperaBotao                    
000004d5  main                           
000006e1  __aeabi_memcpy                 
000006e1  __aeabi_memcpy4                
000006e1  __aeabi_memcpy8                
000006e1  memcpy                         
0000077d  __aeabi_memclr                 
0000077d  __aeabi_memclr4                
0000077d  __aeabi_memclr8                
0000077f  __aeabi_memset                 
0000077f  __aeabi_memset4                
0000077f  __aeabi_memset8                
00000785  memset                         
000007f7  __mpu_init                     
000007f9  __TI_auto_init                 
000008d3  _system_post_cinit             
000008d5  _c_int00                       
00000929  C$$EXIT                        
0000092d  abort                          
00000935  exit                           
0000097d  copy_in                        
000009c9  _args_main                     
000009e1  _register_unlock               
000009e7  _register_lock                 
000009ef  _nop                           
000009f5  __TI_decompress_none           
00000a03  ResetISR                       
00000a0f  __TI_decompress_rle24          
00000a15  _system_pre_init               
00000a80  __TI_Handler_Table_Base        
00000a88  __TI_CINIT_Base                
00000a88  __TI_Handler_Table_Limit       
00000a90  __TI_CINIT_Limit               
20000000  __stack                        
20000200  __STACK_END                    
20000200  __STACK_TOP                    
20000200  __TI_cleanup_ptr               
20000204  __TI_dtors_ptr                 
20000208  __TI_enable_exit_profile_output
2000020c  _lock                          
20000210  _unlock                        
20000214  main_func_sp                   
ffffffff  __TI_pprof_out_hndl            
ffffffff  __TI_prof_data_size            
ffffffff  __TI_prof_data_start           
ffffffff  __binit__                      
ffffffff  __c_args__                     
ffffffff  binit                          
UNDEFED   SHT$$INIT_ARRAY$$Base          
UNDEFED   SHT$$INIT_ARRAY$$Limit         

[58 symbols]
